Component: ARM Compiler 5.06 update 6 (build 750) Tool: armlink [4d35ed]

==============================================================================

Section Cross References

    startup_stm32h723xx.o(STACK) refers (Special) to heapauxi.o(.text) for __use_two_region_memory
    startup_stm32h723xx.o(HEAP) refers (Special) to heapauxi.o(.text) for __use_two_region_memory
    startup_stm32h723xx.o(RESET) refers (Special) to heapauxi.o(.text) for __use_two_region_memory
    startup_stm32h723xx.o(RESET) refers to startup_stm32h723xx.o(STACK) for __initial_sp
    startup_stm32h723xx.o(RESET) refers to startup_stm32h723xx.o(.text) for Reset_Handler
    startup_stm32h723xx.o(RESET) refers to stm32h7xx_it.o(i.NMI_Handler) for NMI_Handler
    startup_stm32h723xx.o(RESET) refers to stm32h7xx_it.o(i.HardFault_Handler) for HardFault_Handler
    startup_stm32h723xx.o(RESET) refers to stm32h7xx_it.o(i.MemManage_Handler) for MemManage_Handler
    startup_stm32h723xx.o(RESET) refers to stm32h7xx_it.o(i.BusFault_Handler) for BusFault_Handler
    startup_stm32h723xx.o(RESET) refers to stm32h7xx_it.o(i.UsageFault_Handler) for UsageFault_Handler
    startup_stm32h723xx.o(RESET) refers to stm32h7xx_it.o(i.SVC_Handler) for SVC_Handler
    startup_stm32h723xx.o(RESET) refers to stm32h7xx_it.o(i.DebugMon_Handler) for DebugMon_Handler
    startup_stm32h723xx.o(RESET) refers to stm32h7xx_it.o(i.PendSV_Handler) for PendSV_Handler
    startup_stm32h723xx.o(RESET) refers to stm32h7xx_it.o(i.SysTick_Handler) for SysTick_Handler
    startup_stm32h723xx.o(RESET) refers to stm32h7xx_it.o(i.EXTI0_IRQHandler) for EXTI0_IRQHandler
    startup_stm32h723xx.o(RESET) refers to stm32h7xx_it.o(i.DMA1_Stream0_IRQHandler) for DMA1_Stream0_IRQHandler
    startup_stm32h723xx.o(RESET) refers to stm32h7xx_it.o(i.DMA1_Stream1_IRQHandler) for DMA1_Stream1_IRQHandler
    startup_stm32h723xx.o(RESET) refers to stm32h7xx_it.o(i.DMA1_Stream2_IRQHandler) for DMA1_Stream2_IRQHandler
    startup_stm32h723xx.o(RESET) refers to stm32h7xx_it.o(i.DMA1_Stream3_IRQHandler) for DMA1_Stream3_IRQHandler
    startup_stm32h723xx.o(RESET) refers to stm32h7xx_it.o(i.DMA1_Stream4_IRQHandler) for DMA1_Stream4_IRQHandler
    startup_stm32h723xx.o(RESET) refers to stm32h7xx_it.o(i.DMA1_Stream5_IRQHandler) for DMA1_Stream5_IRQHandler
    startup_stm32h723xx.o(RESET) refers to stm32h7xx_it.o(i.DMA1_Stream6_IRQHandler) for DMA1_Stream6_IRQHandler
    startup_stm32h723xx.o(RESET) refers to stm32h7xx_it.o(i.FDCAN1_IT0_IRQHandler) for FDCAN1_IT0_IRQHandler
    startup_stm32h723xx.o(RESET) refers to stm32h7xx_it.o(i.FDCAN2_IT0_IRQHandler) for FDCAN2_IT0_IRQHandler
    startup_stm32h723xx.o(RESET) refers to stm32h7xx_it.o(i.TIM1_UP_IRQHandler) for TIM1_UP_IRQHandler
    startup_stm32h723xx.o(RESET) refers to stm32h7xx_it.o(i.SPI2_IRQHandler) for SPI2_IRQHandler
    startup_stm32h723xx.o(RESET) refers to stm32h7xx_it.o(i.USART1_IRQHandler) for USART1_IRQHandler
    startup_stm32h723xx.o(RESET) refers to stm32h7xx_it.o(i.EXTI15_10_IRQHandler) for EXTI15_10_IRQHandler
    startup_stm32h723xx.o(RESET) refers to stm32h7xx_it.o(i.DMA1_Stream7_IRQHandler) for DMA1_Stream7_IRQHandler
    startup_stm32h723xx.o(RESET) refers to stm32h7xx_it.o(i.UART5_IRQHandler) for UART5_IRQHandler
    startup_stm32h723xx.o(RESET) refers to stm32h7xx_it.o(i.UART7_IRQHandler) for UART7_IRQHandler
    startup_stm32h723xx.o(RESET) refers to stm32h7xx_it.o(i.USART10_IRQHandler) for USART10_IRQHandler
    startup_stm32h723xx.o(RESET) refers to stm32h7xx_it.o(i.FDCAN3_IT0_IRQHandler) for FDCAN3_IT0_IRQHandler
    startup_stm32h723xx.o(.text) refers (Special) to heapauxi.o(.text) for __use_two_region_memory
    startup_stm32h723xx.o(.text) refers to system_stm32h7xx.o(i.SystemInit) for SystemInit
    startup_stm32h723xx.o(.text) refers to __main.o(!!!main) for __main
    startup_stm32h723xx.o(.text) refers to startup_stm32h723xx.o(HEAP) for Heap_Mem
    startup_stm32h723xx.o(.text) refers to startup_stm32h723xx.o(STACK) for Stack_Mem
    main_1.o(i._Z18SystemClock_Configv) refers to rt_memclr_w.o(.text) for __aeabi_memclr4
    main_1.o(i._Z18SystemClock_Configv) refers to stm32h7xx_hal_pwr_ex.o(i.HAL_PWREx_ConfigSupply) for HAL_PWREx_ConfigSupply
    main_1.o(i._Z18SystemClock_Configv) refers to stm32h7xx_hal_rcc.o(i.HAL_RCC_OscConfig) for HAL_RCC_OscConfig
    main_1.o(i._Z18SystemClock_Configv) refers to stm32h7xx_hal_rcc.o(i.HAL_RCC_ClockConfig) for HAL_RCC_ClockConfig
    main_1.o(i.main) refers to stm32h7xx_hal.o(i.HAL_Init) for HAL_Init
    main_1.o(i.main) refers to main_1.o(i._Z18SystemClock_Configv) for SystemClock_Config()
    main_1.o(i.main) refers to gpio.o(i.MX_GPIO_Init) for MX_GPIO_Init
    main_1.o(i.main) refers to dma.o(i.MX_DMA_Init) for MX_DMA_Init
    main_1.o(i.main) refers to fdcan.o(i.MX_FDCAN1_Init) for MX_FDCAN1_Init
    main_1.o(i.main) refers to tim.o(i.MX_TIM2_Init) for MX_TIM2_Init
    main_1.o(i.main) refers to usart.o(i.MX_UART5_Init) for MX_UART5_Init
[...]
    accel_dma_tx_buf                         0x240001c0   Data           9  bmi088.o(.data)
    gyro_scale_factor                        0x240001cc   Data          36  bmi088.o(.data)
    accel_scale_factor                       0x240001f0   Data          36  bmi088.o(.data)
    INS_quat                                 0x24000214   Data          16  bmi088.o(.data)
    cali_hook_fun                            0x24000224   Data          16  bmi088.o(.data)
    Judge_Data_TF                            0x2400023c   Data           1  judge.o(.data)
    my_game_result_t                         0x2400023d   Data           1  judge.o(.data)
    my_robot_hurt                            0x2400023e   Data           1  judge.o(.data)
    my_radar_mark_data_t                     0x2400023f   Data           1  judge.o(.data)
    my_radar_info_t                          0x24000240   Data           1  judge.o(.data)
    my_ext_referee_warning                   0x24000241   Data           3  judge.o(.data)
    my_dart_info_t                           0x24000244   Data           3  judge.o(.data)
    count_tem_1                              0x24000248   Data           4  judge.o(.data)
    count_tem_2                              0x2400024c   Data           4  judge.o(.data)
    my_event_data                            0x24000250   Data           4  judge.o(.data)
    my_rfid_status_t                         0x24000254   Data           4  judge.o(.data)
    my_projectile_allowance_t                0x24000258   Data           6  judge.o(.data)
    my_dart_client_cmd_t                     0x2400025e   Data           6  judge.o(.data)
    my_sentry_info_t                         0x24000264   Data           6  judge.o(.data)
    my_buff                                  0x2400026a   Data           7  judge.o(.data)
    my_shoot_data                            0x24000271   Data           7  judge.o(.data)
    my_power_heat_data                       0x24000278   Data          16  judge.o(.data)
    T_fin                                    0x24000288   Data           8  car_arm_control.o(.data)
    T_tran                                   0x24000290   Data           8  car_arm_control.o(.data)
    T_0_                                     0x24000298   Data           8  car_arm_control.o(.data)
    T_1_                                     0x240002a0   Data           8  car_arm_control.o(.data)
    T_2_                                     0x240002a8   Data           8  car_arm_control.o(.data)
    T_3_                                     0x240002b0   Data           8  car_arm_control.o(.data)
    LZ_speed_kd                              0x240002b8   Data           4  init_car_arm.o(.data)
    LZ_pos_kd                                0x240002bc   Data           4  init_car_arm.o(.data)
    LZ03_L_G                                 0x240002c0   Data           4  init_car_arm.o(.data)
    LZ03_Offset_elt                          0x240002c4   Data           4  init_car_arm.o(.data)
    LZ02_LZ03_L_G                            0x240002c8   Data           4  init_car_arm.o(.data)
    LZ02_Offset_elt                          0x240002cc   Data           4  init_car_arm.o(.data)
    Offset_k                                 0x240002d0   Data           4  init_car_arm.o(.data)
    hfdcan1                                  0x240002d4   Data         236  fdcan.o(.bss)
    hfdcan2                                  0x240003c0   Data         236  fdcan.o(.bss)
    hfdcan3                                  0x240004ac   Data         236  fdcan.o(.bss)
    hspi2                                    0x24000598   Data         180  spi.o(.bss)
    hdma_spi2_rx                             0x2400064c   Data         120  spi.o(.bss)
    hdma_spi2_tx                             0x240006c4   Data         120  spi.o(.bss)
    htim1                                    0x2400073c   Data         188  tim.o(.bss)
    htim2                                    0x240007f8   Data         188  tim.o(.bss)
    htim3                                    0x240008b4   Data         188  tim.o(.bss)
    huart5                                   0x24000970   Data         204  usart.o(.bss)
    huart7                                   0x24000a3c   Data         204  usart.o(.bss)
    huart1                                   0x24000b08   Data         204  usart.o(.bss)
    huart10                                  0x24000bd4   Data         204  usart.o(.bss)
    hdma_uart5_rx                            0x24000ca0   Data         120  usart.o(.bss)
    hdma_uart7_rx                            0x24000d18   Data         120  usart.o(.bss)
    hdma_uart7_tx                            0x24000d90   Data         120  usart.o(.bss)
    hdma_usart1_rx                           0x24000e08   Data         120  usart.o(.bss)
    hdma_usart10_rx                          0x24000e80   Data         120  usart.o(.bss)
    hdma_usart10_tx                          0x24000ef8   Data         120  usart.o(.bss)
    pFlash                                   0x24000f70   Data          28  stm32h7xx_hal_flash.o(.bss)
    WBUS_Remote                              0x24000f8c   Data          32  ifr_remote.o(.bss)
    FDCAN_Pointer                            0x24000fc4   Data          16  ifr_fdcan.o(.bss)
    ifr_sys_timestamp                        0x24000fd4   Data          12  ifr_sys_time.o(.bss)
    TIM_Pointer                              0x24000fe0   Data          60  ifr_tim.o(.bss)
    USART_Pointers                           0x2400101c   Data          44  ifr_usart.o(.bss)
    UART_Error_Count                         0x24001048   Data          44  ifr_usart.o(.bss)
    Remote_AnyType                           0x24001074   Data         768  receive_remote_ifr.o(.bss)
    data                                     0x24001374   Data          12  receive_remote_ifr.o(.bss)
    Angle_                                   0x24001380   Data          24  receive_remote_ifr.o(.bss)
    Radian_                                  0x24001398   Data          24  receive_remote_ifr.o(.bss)
    Custom_joint_Angle                       0x240013b0   Data          24  receive_remote_ifr.o(.bss)
    Custom_joint_Radian                      0x240013c8   Data          24  receive_remote_ifr.o(.bss)
    Judgment_Date_USART                      0x240013e0   Data         676  init_engine_car.o(.bss)
    IFR_USART7                               0x24001684   Data         676  init_engine_car.o(.bss)
    Custom_motor_target_Angle                0x24001928   Data          24  init_engine_car.o(.bss)
    Car_StateConfig                          0x24001940   Data          80  self_state_machine.o(.bss)
    Car_StateConfig_base                     0x24001990   Data         320  self_state_machine.o(.bss)
    Car_StateMachine                         0x24001ad0   Data          24  self_state_machine.o(.bss)
    Car_StateConfig_base1                    0x24001ae8   Data         320  self_state_machine.o(.bss)
    Car_StateMachine1                        0x24001c28   Data          20  self_state_machine.o(.bss)
    Engine_Basis_CAN1_Queue                  0x24001c3c   Data         264  car_basis_control.o(.bss)
    Engine_Basis_FDCAN1                      0x24001d44   Data         112  car_basis_control.o(.bss)
    DJ_Motor1                                0x24001db4   Data         152  car_basis_control.o(.bss)
    DJ_Motor2                                0x24001e4c   Data         152  car_basis_control.o(.bss)
    DJ_Motor3                                0x24001ee4   Data         152  car_basis_control.o(.bss)
    DJ_Motor4                                0x24001f7c   Data         152  car_basis_control.o(.bss)
    Basis_Move_Coordinate                    0x24002014   Data          12  car_basis_control.o(.bss)
    Direction_angle_PID                      0x24002020   Data          64  car_basis_control.o(.bss)
    INS_gyro                                 0x24002084   Data          12  bmi088.o(.bss)
    INS_accel                                0x24002090   Data          12  bmi088.o(.bss)
    IMU_Info                                 0x2400209c   Data          48  bmi088.o(.bss)
    cali_sensor                              0x2400216c   Data          52  bmi088.o(.bss)
    accel_offset                             0x240021a0   Data          12  bmi088.o(.bss)
    gyro_cali_offset                         0x240021ac   Data          12  bmi088.o(.bss)
    gyro_offset                              0x240021b8   Data          12  bmi088.o(.bss)
    bmi088_real_data                         0x240021c4   Data          36  bmi088.o(.bss)
    Temp_Pid                                 0x240021e8   Data          64  bmi088.o(.bss)
    accel_dma_rx_buf                         0x24002228   Data           9  bmi088.o(.bss)
    my_game_status                           0x24002288   Data          11  judge.o(.bss)
    my_game_robot_HP_t                       0x24002293   Data          32  judge.o(.bss)
    my_robot_status                          0x240022b3   Data          13  judge.o(.bss)
    my_robot_pos_t                           0x240022c0   Data          12  judge.o(.bss)
    my_ground_robot_position_t               0x240022cc   Data          40  judge.o(.bss)
    my_map_robot_data_t                      0x240022f4   Data          24  judge.o(.bss)
    my_map_data_t                            0x2400230c   Data         105  judge.o(.bss)
    my_custom_info_t                         0x24002375   Data          34  judge.o(.bss)
    my_remote_control_t                      0x24002397   Data          12  judge.o(.bss)
    Judge_data                               0x240023a3   Data          20  judge.o(.bss)
    arm_inverse_6dof                         0x240023b8   Data         276  car_arm_control.o(.bss)
    T_watch1                                 0x240024cc   Data          64  car_arm_control.o(.bss)
    Mechanical_arm_CAN2_Queue                0x2400250c   Data         264  init_car_arm.o(.bss)
    Mechanical_arm_CAN3_Queue                0x24002614   Data         264  init_car_arm.o(.bss)
    Mechanical_arm_FDCAN2                    0x2400271c   Data         112  init_car_arm.o(.bss)
    Mechanical_arm_FDCAN3                    0x2400278c   Data         112  init_car_arm.o(.bss)
    LZ01                                     0x240027fc   Data         352  init_car_arm.o(.bss)
    LZ02                                     0x2400295c   Data         352  init_car_arm.o(.bss)
    LZ03                                     0x24002abc   Data         352  init_car_arm.o(.bss)
    DM04                                     0x24002c1c   Data         264  init_car_arm.o(.bss)
    DM05                                     0x24002d24   Data         264  init_car_arm.o(.bss)
    DM06                                     0x24002e2c   Data         264  init_car_arm.o(.bss)
    __libspace_start                         0x24002f34   Data          96  libspace.o(.bss)
    __temporary_stack_top$libspace           0x24002f94   Data           0  libspace.o(.bss)



==============================================================================

Memory Map of the image

  Image Entry point : 0x080002cd

  Load Region LR_IROM1 (Base: 0x08000000, Size: 0x0000eb54, Max: 0x00100000, ABSOLUTE, COMPRESSED[0x0000e95c])

    Execution Region ER_IROM1 (Exec base: 0x08000000, Load base: 0x08000000, Size: 0x0000e880, Max: 0x00100000, ABSOLUTE)

    Exec Addr    Load Addr    Size         Type   Attr      Idx    E Section Name        Object

    0x08000000   0x08000000   0x000002cc   Data   RO            3    RESET               startup_stm32h723xx.o
    0x080002cc   0x080002cc   0x00000008   Code   RO         9631  * !!!main             c_w.l(__main.o)
    0x080002d4   0x080002d4   0x00000034   Code   RO        10253    !!!scatter          c_w.l(__scatter.o)
    0x08000308   0x08000308   0x0000005a   Code   RO        10251    !!dczerorl2         c_w.l(__dczerorl2.o)
    0x08000362   0x08000362   0x00000002   PAD
    0x08000364   0x08000364   0x0000001c   Code   RO        10255    !!handler_zi        c_w.l(__scatter_zi.o)
    0x08000380   0x08000380   0x00000002   Code   RO        10176    .ARM.Collect$$libinit$$00000000  c_w.l(libinit.o)
    0x08000382   0x08000382   0x00000004   Code   RO         9922    .ARM.Collect$$libinit$$00000001  c_w.l(libinit2.o)
    0x08000386   0x08000386   0x00000000   Code   RO         9925    .ARM.Collect$$libinit$$00000004  c_w.l(libinit2.o)
    0x08000386   0x08000386   0x00000008   Code   RO         9926    .ARM.Collect$$libinit$$00000005  c_w.l(libinit2.o)
    0x0800038e   0x0800038e   0x00000000   Code   RO         9928    .ARM.Collect$$libinit$$0000000A  c_w.l(libinit2.o)
    0x0800038e   0x0800038e   0x00000000   Code   RO         9930    .ARM.Collect$$libinit$$0000000C  c_w.l(libinit2.o)
    0x0800038e   0x0800038e   0x00000000   Code   RO         9932    .ARM.Collect$$libinit$$0000000E  c_w.l(libinit2.o)
    0x0800038e   0x0800038e   0x00000000   Code   RO         9935    .ARM.Collect$$libinit$$00000011  c_w.l(libinit2.o)
    0x0800038e   0x0800038e   0x00000000   Code   RO         9937    .ARM.Collect$$libinit$$00000013  c_w.l(libinit2.o)
    0x0800038e   0x0800038e   0x00000000   Code   RO         9939    .ARM.Collect$$libinit$$00000015  c_w.l(libinit2.o)
    0x0800038e   0x0800038e   0x00000000   Code   RO         9941    .ARM.Collect$$libinit$$00000017  c_w.l(libinit2.o)
    0x0800038e   0x0800038e   0x00000000   Code   RO         9943    .ARM.Collect$$libinit$$00000019  c_w.l(libinit2.o)
    0x0800038e   0x0800038e   0x00000000   Code   RO         9945    .ARM.Collect$$libinit$$0000001B  c_w.l(libinit2.o)
    0x0800038e   0x0800038e   0x00000000   Code   RO         9947    .ARM.Collect$$libinit$$0000001D  c_w.l(libinit2.o)
    0x0800038e   0x0800038e   0x00000000   Code   RO         9949    .ARM.Collect$$libinit$$0000001F  c_w.l(libinit2.o)
    0x0800038e   0x0800038e   0x00000000   Code   RO         9951    .ARM.Collect$$libinit$$00000021  c_w.l(libinit2.o)
    0x0800038e   0x0800038e   0x00000000   Code   RO         9953    .ARM.Collect$$libinit$$00000023  c_w.l(libinit2.o)
    0x0800038e   0x0800038e   0x00000000   Code   RO         9955    .ARM.Collect$$libinit$$00000025  c_w.l(libinit2.o)
    0x0800038e   0x0800038e   0x00000000   Code   RO         9959    .ARM.Collect$$libinit$$0000002C  c_w.l(libinit2.o)
    0x0800038e   0x0800038e   0x00000000   Code   RO         9961    .ARM.Collect$$libinit$$0000002E  c_w.l(libinit2.o)
    0x0800038e   0x0800038e   0x00000000   Code   RO         9963    .ARM.Collect$$libinit$$00000030  c_w.l(libinit2.o)
    0x0800038e   0x0800038e   0x00000004   Code   RO         9964    .ARM.Collect$$libinit$$00000031  c_w.l(libinit2.o)
    0x08000392   0x08000392   0x00000000   Code   RO         9965    .ARM.Collect$$libinit$$00000032  c_w.l(libinit2.o)
    0x08000392   0x08000392   0x00000002   Code   RO         9966    .ARM.Collect$$libinit$$00000033  c_w.l(libinit2.o)
    0x08000394   0x08000394   0x00000002   Code   RO        10236    .ARM.Collect$$libshutdown$$00000000  c_w.l(libshutdown.o)
    0x08000396   0x08000396   0x00000006   Code   RO        10083    .ARM.Collect$$libshutdown$$00000001  c_w.l(libshutdown2.o)
    0x0800039c   0x0800039c   0x00000000   Code   RO        10084    .ARM.Collect$$libshutdown$$00000002  c_w.l(libshutdown2.o)
    0x0800039c   0x0800039c   0x00000000   Code   RO        10086    .ARM.Collect$$libshutdown$$00000004  c_w.l(libshutdown2.o)
    0x0800039c   0x0800039c   0x00000000   Code   RO        10089    .ARM.Collect$$libshutdown$$00000007  c_w.l(libshutdown2.o)
    0x0800039c   0x0800039c   0x00000000   Code   RO        10092    .ARM.Collect$$libshutdown$$0000000A  c_w.l(libshutdown2.o)
    0x0800039c   0x0800039c   0x00000000   Code   RO        10094    .ARM.Collect$$libshutdown$$0000000C  c_w.l(libshutdown2.o)
    0x0800039c   0x0800039c   0x00000000   Code   RO        10097    .ARM.Collect$$libshutdown$$0000000F  c_w.l(libshutdown2.o)
    0x0800039c   0x0800039c   0x00000002   Code   RO        10098    .ARM.Collect$$libshutdown$$00000010  c_w.l(libshutdown2.o)
    0x0800039e   0x0800039e   0x00000000   Code   RO         9845    .ARM.Collect$$rtentry$$00000000  c_w.l(__rtentry.o)
    0x0800039e   0x0800039e   0x00000000   Code   RO        10028    .ARM.Collect$$rtentry$$00000002  c_w.l(__rtentry2.o)
    0x0800039e   0x0800039e   0x00000006   Code   RO        10040    .ARM.Collect$$rtentry$$00000004  c_w.l(__rtentry4.o)
    0x080003a4   0x080003a4   0x00000000   Code   RO        10030    .ARM.Collect$$rtentry$$00000009  c_w.l(__rtentry2.o)
    0x080003a4   0x080003a4   0x00000004   Code   RO        10031    .ARM.Collect$$rtentry$$0000000A  c_w.l(__rtentry2.o)
    0x080003a8   0x080003a8   0x00000000   Code   RO        10033    .ARM.Collect$$rtentry$$0000000C  c_w.l(__rtentry2.o)
    0x080003a8   0x080003a8   0x00000008   Code   RO        10034    .ARM.Collect$$rtentry$$0000000D  c_w.l(__rtentry2.o)
    0x080003b0   0x080003b0   0x00000002   Code   RO        10195    .ARM.Collect$$rtexit$$00000000  c_w.l(rtexit.o)
    0x080003b2   0x080003b2   0x00000000   Code   RO        10214    .ARM.Collect$$rtexit$$00000002  c_w.l(rtexit2.o)
    0x080003b2   0x080003b2   0x00000004   Code   RO        10215    .ARM.Collect$$rtexit$$00000003  c_w.l(rtexit2.o)
    0x080003b6   0x080003b6   0x00000006   Code   RO        10216    .ARM.Collect$$rtexit$$00000004  c_w.l(rtexit2.o)
    0x080003bc   0x080003bc   0x00000000   Code   RO        10146    .emb_text           c_w.l(maybetermalloc1.o)
    0x080003bc   0x080003bc   0x00000040   Code   RO            4    .text               startup_stm32h723xx.o
    0x080003fc   0x080003fc   0x000000ee   Code   RO         9609    .text               c_w.l(lludivv7m.o)
    0x080004ea   0x080004ea   0x0000002e   Code   RO         9614    .text               c_w.l(aeabi_atexit.o)
    0x08000518   0x08000518   0x0000008a   Code   RO         9617    .text               c_w.l(rt_memcpy_v6.o)
    0x080005a2   0x080005a2   0x00000064   Code   RO         9619    .text               c_w.l(rt_memcpy_w.o)
    0x08000606   0x08000606   0x00000016   Code   RO         9621    .text               c_w.l(memset.o)
    0x0800061c   0x0800061c   0x00000010   Code   RO         9623    .text               c_w.l(aeabi_memset.o)
    0x0800062c   0x0800062c   0x00000044   Code   RO         9625    .text               c_w.l(rt_memclr.o)
    0x08000670   0x08000670   0x0000004e   Code   RO         9627    .text               c_w.l(rt_memclr_w.o)
    0x080006be   0x080006be   0x00000006   Code   RO         9629    .text               c_w.l(heapauxi.o)
    0x080006c4   0x080006c4   0x00000024   Code   RO         9636    .text               c_w.l(init_aeabi.o)
    0x080006e8   0x080006e8   0x00000022   Code   RO         9755    .text               cpprt_w.l(aeabi_vec_dtor_noexceptions.o)
    0x0800070a   0x0800070a   0x00000002   PAD
    0x0800070c   0x0800070c   0x00000008   Code   RO         9853    .text               c_w.l(rt_ddtor_pointer_addr_intlibspace.o)
    0x08000714   0x08000714   0x0000005e   Code   RO         9859    .text               c_w.l(h1_alloc.o)
    0x08000772   0x08000772   0x0000004e   Code   RO         9861    .text               c_w.l(h1_free.o)
    0x080007c0   0x080007c0   0x00000016   Code   RO         9917    .text               c_w.l(_rserrno.o)
    0x080007d6   0x080007d6   0x00000042   Code   RO         9919    .text               c_w.l(cxa_finalize.o)
    0x08000818   0x08000818   0x00000008   Code   RO        10022    .text               c_w.l(libspace.o)
    0x08000820   0x08000820   0x00000008   Code   RO        10047    .text               c_w.l(rt_heap_descriptor_intlibspace.o)
    0x08000828   0x08000828   0x00000008   Code   RO        10052    .text               c_w.l(rt_new_handler_addr_intlibspace.o)
    0x08000830   0x08000830   0x00000008   Code   RO        10057    .text               c_w.l(rt_errno_addr_intlibspace.o)
    0x08000838   0x08000838   0x00000004   Code   RO        10059    .text               c_w.l(hguard.o)
    0x0800083c   0x0800083c   0x0000008a   Code   RO        10061    .text               c_w.l(init_alloc.o)
    0x080008c6   0x080008c6   0x0000000e   Code   RO        10065    .text               c_w.l(h1_init.o)
    0x080008d4   0x080008d4   0x00000004   Code   RO        10102    .text               cpprt_w.l(arm_newhandler_noexceptions.o)
    0x080008d8   0x080008d8   0x0000001a   Code   RO        10118    .text               cpprt_w.l(arm_exceptions_terminate.o)
    0x080008f2   0x080008f2   0x00000002   PAD
    0x080008f4   0x080008f4   0x00000050   Code   RO        10125    .text               cpprt_w.l(arm_exceptions_globs.o)
    0x08000944   0x08000944   0x0000004a   Code   RO        10137    .text               c_w.l(sys_stackheap_outer.o)
    0x0800098e   0x0800098e   0x00000002   PAD
    0x08000990   0x08000990   0x00000008   Code   RO        10142    .text               c_w.l(rt_eh_globals_addr_intlibspace.o)
    0x08000998   0x08000998   0x00000034   Code   RO        10148    .text               c_w.l(h1_extend.o)
    0x080009cc   0x080009cc   0x00000012   Code   RO        10152    .text               c_w.l(exit.o)
    0x080009de   0x080009de   0x00000016   Code   RO        10154    .text               c_w.l(abort.o)
    0x080009f4   0x080009f4   0x0000000e   Code   RO        10160    .text               c_w.l(defsig_rtmem_outer.o)
    0x08000a02   0x08000a02   0x0000003c   Code   RO        10180    .text               cpprt_w.l(arm_exceptions_mem.o)
    0x08000a3e   0x08000a3e   0x00000002   PAD
    0x08000a40   0x08000a40   0x0000000c   Code   RO        10190    .text               c_w.l(sys_exit.o)
    0x08000a4c   0x08000a4c   0x00000002   Code   RO        10192    .text               c_w.l(use_no_semi.o)
    0x08000a4e   0x08000a4e   0x00000000   Code   RO        10194    .text               c_w.l(indicate_semi.o)
    0x08000a4e   0x08000a4e   0x0000000a   Code   RO        10203    .text               c_w.l(defsig_exit.o)
    0x08000a58   0x08000a58   0x0000000e   Code   RO        10205    .text               c_w.l(defsig_abrt_outer.o)
    0x08000a66   0x08000a66   0x00000002   PAD
    0x08000a68   0x08000a68   0x00000050   Code   RO        10211    .text               c_w.l(defsig_rtmem_inner.o)
    0x08000ab8   0x08000ab8   0x00000032   Code   RO        10226    .text               c_w.l(defsig_general.o)
    0x08000aea   0x08000aea   0x00000002   PAD
    0x08000aec   0x08000aec   0x00000030   Code   RO        10228    .text               c_w.l(defsig_abrt_inner.o)
    0x08000b1c   0x08000b1c   0x0000000e   Code   RO        10230    .text               c_w.l(sys_wrch.o)
    0x08000b2a   0x08000b2a   0x00000002   PAD
    0x08000b2c   0x08000b2c   0x00000020   Code   RO         8790    i.AHRS_init         bmi088.o
    0x08000b4c   0x08000b4c   0x00000020   Code   RO         8791    i.AHRS_update       bmi088.o
    0x08000b6c   0x08000b6c   0x00000010   Code   RO         8792    i.BMI088_ACCEL_NS_H  bmi088.o
    0x08000b7c   0x08000b7c   0x00000010   Code   RO         8793    i.BMI088_ACCEL_NS_L  bmi088.o
    0x08000b8c   0x08000b8c   0x00000010   Code   RO         8794    i.BMI088_GYRO_NS_H  bmi088.o
    0x08000b9c   0x08000b9c   0x00000010   Code   RO         8795    i.BMI088_GYRO_NS_L  bmi088.o
    0x08000bac   0x08000bac   0x00000224   Code   RO         8796    i.BMI088_init       bmi088.o
    0x08000dd0   0x08000dd0   0x00000028   Code   RO         8797    i.BMI088_read_write_byte  bmi088.o
    0x08000df8   0x08000df8   0x00000002   Code   RO          822    i.BusFault_Handler  stm32h7xx_it.o
    0x08000dfa   0x08000dfa   0x00000002   PAD
    0x08000dfc   0x08000dfc   0x00000080   Code   RO         8798    i.Calibrate         bmi088.o
    0x08000e7c   0x08000e7c   0x0000000c   Code   RO          823    i.DMA1_Stream0_IRQHandler  stm32h7xx_it.o
    0x08000e88   0x08000e88   0x0000000c   Code   RO          824    i.DMA1_Stream1_IRQHandler  stm32h7xx_it.o
    0x08000e94   0x08000e94   0x0000000c   Code   RO          825    i.DMA1_Stream2_IRQHandler  stm32h7xx_it.o
    0x08000ea0   0x08000ea0   0x0000000c   Code   RO          826    i.DMA1_Stream3_IRQHandler  stm32h7xx_it.o
    0x08000eac   0x08000eac   0x0000000c   Code   RO          827    i.DMA1_Stream4_IRQHandler  stm32h7xx_it.o
    0x08000eb8   0x08000eb8   0x0000000c   Code   RO          828    i.DMA1_Stream5_IRQHandler  stm32h7xx_it.o
    0x08000ec4   0x08000ec4   0x0000000c   Code   RO          829    i.DMA1_Stream6_IRQHandler  stm32h7xx_it.o
    0x08000ed0   0x08000ed0   0x0000000c   Code   RO          830    i.DMA1_Stream7_IRQHandler  stm32h7xx_it.o
    0x08000edc   0x08000edc   0x000000b4   Code   RO         2571    i.DMA_CalcBaseAndBitshift  stm32h7xx_hal_dma.o
    0x08000f90   0x08000f90   0x0000009c   Code   RO         2572    i.DMA_CalcDMAMUXChannelBaseAndMask  stm32h7xx_hal_dma.o
    0x0800102c   0x0800102c   0x00000074   Code   RO         2573    i.DMA_CalcDMAMUXRequestGenBaseAndMask  stm32h7xx_hal_dma.o
    0x080010a0   0x080010a0   0x00000054   Code   RO         2574    i.DMA_CheckFifoParam  stm32h7xx_hal_dma.o
    0x080010f4   0x080010f4   0x00000220   Code   RO         2575    i.DMA_SetConfig     stm32h7xx_hal_dma.o
    0x08001314   0x08001314   0x0000007c   Code   RO         6236    i.DT7_Key_Analysis  ifr_remote.o
    0x08001390   0x08001390   0x0000009c   Code   RO         6237    i.DT7_RemoteAndKeyboard_Analysis  ifr_remote.o
    0x0800142c   0x0800142c   0x00000002   Code   RO          831    i.DebugMon_Handler  stm32h7xx_it.o
    0x0800142e   0x0800142e   0x00000006   Code   RO          832    i.EXTI0_IRQHandler  stm32h7xx_it.o
    0x08001434   0x08001434   0x00000016   Code   RO          833    i.EXTI15_10_IRQHandler  stm32h7xx_it.o
    0x0800144a   0x0800144a   0x00000004   Code   RO           13    i.Error_Handler     main_1.o
    0x0800144e   0x0800144e   0x00000002   PAD
    0x08001450   0x08001450   0x0000000c   Code   RO          834    i.FDCAN1_IT0_IRQHandler  stm32h7xx_it.o
    0x0800145c   0x0800145c   0x0000000c   Code   RO          835    i.FDCAN2_IT0_IRQHandler  stm32h7xx_it.o
    0x08001468   0x08001468   0x0000000c   Code   RO          836    i.FDCAN3_IT0_IRQHandler  stm32h7xx_it.o
    0x08001474   0x08001474   0x000001c8   Code   RO         1189    i.FDCAN_CalculateRamBlockAddresses  stm32h7xx_hal_fdcan.o
    0x0800163c   0x0800163c   0x0000006c   Code   RO         1190    i.FDCAN_CopyMessageToRAM  stm32h7xx_hal_fdcan.o
    0x080016a8   0x080016a8   0x00000024   Code   RO         2345    i.FLASH_Erase_Sector  stm32h7xx_hal_flash_ex.o
    0x080016cc   0x080016cc   0x00000024   Code   RO         2346    i.FLASH_MassErase   stm32h7xx_hal_flash_ex.o
    0x080016f0   0x080016f0   0x00000078   Code   RO         2239    i.FLASH_WaitForLastOperation  stm32h7xx_hal_flash.o
    0x08001768   0x08001768   0x00000360   Code   RO         2576    i.HAL_DMA_Abort     stm32h7xx_hal_dma.o
    0x08001ac8   0x08001ac8   0x0000021c   Code   RO         2577    i.HAL_DMA_Abort_IT  stm32h7xx_hal_dma.o
    0x08001ce4   0x08001ce4   0x000001e8   Code   RO         2578    i.HAL_DMA_DeInit    stm32h7xx_hal_dma.o
    0x08001ecc   0x08001ecc   0x00000004   Code   RO         2579    i.HAL_DMA_GetError  stm32h7xx_hal_dma.o
    0x08001ed0   0x08001ed0   0x000006e8   Code   RO         2581    i.HAL_DMA_IRQHandler  stm32h7xx_hal_dma.o
    0x080025b8   0x080025b8   0x000003bc   Code   RO         2582    i.HAL_DMA_Init      stm32h7xx_hal_dma.o
    0x08002974   0x08002974   0x0000029c   Code   RO         2586    i.HAL_DMA_Start_IT  stm32h7xx_hal_dma.o
    0x08002c10   0x08002c10   0x00000024   Code   RO         3273    i.HAL_Delay         stm32h7xx_hal.o
    0x08002c34   0x08002c34   0x00000088   Code   RO         1192    i.HAL_FDCAN_ActivateNotification  stm32h7xx_hal_fdcan.o
    0x08002cbc   0x08002cbc   0x00000066   Code   RO         1194    i.HAL_FDCAN_AddMessageToTxFifoQ  stm32h7xx_hal_fdcan.o
    0x08002d22   0x08002d22   0x00000002   Code   RO         1195    i.HAL_FDCAN_ClockCalibrationCallback  stm32h7xx_hal_fdcan.o
    0x08002d24   0x08002d24   0x0000007e   Code   RO         1199    i.HAL_FDCAN_ConfigFilter  stm32h7xx_hal_fdcan.o
    0x08002da2   0x08002da2   0x00000032   Code   RO         1200    i.HAL_FDCAN_ConfigGlobalFilter  stm32h7xx_hal_fdcan.o
    0x08002dd4   0x08002dd4   0x00000080   Code   RO         1208    i.HAL_FDCAN_DeactivateNotification  stm32h7xx_hal_fdcan.o
    0x08002e54   0x08002e54   0x00000002   Code   RO         1221    i.HAL_FDCAN_ErrorCallback  stm32h7xx_hal_fdcan.o
    0x08002e56   0x08002e56   0x00000002   Code   RO         1222    i.HAL_FDCAN_ErrorStatusCallback  stm32h7xx_hal_fdcan.o
    0x08002e58   0x08002e58   0x000001a0   Code   RO         1233    i.HAL_FDCAN_GetRxMessage  stm32h7xx_hal_fdcan.o
    0x08002ff8   0x08002ff8   0x0000000c   Code   RO         1238    i.HAL_FDCAN_GetTxFifoFreeLevel  stm32h7xx_hal_fdcan.o
    0x08003004   0x08003004   0x00000002   Code   RO         1239    i.HAL_FDCAN_HighPriorityMessageCallback  stm32h7xx_hal_fdcan.o
    0x08003006   0x08003006   0x00000002   PAD
    0x08003008   0x08003008   0x00000348   Code   RO         1240    i.HAL_FDCAN_IRQHandler  stm32h7xx_hal_fdcan.o
    0x08003350   0x08003350   0x000002ec   Code   RO         1241    i.HAL_FDCAN_Init    stm32h7xx_hal_fdcan.o
    0x0800363c   0x0800363c   0x0000019c   Code   RO          606    i.HAL_FDCAN_MspInit  fdcan.o
    0x080037d8   0x080037d8   0x00000082   Code   RO         1247    i.HAL_FDCAN_RegisterCallback  stm32h7xx_hal_fdcan.o
    0x0800385a   0x0800385a   0x00000036   Code   RO         1250    i.HAL_FDCAN_RegisterRxFifo0Callback  stm32h7xx_hal_fdcan.o
    0x08003890   0x08003890   0x00000002   Code   RO         1262    i.HAL_FDCAN_RxBufferNewMessageCallback  stm32h7xx_hal_fdcan.o
    0x08003892   0x08003892   0x00000002   Code   RO         1263    i.HAL_FDCAN_RxFifo0Callback  stm32h7xx_hal_fdcan.o
    0x08003894   0x08003894   0x00000002   Code   RO         1264    i.HAL_FDCAN_RxFifo1Callback  stm32h7xx_hal_fdcan.o
    0x08003896   0x08003896   0x00000032   Code   RO         1265    i.HAL_FDCAN_Start   stm32h7xx_hal_fdcan.o
    0x080038c8   0x080038c8   0x00000002   Code   RO         1287    i.HAL_FDCAN_TT_GlobalTimeCallback  stm32h7xx_hal_fdcan.o
    0x080038ca   0x080038ca   0x00000002   Code   RO         1288    i.HAL_FDCAN_TT_ScheduleSyncCallback  stm32h7xx_hal_fdcan.o
    0x080038cc   0x080038cc   0x00000002   Code   RO         1293    i.HAL_FDCAN_TT_StopWatchCallback  stm32h7xx_hal_fdcan.o
    0x080038ce   0x080038ce   0x00000002   Code   RO         1294    i.HAL_FDCAN_TT_TimeMarkCallback  stm32h7xx_hal_fdcan.o
    0x080038d0   0x080038d0   0x00000002   Code   RO         1295    i.HAL_FDCAN_TimeoutOccurredCallback  stm32h7xx_hal_fdcan.o
    0x080038d2   0x080038d2   0x00000002   Code   RO         1296    i.HAL_FDCAN_TimestampWraparoundCallback  stm32h7xx_hal_fdcan.o
    0x080038d4   0x080038d4   0x00000002   Code   RO         1297    i.HAL_FDCAN_TxBufferAbortCallback  stm32h7xx_hal_fdcan.o
    0x080038d6   0x080038d6   0x00000002   Code   RO         1298    i.HAL_FDCAN_TxBufferCompleteCallback  stm32h7xx_hal_fdcan.o
    0x080038d8   0x080038d8   0x00000002   Code   RO         1299    i.HAL_FDCAN_TxEventFifoCallback  stm32h7xx_hal_fdcan.o
    0x080038da   0x080038da   0x00000002   Code   RO         1300    i.HAL_FDCAN_TxFifoEmptyCallback  stm32h7xx_hal_fdcan.o
    0x080038dc   0x080038dc   0x000000c4   Code   RO         2349    i.HAL_FLASHEx_Erase  stm32h7xx_hal_flash_ex.o
    0x080039a0   0x080039a0   0x0000001c   Code   RO         2243    i.HAL_FLASH_Lock    stm32h7xx_hal_flash.o
    0x080039bc   0x080039bc   0x00000094   Code   RO         2248    i.HAL_FLASH_Program  stm32h7xx_hal_flash.o
    0x08003a50   0x08003a50   0x0000002c   Code   RO         2250    i.HAL_FLASH_Unlock  stm32h7xx_hal_flash.o
    0x08003a7c   0x08003a7c   0x00000160   Code   RO         2421    i.HAL_GPIO_DeInit   stm32h7xx_hal_gpio.o
    0x08003bdc   0x08003bdc   0x00000044   Code   RO         8799    i.HAL_GPIO_EXTI_Callback  bmi088.o
    0x08003c20   0x08003c20   0x00000018   Code   RO         2423    i.HAL_GPIO_EXTI_IRQHandler  stm32h7xx_hal_gpio.o
    0x08003c38   0x08003c38   0x00000224   Code   RO         2424    i.HAL_GPIO_Init     stm32h7xx_hal_gpio.o
    0x08003e5c   0x08003e5c   0x0000000a   Code   RO         2428    i.HAL_GPIO_WritePin  stm32h7xx_hal_gpio.o
    0x08003e66   0x08003e66   0x00000002   PAD
    0x08003e68   0x08003e68   0x0000000c   Code   RO         3289    i.HAL_GetTick       stm32h7xx_hal.o
    0x08003e74   0x08003e74   0x00000010   Code   RO         3295    i.HAL_IncTick       stm32h7xx_hal.o
    0x08003e84   0x08003e84   0x0000005c   Code   RO         3296    i.HAL_Init          stm32h7xx_hal.o
    0x08003ee0   0x08003ee0   0x00000040   Code   RO         3297    i.HAL_InitTick      stm32h7xx_hal.o
    0x08003f20   0x08003f20   0x0000001c   Code   RO         1012    i.HAL_MspInit       stm32h7xx_hal_msp.o
    0x08003f3c   0x08003f3c   0x00000022   Code   RO         1043    i.HAL_NVIC_DisableIRQ  stm32h7xx_hal_cortex.o
    0x08003f5e   0x08003f5e   0x0000001a   Code   RO         1044    i.HAL_NVIC_EnableIRQ  stm32h7xx_hal_cortex.o
    0x08003f78   0x08003f78   0x00000040   Code   RO         1050    i.HAL_NVIC_SetPriority  stm32h7xx_hal_cortex.o
    0x08003fb8   0x08003fb8   0x00000024   Code   RO         1051    i.HAL_NVIC_SetPriorityGrouping  stm32h7xx_hal_cortex.o
    0x08003fdc   0x08003fdc   0x00000054   Code   RO         3025    i.HAL_PWREx_ConfigSupply  stm32h7xx_hal_pwr_ex.o
    0x08004030   0x08004030   0x00000024   Code   RO         2067    i.HAL_RCCEx_GetD3PCLK1Freq  stm32h7xx_hal_rcc_ex.o
    0x08004054   0x08004054   0x00000144   Code   RO         2069    i.HAL_RCCEx_GetPLL2ClockFreq  stm32h7xx_hal_rcc_ex.o
    0x08004198   0x08004198   0x00000144   Code   RO         2070    i.HAL_RCCEx_GetPLL3ClockFreq  stm32h7xx_hal_rcc_ex.o
    0x080042dc   0x080042dc   0x0000093a   Code   RO         2076    i.HAL_RCCEx_PeriphCLKConfig  stm32h7xx_hal_rcc_ex.o
    0x08004c16   0x08004c16   0x00000002   PAD
    0x08004c18   0x08004c18   0x0000025c   Code   RO         1952    i.HAL_RCC_ClockConfig  stm32h7xx_hal_rcc.o
    0x08004e74   0x08004e74   0x00000044   Code   RO         1957    i.HAL_RCC_GetHCLKFreq  stm32h7xx_hal_rcc.o
    0x08004eb8   0x08004eb8   0x00000024   Code   RO         1959    i.HAL_RCC_GetPCLK1Freq  stm32h7xx_hal_rcc.o
    0x08004edc   0x08004edc   0x00000024   Code   RO         1960    i.HAL_RCC_GetPCLK2Freq  stm32h7xx_hal_rcc.o
    0x08004f00   0x08004f00   0x00000138   Code   RO         1961    i.HAL_RCC_GetSysClockFreq  stm32h7xx_hal_rcc.o
    0x08005038   0x08005038   0x00000526   Code   RO         1964    i.HAL_RCC_OscConfig  stm32h7xx_hal_rcc.o
    0x0800555e   0x0800555e   0x00000002   Code   RO         4213    i.HAL_SPI_AbortCpltCallback  stm32h7xx_hal_spi.o
    0x08005560   0x08005560   0x00000010   Code   RO         4217    i.HAL_SPI_DMAStop   stm32h7xx_hal_spi.o
    0x08005570   0x08005570   0x00000064   Code   RO         8800    i.HAL_SPI_ErrorCallback  bmi088.o
    0x080055d4   0x080055d4   0x00000220   Code   RO         4222    i.HAL_SPI_IRQHandler  stm32h7xx_hal_spi.o
    0x080057f4   0x080057f4   0x000001dc   Code   RO         4223    i.HAL_SPI_Init      stm32h7xx_hal_spi.o
    0x080059d0   0x080059d0   0x00000120   Code   RO          661    i.HAL_SPI_MspInit   spi.o
    0x08005af0   0x08005af0   0x00000002   Code   RO         4230    i.HAL_SPI_RxCpltCallback  stm32h7xx_hal_spi.o
    0x08005af2   0x08005af2   0x00000002   Code   RO         4231    i.HAL_SPI_RxHalfCpltCallback  stm32h7xx_hal_spi.o
    0x08005af4   0x08005af4   0x00000002   Code   RO         4232    i.HAL_SPI_SuspendCallback  stm32h7xx_hal_spi.o
    0x08005af6   0x08005af6   0x00000002   PAD
    0x08005af8   0x08005af8   0x00000348   Code   RO         4234    i.HAL_SPI_TransmitReceive  stm32h7xx_hal_spi.o
    0x08005e40   0x08005e40   0x00000200   Code   RO         4235    i.HAL_SPI_TransmitReceive_DMA  stm32h7xx_hal_spi.o
    0x08006040   0x08006040   0x00000002   Code   RO         4239    i.HAL_SPI_TxCpltCallback  stm32h7xx_hal_spi.o
    0x08006042   0x08006042   0x00000002   Code   RO         4240    i.HAL_SPI_TxHalfCpltCallback  stm32h7xx_hal_spi.o
    0x08006044   0x08006044   0x00000090   Code   RO         8801    i.HAL_SPI_TxRxCpltCallback  bmi088.o
    0x080060d4   0x080060d4   0x00000002   Code   RO         4242    i.HAL_SPI_TxRxHalfCpltCallback  stm32h7xx_hal_spi.o
    0x080060d6   0x080060d6   0x00000002   PAD
    0x080060d8   0x080060d8   0x00000010   Code   RO         3303    i.HAL_SYSCFG_AnalogSwitchConfig  stm32h7xx_hal.o
    0x080060e8   0x080060e8   0x00000026   Code   RO         1055    i.HAL_SYSTICK_Config  stm32h7xx_hal_cortex.o
    0x0800610e   0x0800610e   0x00000002   Code   RO         5287    i.HAL_TIMEx_Break2Callback  stm32h7xx_hal_tim_ex.o
    0x08006110   0x08006110   0x00000002   Code   RO         5288    i.HAL_TIMEx_BreakCallback  stm32h7xx_hal_tim_ex.o
    0x08006112   0x08006112   0x00000002   Code   RO         5289    i.HAL_TIMEx_CommutCallback  stm32h7xx_hal_tim_ex.o
    0x08006114   0x08006114   0x00000002   Code   RO         5290    i.HAL_TIMEx_CommutHalfCpltCallback  stm32h7xx_hal_tim_ex.o
    0x08006116   0x08006116   0x00000002   PAD
    0x08006118   0x08006118   0x000000b8   Code   RO         5310    i.HAL_TIMEx_MasterConfigSynchronization  stm32h7xx_hal_tim_ex.o
    0x080061d0   0x080061d0   0x00000074   Code   RO         4555    i.HAL_TIM_Base_Init  stm32h7xx_hal_tim.o
    0x08006244   0x08006244   0x00000070   Code   RO          703    i.HAL_TIM_Base_MspInit  tim.o
    0x080062b4   0x080062b4   0x000000a0   Code   RO         4560    i.HAL_TIM_Base_Start_IT  stm32h7xx_hal_tim.o
    0x08006354   0x08006354   0x000000fc   Code   RO         4564    i.HAL_TIM_ConfigClockSource  stm32h7xx_hal_tim.o
    0x08006450   0x08006450   0x00000002   Code   RO         4585    i.HAL_TIM_ErrorCallback  stm32h7xx_hal_tim.o
    0x08006452   0x08006452   0x00000002   Code   RO         4589    i.HAL_TIM_IC_CaptureCallback  stm32h7xx_hal_tim.o
    0x08006454   0x08006454   0x00000002   Code   RO         4590    i.HAL_TIM_IC_CaptureHalfCpltCallback  stm32h7xx_hal_tim.o
    0x08006456   0x08006456   0x00000162   Code   RO         4603    i.HAL_TIM_IRQHandler  stm32h7xx_hal_tim.o
    0x080065b8   0x080065b8   0x00000050   Code   RO          704    i.HAL_TIM_MspPostInit  tim.o
    0x08006608   0x08006608   0x00000002   Code   RO         4606    i.HAL_TIM_OC_DelayElapsedCallback  stm32h7xx_hal_tim.o
    0x0800660a   0x0800660a   0x00000124   Code   RO         4627    i.HAL_TIM_PWM_ConfigChannel  stm32h7xx_hal_tim.o
    0x0800672e   0x0800672e   0x00000002   PAD
    0x08006730   0x08006730   0x00000074   Code   RO         4630    i.HAL_TIM_PWM_Init  stm32h7xx_hal_tim.o
    0x080067a4   0x080067a4   0x00000002   Code   RO         4632    i.HAL_TIM_PWM_MspInit  stm32h7xx_hal_tim.o
    0x080067a6   0x080067a6   0x00000002   Code   RO         4633    i.HAL_TIM_PWM_PulseFinishedCallback  stm32h7xx_hal_tim.o
    0x080067a8   0x080067a8   0x00000002   Code   RO         4634    i.HAL_TIM_PWM_PulseFinishedHalfCpltCallback  stm32h7xx_hal_tim.o
    0x080067aa   0x080067aa   0x00000002   PAD
    0x080067ac   0x080067ac   0x00000124   Code   RO         4635    i.HAL_TIM_PWM_Start  stm32h7xx_hal_tim.o
    0x080068d0   0x080068d0   0x00000002   Code   RO         4641    i.HAL_TIM_PeriodElapsedCallback  stm32h7xx_hal_tim.o
    0x080068d2   0x080068d2   0x00000002   Code   RO         4642    i.HAL_TIM_PeriodElapsedHalfCpltCallback  stm32h7xx_hal_tim.o
    0x080068d4   0x080068d4   0x000000ec   Code   RO         4644    i.HAL_TIM_RegisterCallback  stm32h7xx_hal_tim.o
    0x080069c0   0x080069c0   0x00000002   Code   RO         4647    i.HAL_TIM_TriggerCallback  stm32h7xx_hal_tim.o
    0x080069c2   0x080069c2   0x00000002   Code   RO         4648    i.HAL_TIM_TriggerHalfCpltCallback  stm32h7xx_hal_tim.o
    0x080069c4   0x080069c4   0x00000040   Code   RO         6040    i.HAL_UARTEx_DisableFifoMode  stm32h7xx_hal_uart_ex.o
    0x08006a04   0x08006a04   0x00000048   Code   RO         6042    i.HAL_UARTEx_EnableFifoMode  stm32h7xx_hal_uart_ex.o
    0x08006a4c   0x08006a4c   0x0000004a   Code   RO         6046    i.HAL_UARTEx_ReceiveToIdle_DMA  stm32h7xx_hal_uart_ex.o
    0x08006a96   0x08006a96   0x00000002   Code   RO         5599    i.HAL_UARTEx_RxEventCallback  stm32h7xx_hal_uart.o
    0x08006a98   0x08006a98   0x00000002   Code   RO         6048    i.HAL_UARTEx_RxFifoFullCallback  stm32h7xx_hal_uart_ex.o
    0x08006a9a   0x08006a9a   0x0000004c   Code   RO         6049    i.HAL_UARTEx_SetRxFifoThreshold  stm32h7xx_hal_uart_ex.o
    0x08006ae6   0x08006ae6   0x0000004c   Code   RO         6050    i.HAL_UARTEx_SetTxFifoThreshold  stm32h7xx_hal_uart_ex.o
    0x08006b32   0x08006b32   0x00000002   Code   RO         6052    i.HAL_UARTEx_TxFifoEmptyCallback  stm32h7xx_hal_uart_ex.o
    0x08006b34   0x08006b34   0x00000002   Code   RO         6053    i.HAL_UARTEx_WakeupCallback  stm32h7xx_hal_uart_ex.o
    0x08006b36   0x08006b36   0x00000002   Code   RO         5601    i.HAL_UART_AbortCpltCallback  stm32h7xx_hal_uart.o
    0x08006b38   0x08006b38   0x00000002   Code   RO         5603    i.HAL_UART_AbortReceiveCpltCallback  stm32h7xx_hal_uart.o
    0x08006b3a   0x08006b3a   0x00000002   Code   RO         5606    i.HAL_UART_AbortTransmitCpltCallback  stm32h7xx_hal_uart.o
    0x08006b3c   0x08006b3c   0x0000002c   Code   RO         7820    i.HAL_UART_ErrorCallback  ifr_usart.o
    0x08006b68   0x08006b68   0x00000394   Code   RO         5618    i.HAL_UART_IRQHandler  stm32h7xx_hal_uart.o
    0x08006efc   0x08006efc   0x00000080   Code   RO         5619    i.HAL_UART_Init     stm32h7xx_hal_uart.o
    0x08006f7c   0x08006f7c   0x000000dc   Code   RO          762    i.HAL_UART_MspDeInit  usart.o
    0x08007058   0x08007058   0x00000398   Code   RO          763    i.HAL_UART_MspInit  usart.o
    0x080073f0   0x080073f0   0x000000a8   Code   RO         5626    i.HAL_UART_RegisterCallback  stm32h7xx_hal_uart.o
    0x08007498   0x08007498   0x00000036   Code   RO         5627    i.HAL_UART_RegisterRxEventCallback  stm32h7xx_hal_uart.o
    0x080074ce   0x080074ce   0x00000002   Code   RO         5628    i.HAL_UART_RxCpltCallback  stm32h7xx_hal_uart.o
    0x080074d0   0x080074d0   0x00000002   Code   RO         5629    i.HAL_UART_RxHalfCpltCallback  stm32h7xx_hal_uart.o
    0x080074d2   0x080074d2   0x00000002   PAD
    0x080074d4   0x080074d4   0x00000090   Code   RO         5631    i.HAL_UART_Transmit_DMA  stm32h7xx_hal_uart.o
    0x08007564   0x08007564   0x00000002   Code   RO         5633    i.HAL_UART_TxCpltCallback  stm32h7xx_hal_uart.o
    0x08007566   0x08007566   0x00000002   Code   RO         5634    i.HAL_UART_TxHalfCpltCallback  stm32h7xx_hal_uart.o
    0x08007568   0x08007568   0x00000002   Code   RO          837    i.HardFault_Handler  stm32h7xx_it.o
    0x0800756a   0x0800756a   0x00000002   PAD
    0x0800756c   0x0800756c   0x00000028   Code   RO         6195    i.IFR_Get_CRC16_Check  ifr_crc.o
    0x08007594   0x08007594   0x00000020   Code   RO         6196    i.IFR_Get_CRC8_Check  ifr_crc.o
    0x080075b4   0x080075b4   0x00000064   Code   RO         8802    i.INS_cali_gyro     bmi088.o
    0x08007618   0x08007618   0x00000028   Code   RO         8803    i.INS_set_cali_gyro  bmi088.o
    0x08007640   0x08007640   0x0000020c   Code   RO         9160    i.JudgeData_analysis  judge.o
    0x0800784c   0x0800784c   0x0000009c   Code   RO          462    i.MX_DMA_Init       dma.o
    0x080078e8   0x080078e8   0x0000006c   Code   RO          607    i.MX_FDCAN1_Init    fdcan.o
    0x08007954   0x08007954   0x00000074   Code   RO          608    i.MX_FDCAN2_Init    fdcan.o
    0x080079c8   0x080079c8   0x00000074   Code   RO          609    i.MX_FDCAN3_Init    fdcan.o
    0x08007a3c   0x08007a3c   0x00000108   Code   RO          308    i.MX_GPIO_Init      gpio.o
    0x08007b44   0x08007b44   0x00000068   Code   RO          662    i.MX_SPI2_Init      spi.o
    0x08007bac   0x08007bac   0x0000006c   Code   RO          705    i.MX_TIM1_Init      tim.o
    0x08007c18   0x08007c18   0x0000009c   Code   RO          706    i.MX_TIM2_Init      tim.o
    0x08007cb4   0x08007cb4   0x00000068   Code   RO          707    i.MX_TIM3_Init      tim.o
    0x08007d1c   0x08007d1c   0x0000006c   Code   RO          764    i.MX_UART5_Init     usart.o
    0x08007d88   0x08007d88   0x00000068   Code   RO          765    i.MX_UART7_Init     usart.o
    0x08007df0   0x08007df0   0x00000068   Code   RO          766    i.MX_USART10_UART_Init  usart.o
    0x08007e58   0x08007e58   0x0000006c   Code   RO          767    i.MX_USART1_UART_Init  usart.o
    0x08007ec4   0x08007ec4   0x000001f0   Code   RO         8804    i.MahonyAHRSupdateIMU  bmi088.o
    0x080080b4   0x080080b4   0x00000002   Code   RO          838    i.MemManage_Handler  stm32h7xx_it.o
    0x080080b6   0x080080b6   0x00000002   Code   RO          839    i.NMI_Handler       stm32h7xx_it.o
    0x080080b8   0x080080b8   0x00000002   Code   RO          840    i.PendSV_Handler    stm32h7xx_it.o
    0x080080ba   0x080080ba   0x00000002   PAD
    0x080080bc   0x080080bc   0x00000120   Code   RO         2079    i.RCCEx_PLL2_Config  stm32h7xx_hal_rcc_ex.o
    0x080081dc   0x080081dc   0x00000120   Code   RO         2080    i.RCCEx_PLL3_Config  stm32h7xx_hal_rcc_ex.o
    0x080082fc   0x080082fc   0x0000000c   Code   RO          841    i.SPI2_IRQHandler   stm32h7xx_it.o
    0x08008308   0x08008308   0x000000bc   Code   RO         4245    i.SPI_CloseTransfer  stm32h7xx_hal_spi.o
    0x080083c4   0x080083c4   0x00000018   Code   RO         4246    i.SPI_DMAAbortOnError  stm32h7xx_hal_spi.o
    0x080083dc   0x080083dc   0x00000032   Code   RO         4247    i.SPI_DMAError      stm32h7xx_hal_spi.o
    0x0800840e   0x0800840e   0x00000008   Code   RO         4250    i.SPI_DMAHalfTransmitReceiveCplt  stm32h7xx_hal_spi.o
    0x08008416   0x08008416   0x00000026   Code   RO         4254    i.SPI_DMATransmitReceiveCplt  stm32h7xx_hal_spi.o
    0x0800843c   0x0800843c   0x00000046   Code   RO         4262    i.SPI_WaitOnFlagUntilTimeout  stm32h7xx_hal_spi.o
    0x08008482   0x08008482   0x00000002   Code   RO          842    i.SVC_Handler       stm32h7xx_it.o
    0x08008484   0x08008484   0x00000004   Code   RO          843    i.SysTick_Handler   stm32h7xx_it.o
    0x08008488   0x08008488   0x000000c0   Code   RO         6159    i.SystemInit        system_stm32h7xx.o
    0x08008548   0x08008548   0x0000000c   Code   RO          844    i.TIM1_UP_IRQHandler  stm32h7xx_it.o
    0x08008554   0x08008554   0x000000e0   Code   RO         4650    i.TIM_Base_SetConfig  stm32h7xx_hal_tim.o
    0x08008634   0x08008634   0x0000001a   Code   RO         4651    i.TIM_CCxChannelCmd  stm32h7xx_hal_tim.o
    0x0800864e   0x0800864e   0x00000012   Code   RO         4661    i.TIM_ETR_SetConfig  stm32h7xx_hal_tim.o
    0x08008660   0x08008660   0x00000014   Code   RO         4662    i.TIM_ITRx_SetConfig  stm32h7xx_hal_tim.o
    0x08008674   0x08008674   0x000000ac   Code   RO         4663    i.TIM_OC1_SetConfig  stm32h7xx_hal_tim.o
    0x08008720   0x08008720   0x0000009c   Code   RO         4664    i.TIM_OC2_SetConfig  stm32h7xx_hal_tim.o
    0x080087bc   0x080087bc   0x0000009c   Code   RO         4665    i.TIM_OC3_SetConfig  stm32h7xx_hal_tim.o
    0x08008858   0x08008858   0x00000078   Code   RO         4666    i.TIM_OC4_SetConfig  stm32h7xx_hal_tim.o
    0x080088d0   0x080088d0   0x00000074   Code   RO         4667    i.TIM_OC5_SetConfig  stm32h7xx_hal_tim.o
    0x08008944   0x08008944   0x00000074   Code   RO         4668    i.TIM_OC6_SetConfig  stm32h7xx_hal_tim.o
    0x080089b8   0x080089b8   0x00000090   Code   RO         4669    i.TIM_ResetCallback  stm32h7xx_hal_tim.o
    0x08008a48   0x08008a48   0x0000005c   Code   RO         4671    i.TIM_TI1_ConfigInputStage  stm32h7xx_hal_tim.o
    0x08008aa4   0x08008aa4   0x00000040   Code   RO         4673    i.TIM_TI2_ConfigInputStage  stm32h7xx_hal_tim.o
    0x08008ae4   0x08008ae4   0x0000000c   Code   RO          845    i.UART5_IRQHandler  stm32h7xx_it.o
    0x08008af0   0x08008af0   0x0000000c   Code   RO          846    i.UART7_IRQHandler  stm32h7xx_it.o
    0x08008afc   0x08008afc   0x00000044   Code   RO         6054    i.UARTEx_SetNbDataToProcess  stm32h7xx_hal_uart_ex.o
    0x08008b40   0x08008b40   0x000000c8   Code   RO         5637    i.UART_AdvFeatureConfig  stm32h7xx_hal_uart.o
    0x08008c08   0x08008c08   0x000000aa   Code   RO         5638    i.UART_CheckIdleState  stm32h7xx_hal_uart.o
    0x08008cb2   0x08008cb2   0x00000008   Code   RO         5639    i.UART_DMAAbortOnError  stm32h7xx_hal_uart.o
    0x08008cba   0x08008cba   0x00000048   Code   RO         5640    i.UART_DMAError     stm32h7xx_hal_uart.o
    0x08008d02   0x08008d02   0x00000002   PAD
    0x08008d04   0x08008d04   0x00000124   Code   RO         5641    i.UART_DMAReceiveCplt  stm32h7xx_hal_uart.o
    0x08008e28   0x08008e28   0x000000c0   Code   RO         5643    i.UART_DMARxHalfCplt  stm32h7xx_hal_uart.o
    0x08008ee8   0x08008ee8   0x0000003e   Code   RO         5645    i.UART_DMATransmitCplt  stm32h7xx_hal_uart.o
    0x08008f26   0x08008f26   0x00000008   Code   RO         5647    i.UART_DMATxHalfCplt  stm32h7xx_hal_uart.o
    0x08008f2e   0x08008f2e   0x00000002   PAD
    0x08008f30   0x08008f30   0x00000054   Code   RO         5649    i.UART_EndRxTransfer  stm32h7xx_hal_uart.o
    0x08008f84   0x08008f84   0x0000002e   Code   RO         5650    i.UART_EndTxTransfer  stm32h7xx_hal_uart.o
    0x08008fb2   0x08008fb2   0x00000002   PAD
    0x08008fb4   0x08008fb4   0x0000007c   Code   RO         5651    i.UART_InitCallbacksToDefault  stm32h7xx_hal_uart.o
    0x08009030   0x08009030   0x000003dc   Code   RO         5656    i.UART_SetConfig    stm32h7xx_hal_uart.o
    0x0800940c   0x0800940c   0x000000a8   Code   RO         5657    i.UART_Start_Receive_DMA  stm32h7xx_hal_uart.o
    0x080094b4   0x080094b4   0x00000094   Code   RO         5663    i.UART_WaitOnFlagUntilTimeout  stm32h7xx_hal_uart.o
    0x08009548   0x08009548   0x0000000c   Code   RO          847    i.USART10_IRQHandler  stm32h7xx_it.o
    0x08009554   0x08009554   0x0000000c   Code   RO          848    i.USART1_IRQHandler  stm32h7xx_it.o
    0x08009560   0x08009560   0x00000002   Code   RO          849    i.UsageFault_Handler  stm32h7xx_it.o
    0x08009562   0x08009562   0x00000002   PAD
    0x08009564   0x08009564   0x000000dc   Code   RO         6239    i.VT13_Remote_Analysis  ifr_remote.o
    0x08009640   0x08009640   0x0000003c   Code   RO         6240    i.WBUS_Remote_Analysis  ifr_remote.o
    0x0800967c   0x0800967c   0x0000000c   Code   RO         8805    i._Z10flash_readjPjj  bmi088.o
    0x08009688   0x08009688   0x00000018   Code   RO         9439    i._Z11LZ01_Offsetf  init_car_arm.o
    0x080096a0   0x080096a0   0x00000070   Code   RO         9440    i._Z11LZ02_Offsetf  init_car_arm.o
    0x08009710   0x08009710   0x0000005c   Code   RO         9441    i._Z11LZ03_Offsetf  init_car_arm.o
    0x0800976c   0x0800976c   0x00000044   Code   RO         8231    i._Z11rad_norm_pif  transition_type.o
    0x080097b0   0x080097b0   0x00000010   Code   RO         7340    i._Z13Byte_to_floatPKh  ifr_rsmotor.o
    0x080097c0   0x080097c0   0x0000009c   Code   RO         7765    i._Z14IFR_TIM_ID_GETP19__TIM_HandleTypeDef  ifr_tim.o
    0x0800985c   0x0800985c   0x00000188   Code   RO         8688    i._Z14Init_car_basisv  car_basis_control.o
    0x080099e4   0x080099e4   0x00000024   Code   RO         8375    i._Z14Servo_SetAnglet  init_engine_car.o
    0x08009a08   0x08009a08   0x00000090   Code   RO         8806    i._Z14cali_data_readv  bmi088.o
    0x08009a98   0x08009a98   0x0000003c   Code   RO         8807    i._Z14cali_gyro_hookPjh  bmi088.o
    0x08009ad4   0x08009ad4   0x00000020   Code   RO         8808    i._Z14cali_head_hookPjh  bmi088.o
    0x08009af4   0x08009af4   0x000000a8   Code   RO         8809    i._Z14imu_cali_slovePfS_P16BMI088_REAL_DATA  bmi088.o
    0x08009b9c   0x08009b9c   0x00000094   Code   RO         7821    i._Z15IFR_Uart_ID_GetP20__UART_HandleTypeDef  ifr_usart.o
    0x08009c30   0x08009c30   0x000000e0   Code   RO         8376    i._Z15Init_engine_carv  init_engine_car.o
    0x08009d10   0x08009d10   0x000000d4   Code   RO         8377    i._Z15Motor_Mode_Flagv  init_engine_car.o
    0x08009de4   0x08009de4   0x0000008c   Code   RO         8810    i._Z15cali_data_writev  bmi088.o
    0x08009e70   0x08009e70   0x0000008c   Code   RO         8811    i._Z15imu_cmd_spi_dmav  bmi088.o
    0x08009efc   0x08009efc   0x00000028   Code   RO         7341    i._Z15uint16_to_floattffi  ifr_rsmotor.o
    0x08009f24   0x08009f24   0x00000030   Code   RO         6994    i._Z16IFR_FDCAN_ID_GetP21__FDCAN_HandleTypeDef  ifr_fdcan.o
    0x08009f54   0x08009f54   0x00000008   Code   RO         8233    i._Z16rad_cycle_offsetff  transition_type.o
    0x08009f5c   0x08009f5c   0x00000004   Code   RO         8378    i._Z17TIM3_1ms_Callbackv  init_engine_car.o
    0x08009f60   0x08009f60   0x00000288   Code   RO         8813    i._Z18GyroAngle_Analysisv  bmi088.o
    0x0800a1e8   0x0800a1e8   0x00000098   Code   RO           14    i._Z18SystemClock_Configv  main_1.o
    0x0800a280   0x0800a280   0x0000000e   Code   RO         8379    i._Z19Motor_Date_Updatingv  init_engine_car.o
    0x0800a28e   0x0800a28e   0x00000002   PAD
    0x0800a290   0x0800a290   0x000002d0   Code   RO         9442    i._Z19mechanical_arm_initv  init_car_arm.o
    0x0800a560   0x0800a560   0x00000024   Code   RO         8814    i._Z20BMI088_read_muli_reghPhh  bmi088.o
    0x0800a584   0x0800a584   0x00000024   Code   RO         7822    i._Z20IFR_UART_Rx_CallbackP20__UART_HandleTypeDeft  ifr_usart.o
    0x0800a5a8   0x0800a5a8   0x00000020   Code   RO         7823    i._Z20IFR_UART_Tx_CallbackP20__UART_HandleTypeDef  ifr_usart.o
    0x0800a5c8   0x0800a5c8   0x00000016   Code   RO         8380    i._Z21All_stop_onStay_stateP12StateMachinej  init_engine_car.o
    0x0800a5de   0x0800a5de   0x00000002   PAD
    0x0800a5e0   0x0800a5e0   0x0000006c   Code   RO         8381    i._Z21Arm_stop_onStay_stateP12StateMachinej  init_engine_car.o
    0x0800a64c   0x0800a64c   0x00000070   Code   RO         8382    i._Z23Arm_Motor_Date_Updatingv  init_engine_car.o
    0x0800a6bc   0x0800a6bc   0x00000012   Code   RO         8815    i._Z23BMI088_write_single_reghh  bmi088.o
    0x0800a6ce   0x0800a6ce   0x00000002   PAD
    0x0800a6d0   0x0800a6d0   0x00000044   Code   RO         8689    i._Z23Basis_Move_onStay_stateP12StateMachinej  car_basis_control.o
    0x0800a714   0x0800a714   0x0000004c   Code   RO         8690    i._Z23Basis_stop_onStay_stateP12StateMachinej  car_basis_control.o
    0x0800a760   0x0800a760   0x00000044   Code   RO         8383    i._Z23Car_Moving_onStay_stateP12StateMachinej  init_engine_car.o
    0x0800a7a4   0x0800a7a4   0x00000004   Code   RO         8384    i._Z23Data_Flag_updating_modev  init_engine_car.o
    0x0800a7a8   0x0800a7a8   0x00000048   Code   RO         8281    i._Z23Remote_AnyType_AnalysisPhh  receive_remote_ifr.o
    0x0800a7f0   0x0800a7f0   0x00000008   Code   RO         8234    i._Z24angle_equal_range_offsetff  transition_type.o
    0x0800a7f8   0x0800a7f8   0x00000074   Code   RO         8691    i._Z25Basis_Motor_Date_Updatingv  car_basis_control.o
    0x0800a86c   0x0800a86c   0x00000018   Code   RO         7766    i._Z25IFR_TIM_Overflow_CallbackP19__TIM_HandleTypeDef  ifr_tim.o
    0x0800a884   0x0800a884   0x00000044   Code   RO         8235    i._Z25angle_normalize_180_floatf  transition_type.o
    0x0800a8c8   0x0800a8c8   0x00000026   Code   RO         8816    i._Z26BMI088_accel_read_muli_reghPhh  bmi088.o
    0x0800a8ee   0x0800a8ee   0x00000002   PAD
    0x0800a8f0   0x0800a8f0   0x000002b0   Code   RO         8385    i._Z27Arm_fall_ready_onStay_stateP12StateMachinej  init_engine_car.o
    0x0800aba0   0x0800aba0   0x00000138   Code   RO         8386    i._Z27Arm_rise_ready_onStay_stateP12StateMachinej  init_engine_car.o
    0x0800acd8   0x0800acd8   0x00000022   Code   RO         8817    i._Z27BMI088_gyro_read_single_reghPh  bmi088.o
    0x0800acfa   0x0800acfa   0x00000002   PAD
    0x0800acfc   0x0800acfc   0x00000024   Code   RO         6995    i._Z27IFR_FDCAN_Recevice_CallbackP21__FDCAN_HandleTypeDefj  ifr_fdcan.o
    0x0800ad20   0x0800ad20   0x00000024   Code   RO         6996    i._Z27IFR_FDCAN_Transmit_CallbackP21__FDCAN_HandleTypeDef  ifr_fdcan.o
    0x0800ad44   0x0800ad44   0x000000cc   Code   RO         8387    i._Z28Arm_fall_ready_onEnter_stateP12StateMachineh  init_engine_car.o
    0x0800ae10   0x0800ae10   0x000000c4   Code   RO         8388    i._Z28Arm_rise_ready_onEnter_stateP12StateMachineh  init_engine_car.o
    0x0800aed4   0x0800aed4   0x00000028   Code   RO         8818    i._Z28BMI088_accel_read_single_reghPh  bmi088.o
    0x0800aefc   0x0800aefc   0x0000001a   Code   RO         8819    i._Z28BMI088_gyro_write_single_reghh  bmi088.o
    0x0800af16   0x0800af16   0x00000002   PAD
    0x0800af18   0x0800af18   0x0000009c   Code   RO         8282    i._Z28DT7_Remote_To_AnyType_RemoteP30Remote_AnyType_Rx_Data_TypeDef  receive_remote_ifr.o
    0x0800afb4   0x0800afb4   0x0000001a   Code   RO         8820    i._Z29BMI088_accel_write_single_reghh  bmi088.o
    0x0800afce   0x0800afce   0x00000002   PAD
    0x0800afd0   0x0800afd0   0x0000014c   Code   RO         8389    i._Z29Only_arm_control_onStay_stateP12StateMachinej  init_engine_car.o
    0x0800b11c   0x0800b11c   0x00000058   Code   RO         8283    i._Z29VT13_Remote_To_AnyType_RemoteP30Remote_AnyType_Rx_Data_TypeDef  receive_remote_ifr.o
    0x0800b174   0x0800b174   0x00000030   Code   RO         8284    i._Z29WBUS_Remote_To_AnyType_RemoteP30Remote_AnyType_Rx_Data_TypeDef  receive_remote_ifr.o
    0x0800b1a4   0x0800b1a4   0x000000c4   Code   RO         8390    i._Z30Only_arm_control_onEnter_stateP12StateMachineh  init_engine_car.o
    0x0800b268   0x0800b268   0x00000064   Code   RO         8391    i._Z31Arm_custom_control_onStay_stateP12StateMachinej  init_engine_car.o
    0x0800b2cc   0x0800b2cc   0x00000044   Code   RO         8392    i._Z31Car_arm_fall_ready_onStay_stateP12StateMachinej  init_engine_car.o
    0x0800b310   0x0800b310   0x00000044   Code   RO         8393    i._Z31Car_arm_rise_ready_onStay_stateP12StateMachinej  init_engine_car.o
    0x0800b354   0x0800b354   0x00000020   Code   RO         8394    i._Z31Car_custom_control_onStay_stateP12StateMachinej  init_engine_car.o
    0x0800b374   0x0800b374   0x00000094   Code   RO         8395    i._Z31Only_basis_control_onStay_stateP12StateMachinej  init_engine_car.o
    0x0800b408   0x0800b408   0x000001cc   Code   RO         8285    i._Z33Custom_Remote_Controller_AnalysisPhh  receive_remote_ifr.o
    0x0800b5d4   0x0800b5d4   0x0000003a   Code   RO         8396    i._Z4ZONEfff        init_engine_car.o
    0x0800b60e   0x0800b60e   0x00000002   PAD
    0x0800b610   0x0800b610   0x000000bc   Code   RO         8821    i._Z9get_anglePfS_S_S_  bmi088.o
    0x0800b6cc   0x0800b6cc   0x00000090   Code   RO         6612    i._ZN11CanMsgQueue7enqueueERK8CanMsg_t  ifr_djimotor.o
    0x0800b75c   0x0800b75c   0x00000010   Code   RO         9493    i._ZN11CanMsgQueueC1Ev  init_car_arm.o
    0x0800b76c   0x0800b76c   0x00000022   Code   RO         7959    i._ZN11matrix_mathC1Ehh  matrix_math.o
    0x0800b78e   0x0800b78e   0x0000000a   Code   RO         8060    i._ZN11matrix_mathC1Ev  matrix_math.o
    0x0800b798   0x0800b798   0x00000014   Code   RO         7960    i._ZN11matrix_mathD1Ev  matrix_math.o
    0x0800b7ac   0x0800b7ac   0x00000058   Code   RO         7961    i._ZN11matrix_mathaSERKS_  matrix_math.o
    0x0800b804   0x0800b804   0x000000a0   Code   RO         6661    i._ZN12IFR_DM_Motor10motor_initEhP11CanMsgQueue13DM_Motor_Type  ifr_dmmotor.o
    0x0800b8a4   0x0800b8a4   0x0000007c   Code   RO         6662    i._ZN12IFR_DM_Motor10set_torqueEf  ifr_dmmotor.o
    0x0800b920   0x0800b920   0x000001c4   Code   RO         6663    i._ZN12IFR_DM_Motor13parse_can_msgE8CanMsg_t  ifr_dmmotor.o
    0x0800bae4   0x0800bae4   0x0000002c   Code   RO         6803    i._ZN12IFR_DM_Motor13uint_to_floatEifi  ifr_dmmotor.o
    0x0800bb10   0x0800bb10   0x0000002c   Code   RO         6664    i._ZN12IFR_DM_Motor16DM_Motor_CommandE12DM_Command_t  ifr_dmmotor.o
    0x0800bb3c   0x0800bb3c   0x00000028   Code   RO         6665    i._ZN12IFR_DM_Motor16generate_can_msgER8CanMsg_t  ifr_dmmotor.o
    0x0800bb64   0x0800bb64   0x00000028   Code   RO         6666    i._ZN12IFR_DM_Motor17set_torque_offsetEf  ifr_dmmotor.o
    0x0800bb8c   0x0800bb8c   0x00000006   Code   RO         6667    i._ZN12IFR_DM_Motor6EnableEv  ifr_dmmotor.o
    0x0800bb92   0x0800bb92   0x0000001e   Code   RO         6668    i._ZN12IFR_DM_Motor7DisableEh  ifr_dmmotor.o
    0x0800bbb0   0x0800bbb0   0x00000024   Code   RO         6671    i._ZN12IFR_DM_MotorC1Eh13DM_Motor_TypeP11CanMsgQueue  ifr_dmmotor.o
    0x0800bbd4   0x0800bbd4   0x00000174   Code   RO         7342    i._ZN12IFR_RS_Motor10Motor_InitEh13RS_Motor_typeP11CanMsgQueue  ifr_rsmotor.o
    0x0800bd48   0x0800bd48   0x0000009c   Code   RO         7344    i._ZN12IFR_RS_Motor10set_torqueEf  ifr_rsmotor.o
    0x0800bde4   0x0800bde4   0x000002d4   Code   RO         7346    i._ZN12IFR_RS_Motor13parse_can_msgE8CanMsg_t  ifr_rsmotor.o
    0x0800c0b8   0x0800c0b8   0x0000002a   Code   RO         7347    i._ZN12IFR_RS_Motor16generate_can_msgER8CanMsg_t  ifr_rsmotor.o
    0x0800c0e2   0x0800c0e2   0x00000028   Code   RO         7349    i._ZN12IFR_RS_Motor17set_torque_offsetEf  ifr_rsmotor.o
    0x0800c10a   0x0800c10a   0x00000024   Code   RO         7352    i._ZN12IFR_RS_Motor6EnableEv  ifr_rsmotor.o
    0x0800c12e   0x0800c12e   0x00000028   Code   RO         7353    i._ZN12IFR_RS_Motor7DisableEh  ifr_rsmotor.o
    0x0800c156   0x0800c156   0x00000002   PAD
    0x0800c158   0x0800c158   0x00000028   Code   RO         7354    i._ZN12IFR_RS_MotorC1EPFffEh13RS_Motor_typeP11CanMsgQueue  ifr_rsmotor.o
    0x0800c180   0x0800c180   0x00000034   Code   RO         7531    i._ZN12StateMachine13registerStateERK11StateConfig  ifr_state_machine.o
    0x0800c1b4   0x0800c1b4   0x00000024   Code   RO         7532    i._ZN12StateMachine17executeStayActionEv  ifr_state_machine.o
    0x0800c1d8   0x0800c1d8   0x0000004e   Code   RO         7533    i._ZN12StateMachine8setStateEh  ifr_state_machine.o
    0x0800c226   0x0800c226   0x00000012   Code   RO         7534    i._ZN12StateMachineC1EhP11StateConfig  ifr_state_machine.o
    0x0800c238   0x0800c238   0x00000002   Code   RO         7535    i._ZN12StateMachineD1Ev  ifr_state_machine.o
    0x0800c23a   0x0800c23a   0x00000002   PAD
    0x0800c23c   0x0800c23c   0x00000088   Code   RO         6504    i._ZN13IFR_DJI_Motor10motor_initEt14DJI_Motor_TypeP11CanMsgQueue  ifr_djimotor.o
    0x0800c2c4   0x0800c2c4   0x000000f0   Code   RO         6505    i._ZN13IFR_DJI_Motor12set_electricEf  ifr_djimotor.o
    0x0800c3b4   0x0800c3b4   0x00000154   Code   RO         6506    i._ZN13IFR_DJI_Motor13parse_can_msgE8CanMsg_t  ifr_djimotor.o
    0x0800c508   0x0800c508   0x00000028   Code   RO         6507    i._ZN13IFR_DJI_Motor16generate_can_msgER8CanMsg_t  ifr_djimotor.o
    0x0800c530   0x0800c530   0x00000028   Code   RO         6508    i._ZN13IFR_DJI_Motor19set_electric_offsetEf  ifr_djimotor.o
    0x0800c558   0x0800c558   0x0000003a   Code   RO         6509    i._ZN13IFR_DJI_Motor20set_motor_error_codeEh  ifr_djimotor.o
    0x0800c592   0x0800c592   0x00000002   Code   RO         6618    i._ZN13IFR_DJI_Motor6EnableEv  ifr_djimotor.o
    0x0800c594   0x0800c594   0x00000002   Code   RO         6624    i._ZN13IFR_DJI_Motor7DisableEh  ifr_djimotor.o
    0x0800c596   0x0800c596   0x00000002   PAD
    0x0800c598   0x0800c598   0x00000018   Code   RO         6511    i._ZN13IFR_DJI_MotorC1Et14DJI_Motor_TypeP11CanMsgQueue  ifr_djimotor.o
    0x0800c5b0   0x0800c5b0   0x00000006   Code   RO         6794    i._ZN14DM_Motor_Prame3setEffffffffff  ifr_dmmotor.o
    0x0800c5b6   0x0800c5b6   0x00000006   Code   RO         7502    i._ZN14RS_Motor_Prame3setEffffffffff  ifr_rsmotor.o
    0x0800c5bc   0x0800c5bc   0x00000008   Code   RO         8548    i._ZN15IFR_Basic_Motor13get_motordataEv  init_engine_car.o
    0x0800c5c4   0x0800c5c4   0x00000048   Code   RO         6673    i._ZN16IFR_DM_Pos_Motor13Motor_Pos_SetEf  ifr_dmmotor.o
    0x0800c60c   0x0800c60c   0x00000010   Code   RO         9505    i._ZN16IFR_DM_Pos_MotorC1Eh13DM_Motor_TypeP11CanMsgQueue  init_car_arm.o
    0x0800c61c   0x0800c61c   0x00000002   Code   RO         9511    i._ZN16IFR_DM_Pos_MotorD1Ev  init_car_arm.o
    0x0800c61e   0x0800c61e   0x0000004a   Code   RO         7356    i._ZN16IFR_RS_Pos_Motor13Motor_Pos_SetEf  ifr_rsmotor.o
    0x0800c668   0x0800c668   0x00000014   Code   RO         9514    i._ZN16IFR_RS_Pos_MotorC1EPFffEh13RS_Motor_typeP11CanMsgQueue  init_car_arm.o
    0x0800c67c   0x0800c67c   0x00000002   Code   RO         9520    i._ZN16IFR_RS_Pos_MotorD1Ev  init_car_arm.o
    0x0800c67e   0x0800c67e   0x00000002   PAD
    0x0800c680   0x0800c680   0x00000038   Code   RO         7768    i._ZN16IFR_TIM_ClassDef11TIM_ITStartEP19__TIM_HandleTypeDefPFvvE  ifr_tim.o
    0x0800c6b8   0x0800c6b8   0x0000000a   Code   RO         7769    i._ZN16IFR_TIM_ClassDef17TaskFunction_CallEv  ifr_tim.o
    0x0800c6c2   0x0800c6c2   0x00000002   PAD
    0x0800c6c4   0x0800c6c4   0x00000060   Code   RO         6997    i._ZN18IFR_FDCAN_ClassDef10FDCAN_InitEP21__FDCAN_HandleTypeDefP11CanMsgQueue  ifr_fdcan.o
    0x0800c724   0x0800c724   0x0000003a   Code   RO         6998    i._ZN18IFR_FDCAN_ClassDef13RegisterMotorEP15IFR_Basic_Motor  ifr_fdcan.o
    0x0800c75e   0x0800c75e   0x00000094   Code   RO         6999    i._ZN18IFR_FDCAN_ClassDef14FDCAN_ReceviceEv  ifr_fdcan.o
    0x0800c7f2   0x0800c7f2   0x000000b0   Code   RO         7001    i._ZN18IFR_FDCAN_ClassDef14SendQueuedMsgsEv  ifr_fdcan.o
    0x0800c8a2   0x0800c8a2   0x00000084   Code   RO         7002    i._ZN18IFR_FDCAN_ClassDef16Motor_All_EnableEv  ifr_fdcan.o
    0x0800c926   0x0800c926   0x00000042   Code   RO         7004    i._ZN18IFR_FDCAN_ClassDef18_ConfigFDCANFilterEv  ifr_fdcan.o
    0x0800c968   0x0800c968   0x0000001e   Code   RO         9499    i._ZN18IFR_FDCAN_ClassDefC1Ev  init_car_arm.o
    0x0800c986   0x0800c986   0x00000002   PAD
    0x0800c988   0x0800c988   0x00000058   Code   RO         7824    i._ZN18IFR_USART_ClassDef14ifr_usart_InitEP20__UART_HandleTypeDefPFvPhhE  ifr_usart.o
    0x0800c9e0   0x0800c9e0   0x00000048   Code   RO         7825    i._ZN18IFR_USART_ClassDef17ifr_usart_restartEv  ifr_usart.o
    0x0800ca28   0x0800ca28   0x0000000c   Code   RO         7827    i._ZN18IFR_USART_ClassDef23ifr_usart_transmit_dataEPhh  ifr_usart.o
    0x0800ca34   0x0800ca34   0x000000b8   Code   RO         7828    i._ZN18IFR_USART_ClassDef27ifr_usart_Start_DMA_ReceiveEv  ifr_usart.o
    0x0800caec   0x0800caec   0x000000f8   Code   RO         7829    i._ZN18IFR_USART_ClassDef27ifr_usart_transmit_tx_queueEv  ifr_usart.o
    0x0800cbe4   0x0800cbe4   0x0000004e   Code   RO         7830    i._ZN18IFR_USART_ClassDef31ifr_usart_doubleBuffer_receviceEt  ifr_usart.o
    0x0800cc32   0x0800cc32   0x0000001c   Code   RO         8554    i._ZN18IFR_USART_ClassDefC1Ev  init_engine_car.o
    0x0800cc4e   0x0800cc4e   0x00000002   PAD
    0x0800cc50   0x0800cc50   0x0000009c   Code   RO         9241    i._ZN19Arm_calculate_basisC1Ev  arm_calculate_basis.o
    0x0800ccec   0x0800ccec   0x00000020   Code   RO         6515    i._ZN19IFR_DJI_Speed_Motor15Motor_Speed_SetEf  ifr_djimotor.o
    0x0800cd0c   0x0800cd0c   0x00000010   Code   RO         8742    i._ZN19IFR_DJI_Speed_MotorC1Et14DJI_Motor_TypeP11CanMsgQueue  car_basis_control.o
    0x0800cd1c   0x0800cd1c   0x00000002   Code   RO         8748    i._ZN19IFR_DJI_Speed_MotorD1Ev  car_basis_control.o
    0x0800cd1e   0x0800cd1e   0x00000028   Code   RO         8616    i._ZN19StateMachine_Extend17findConfig_extendEh  self_state_machine.o
    0x0800cd46   0x0800cd46   0x00000030   Code   RO         8619    i._ZN19StateMachine_Extend20registerState_extendEP18StateConfig_Extend  self_state_machine.o
    0x0800cd76   0x0800cd76   0x0000000e   Code   RO         8620    i._ZN19StateMachine_ExtendC1EhPP18StateConfig_ExtendP11StateConfig  self_state_machine.o
    0x0800cd84   0x0800cd84   0x00000004   Code   RO         8671    i._ZN19StateMachine_ExtendD1Ev  self_state_machine.o
    0x0800cd88   0x0800cd88   0x00000010   Code   RO         8286    i._ZN21REMOTE_USART_ClassDef11Remote_InitEP20__UART_HandleTypeDef11Remote_Type  receive_remote_ifr.o
    0x0800cd98   0x0800cd98   0x00000006   Code   RO         8287    i._ZN21REMOTE_USART_ClassDef13GetRemoteDataEv  receive_remote_ifr.o
    0x0800cd9e   0x0800cd9e   0x00000002   PAD
    0x0800cda0   0x0800cda0   0x00000048   Code   RO         9408    i._ZN27Arm_Inverse_Kinematics_6DOFD1Ev  car_arm_control.o
    0x0800cde8   0x0800cde8   0x0000017c   Code   RO         7261    i._ZN7IFR_PID14Positional_PIDEff  ifr_pid.o
    0x0800cf64   0x0800cf64   0x0000001e   Code   RO         7263    i._ZN7IFR_PID8PID_InitEfffffffff  ifr_pid.o
    0x0800cf82   0x0800cf82   0x00000028   Code   RO         7536    i._ZNK12StateMachine10findConfigEh  ifr_state_machine.o
    0x0800cfaa   0x0800cfaa   0x00000014   Code   RO         7079    i._ZNK18IFR_FDCAN_ClassDef9get_motorEh  ifr_fdcan.o
    0x0800cfbe   0x0800cfbe   0x00000004   Code   RO         8042    i._ZSt3cosf         matrix_math.o
    0x0800cfc2   0x0800cfc2   0x00000008   Code   RO         9639    i._ZdaPv            cpprt_w.l(array_del.o)
    0x0800cfca   0x0800cfca   0x00000008   Code   RO         9646    i._ZdlPv            cpprt_w.l(delete.o)
    0x0800cfd2   0x0800cfd2   0x00000008   Code   RO         9642    i._Znaj             cpprt_w.l(array_new.o)
    0x0800cfda   0x0800cfda   0x00000002   PAD
    0x0800cfdc   0x0800cfdc   0x00000028   Code   RO         9967    i._Znwj             cpprt_w.l(new.o)
    0x0800d004   0x0800d004   0x00000026   Code   RO        10003    i.__ARM_fpclassifyf  m_wv.l(fpclassifyf.o)
    0x0800d02a   0x0800d02a   0x00000022   Code   RO         1057    i.__NVIC_SetPriority  stm32h7xx_hal_cortex.o
    0x0800d04c   0x0800d04c   0x00000024   Code   RO         9758    i.__aeabi_vec_ctor_nocookie_nodtor  cpprt_w.l(aeabi_vec_ctor_nocookie_nodtor.o)
    0x0800d070   0x0800d070   0x00000138   Code   RO         9761    i.__hardfp_asinf    m_wv.l(asinf.o)
    0x0800d1a8   0x0800d1a8   0x00000258   Code   RO         9773    i.__hardfp_atan2f   m_wv.l(atan2f.o)
    0x0800d400   0x0800d400   0x00000150   Code   RO         9797    i.__hardfp_cosf     m_wv.l(cosf.o)
    0x0800d550   0x0800d550   0x000000b0   Code   RO         9809    i.__hardfp_fmodf    m_wv.l(fmodf.o)
    0x0800d600   0x0800d600   0x00000006   Code   RO        10006    i.__mathlib_flt_infnan  m_wv.l(funder.o)
    0x0800d606   0x0800d606   0x00000006   Code   RO        10007    i.__mathlib_flt_infnan2  m_wv.l(funder.o)
    0x0800d60c   0x0800d60c   0x00000010   Code   RO        10008    i.__mathlib_flt_invalid  m_wv.l(funder.o)
    0x0800d61c   0x0800d61c   0x00000010   Code   RO        10011    i.__mathlib_flt_underflow  m_wv.l(funder.o)
    0x0800d62c   0x0800d62c   0x00000154   Code   RO        10019    i.__mathlib_rredf2  m_wv.l(rredf.o)
    0x0800d780   0x0800d780   0x000000d0   Code   RO         9443    i.__sti___16_Init_car_arm_cpp_f49a0e2e  init_car_arm.o
    0x0800d850   0x0800d850   0x0000000c   Code   RO         7599    i.__sti___16_ifr_sys_time_cpp_bcf462d3  ifr_sys_time.o
    0x0800d85c   0x0800d85c   0x0000001c   Code   RO         8397    i.__sti___19_Init_engine_car_cpp_e11e848f  init_engine_car.o
    0x0800d878   0x0800d878   0x000000ac   Code   RO         9380    i.__sti___19_car_arm_control_cpp_97ca16f7  car_arm_control.o
    0x0800d924   0x0800d924   0x000000a0   Code   RO         8692    i.__sti___21_car_basis_control_cpp_36451bb4  car_basis_control.o
    0x0800d9c4   0x0800d9c4   0x00000024   Code   RO         8288    i.__sti___22_Receive_remote_ifr_cpp_3d6ba593  receive_remote_ifr.o
    0x0800d9e8   0x0800d9e8   0x00000048   Code   RO         8621    i.__sti___22_Self_state_machine_cpp_7c98c159  self_state_machine.o
    0x0800da30   0x0800da30   0x0000000c   Code   RO         6241    i.adjust_stick_dir  ifr_remote.o
    0x0800da3c   0x0800da3c   0x000000a4   Code   RO         8822    i.bmi088_accel_init  bmi088.o
    0x0800dae0   0x0800dae0   0x000000a4   Code   RO         8823    i.bmi088_gyro_init  bmi088.o
    0x0800db84   0x0800db84   0x0000007c   Code   RO         8824    i.cali_param_init   bmi088.o
    0x0800dc00   0x0800dc00   0x000000aa   Code   RO         6242    i.channels_to_remote  ifr_remote.o
    0x0800dcaa   0x0800dcaa   0x00000022   Code   RO         6243    i.convert_switch    ifr_remote.o
    0x0800dccc   0x0800dccc   0x00000030   Code   RO         6244    i.djiremote_dead_zone_analysis  ifr_remote.o
    0x0800dcfc   0x0800dcfc   0x00000042   Code   RO         8825    i.flash_erase_address  bmi088.o
    0x0800dd3e   0x0800dd3e   0x00000002   PAD
    0x0800dd40   0x0800dd40   0x00000070   Code   RO         8826    i.flash_write_single_address  bmi088.o
    0x0800ddb0   0x0800ddb0   0x00000128   Code   RO         6245    i.frame_to_channels  ifr_remote.o
    0x0800ded8   0x0800ded8   0x000000d4   Code   RO         6246    i.get_dial          ifr_remote.o
    0x0800dfac   0x0800dfac   0x00000068   Code   RO         8827    i.get_h7_flash_sector  bmi088.o
    0x0800e014   0x0800e014   0x0000004c   Code   RO         8829    i.gyro_offset_calc  bmi088.o
    0x0800e060   0x0800e060   0x0000002c   Code   RO         8830    i.invSqrt           bmi088.o
    0x0800e08c   0x0800e08c   0x00000056   Code   RO           15    i.main              main_1.o
    0x0800e0e2   0x0800e0e2   0x00000002   PAD
    0x0800e0e4   0x0800e0e4   0x00000040   Code   RO         9161    i.need_data_analysis  judge.o
    0x0800e124   0x0800e124   0x0000003e   Code   RO         9835    i.sqrtf             m_wv.l(sqrtf.o)
    0x0800e162   0x0800e162   0x00000028   Code   RO         6197    i.verify_crc16_check_sum  ifr_crc.o
    0x0800e18a   0x0800e18a   0x00000002   PAD
    0x0800e18c   0x0800e18c   0x00000030   Code   RO         6247    i.wbusremote_dead_zone_analysis  ifr_remote.o
    0x0800e1bc   0x0800e1bc   0x0000008c   Code   RO        10131    x$fpl$fnaninf       fz_wv.l(fnaninf.o)
    0x0800e248   0x0800e248   0x0000000a   Code   RO        10133    x$fpl$fpinit        fz_wv.l(fpinit.o)
    0x0800e252   0x0800e252   0x00000002   PAD
    0x0800e254   0x0800e254   0x000000f4   Code   RO        10000    x$fpl$frem          fz_wv.l(frem_clz.o)
    0x0800e348   0x0800e348   0x00000000   Code   RO        10002    x$fpl$usenofp       fz_wv.l(usenofp.o)
    0x0800e348   0x0800e348   0x0000005c   Data   RO         1313    .constdata          stm32h7xx_hal_fdcan.o
    0x0800e3a4   0x0800e3a4   0x00000008   Data   RO         2588    .constdata          stm32h7xx_hal_dma.o
    0x0800e3ac   0x0800e3ac   0x00000018   Data   RO         5664    .constdata          stm32h7xx_hal_uart.o
    0x0800e3c4   0x0800e3c4   0x00000010   Data   RO         6055    .constdata          stm32h7xx_hal_uart_ex.o
    0x0800e3d4   0x0800e3d4   0x00000010   Data   RO         6160    .constdata          system_stm32h7xx.o
    0x0800e3e4   0x0800e3e4   0x00000300   Data   RO         6198    .constdata          ifr_crc.o
    0x0800e6e4   0x0800e6e4   0x00000020   Data   RO         6249    .constdata          ifr_remote.o
    0x0800e704   0x0800e704   0x00000030   Data   RO         7386    .constdata          ifr_rsmotor.o
    0x0800e734   0x0800e734   0x00000030   Data   RO         8878    .constdata          bmi088.o
    0x0800e764   0x0800e764   0x00000020   Data   RO        10020    .constdata          m_wv.l(rredf.o)
    0x0800e784   0x0800e784   0x00000020   Data   RO         6793    .constdata__ZTV12IFR_DM_Motor  ifr_dmmotor.o
    0x0800e7a4   0x0800e7a4   0x00000020   Data   RO         7501    .constdata__ZTV12IFR_RS_Motor  ifr_rsmotor.o
    0x0800e7c4   0x0800e7c4   0x00000020   Data   RO         6608    .constdata__ZTV13IFR_DJI_Motor  ifr_djimotor.o
    0x0800e7e4   0x0800e7e4   0x00000020   Data   RO         9524    .constdata__ZTV16IFR_DM_Pos_Motor  init_car_arm.o
    0x0800e804   0x0800e804   0x00000020   Data   RO         9526    .constdata__ZTV16IFR_RS_Pos_Motor  init_car_arm.o
    0x0800e824   0x0800e824   0x00000020   Data   RO         8752    .constdata__ZTV19IFR_DJI_Speed_Motor  car_basis_control.o
    0x0800e844   0x0800e844   0x00000020   Data   RO        10249    Region$$Table       anon$$obj.o
    0x0800e864   0x0800e864   0x00000004   Data   RO         7608    .init_array         ifr_sys_time.o
    0x0800e868   0x0800e864   0x00000004   Data   RO         8299    .init_array         receive_remote_ifr.o
    0x0800e86c   0x0800e864   0x00000004   Data   RO         8424    .init_array         init_engine_car.o
    0x0800e870   0x0800e864   0x00000004   Data   RO         8631    .init_array         self_state_machine.o
    0x0800e874   0x0800e864   0x00000004   Data   RO         8701    .init_array         car_basis_control.o
    0x0800e878   0x0800e864   0x00000004   Data   RO         9387    .init_array         car_arm_control.o
    0x0800e87c   0x0800e864   0x00000004   Data   RO         9457    .init_array         init_car_arm.o
    0x0800e880   0x0800e864   0x00000000   Data   RO         9634    .init_array         c_w.l(init_aeabi.o)


    Execution Region RW_IRAM2 (Exec base: 0x24000000, Load base: 0x0800e880, Size: 0x00003f98, Max: 0x00020000, ABSOLUTE, COMPRESSED[0x000000dc])

    Exec Addr    Load Addr    Size         Type   Attr      Idx    E Section Name        Object

    0x24000000   COMPRESSED   0x00000004   Data   RW          611    .data               fdcan.o
    0x24000004   COMPRESSED   0x0000000c   Data   RW         3320    .data               stm32h7xx_hal.o
    0x24000010   COMPRESSED   0x00000008   Data   RW         6161    .data               system_stm32h7xx.o
    0x24000018   COMPRESSED   0x00000045   Data   RW         6250    .data               ifr_remote.o
    0x2400005d   COMPRESSED   0x00000003   PAD
    0x24000060   COMPRESSED   0x00000008   Data   RW         6699    .data               ifr_dmmotor.o
    0x24000068   COMPRESSED   0x00000001   Data   RW         8298    .data               receive_remote_ifr.o
    0x24000069   COMPRESSED   0x00000003   PAD
    0x2400006c   COMPRESSED   0x0000008c   Data   RW         8422    .data               init_engine_car.o
    0x240000f8   COMPRESSED   0x00000040   Data   RW         8700    .data               car_basis_control.o
    0x24000138   COMPRESSED   0x000000fc   Data   RW         8879    .data               bmi088.o
    0x24000234   COMPRESSED   0x00000008   Data   RW         8882    .data               bmi088.o
    0x2400023c   COMPRESSED   0x0000004c   Data   RW         9178    .data               judge.o
    0x24000288   COMPRESSED   0x00000030   Data   RW         9386    .data               car_arm_control.o
    0x240002b8   COMPRESSED   0x0000001c   Data   RW         9452    .data               init_car_arm.o
    0x240002d4        -       0x000002c4   Zero   RW          610    .bss                fdcan.o
    0x24000598        -       0x000001a4   Zero   RW          663    .bss                spi.o
    0x2400073c        -       0x00000234   Zero   RW          708    .bss                tim.o
    0x24000970        -       0x00000600   Zero   RW          768    .bss                usart.o
    0x24000f70        -       0x0000001c   Zero   RW         2251    .bss                stm32h7xx_hal_flash.o
    0x24000f8c        -       0x00000035   Zero   RW         6248    .bss                ifr_remote.o
    0x24000fc1   COMPRESSED   0x00000003   PAD
    0x24000fc4        -       0x00000010   Zero   RW         7016    .bss                ifr_fdcan.o
    0x24000fd4        -       0x0000000c   Zero   RW         7607    .bss                ifr_sys_time.o
    0x24000fe0        -       0x0000003c   Zero   RW         7775    .bss                ifr_tim.o
    0x2400101c        -       0x00000058   Zero   RW         7842    .bss                ifr_usart.o
    0x24001074        -       0x0000036c   Zero   RW         8297    .bss                receive_remote_ifr.o
    0x240013e0        -       0x00000560   Zero   RW         8421    .bss                init_engine_car.o
    0x24001940        -       0x000002fc   Zero   RW         8629    .bss                self_state_machine.o
    0x24001c3c        -       0x00000424   Zero   RW         8699    .bss                car_basis_control.o
    0x24002060        -       0x000001d1   Zero   RW         8872    .bss                bmi088.o
    0x24002231   COMPRESSED   0x00000003   PAD
    0x24002234        -       0x00000014   Zero   RW         8874    .bss                bmi088.o
    0x24002248        -       0x00000020   Zero   RW         8875    .bss                bmi088.o
    0x24002268        -       0x00000020   Zero   RW         8876    .bss                bmi088.o
    0x24002288        -       0x0000012f   Zero   RW         9166    .bss                judge.o
    0x240023b7   COMPRESSED   0x00000001   PAD
    0x240023b8        -       0x00000154   Zero   RW         9383    .bss                car_arm_control.o
    0x2400250c        -       0x00000a28   Zero   RW         9449    .bss                init_car_arm.o
    0x24002f34        -       0x00000060   Zero   RW        10023    .bss                c_w.l(libspace.o)
    0x24002f94   COMPRESSED   0x00000004   PAD
    0x24002f98        -       0x00000800   Zero   RW            2    HEAP                startup_stm32h723xx.o
    0x24003798        -       0x00000800   Zero   RW            1    STACK               startup_stm32h723xx.o


==============================================================================

Image component sizes


      Code (inc. data)   RO Data    RW Data    ZI Data      Debug   Object Name

       156          4          0          0          0       2404   arm_calculate_basis.o
      4396        286         48        260        549      37317   bmi088.o
       244         28          4         48        340       5061   car_arm_control.o
       830        114         36         64       1060      13306   car_basis_control.o
       156          4          0          0          0    1249539   dma.o
       752         56          0          4        708       3709   fdcan.o
       264         18          0          0          0     973502   gpio.o
         0          0          0          0          0    1024653   ifr_basic_math.o
       112         12        768          0          0       3056   ifr_crc.o
      1058         82         32          0          0      16120   ifr_djimotor.o
      1054         50         32          8          0     962320   ifr_dmmotor.o
       816         38          0          0         16      14292   ifr_fdcan.o
       410          6          0          0          0       1796   ifr_pid.o
      1380         90         32         69         53      11481   ifr_remote.o
      1586        138         80          0          0      16376   ifr_rsmotor.o
       226          0          0          0          0       5840   ifr_state_machine.o
        12          4          4          0         12     962984   ifr_sys_time.o
       246         52          0          0         60       3862   ifr_tim.o
       942        100          0          0         88      10481   ifr_usart.o
      1242        148         68         28       2600      21610   init_car_arm.o
      3270        574          4        140       1376      33196   init_engine_car.o
       588         42          0         76        303      12656   judge.o
       242          6          0          0          0    1165666   main_1.o
       156          0          0          0          0     940103   matrix_math.o
       882        104          4          1        876      10066   receive_remote_ifr.o
       178         22          4          0        764       5846   self_state_machine.o
       392         36          0          0        420       2219   spi.o
        64         26        716          0       4096        884   startup_stm32h723xx.o
       236         44          0         12          0      24565   stm32h7xx_hal.o
       232         12          0          0          0      39537   stm32h7xx_hal_cortex.o
      6368        284          8          0          0      13754   stm32h7xx_hal_dma.o
      3390        138         92          0          0      27407   stm32h7xx_hal_fdcan.o
       340         40          0          0         28      14014   stm32h7xx_hal_flash.o
       268         20          0          0          0       4617   stm32h7xx_hal_flash_ex.o
       934         88          0          0          0       4005   stm32h7xx_hal_gpio.o
        28          6          0          0          0        974   stm32h7xx_hal_msp.o
        84          6          0          0          0        809   stm32h7xx_hal_pwr_ex.o
      2374        102          0          0          0       7288   stm32h7xx_hal_rcc.o
      3622        112          0          0          0       7965   stm32h7xx_hal_rcc_ex.o
      2780         84          0          0          0      15883   stm32h7xx_hal_spi.o
      3264        438          0          0          0      24632   stm32h7xx_hal_tim.o
       192         38          0          0          0       3955   stm32h7xx_hal_tim_ex.o
      3988        256         24          0          0      42821   stm32h7xx_hal_uart.o
       436          6         16          0          0       7385   stm32h7xx_hal_uart_ex.o
       252        102          0          0          0      14338   stm32h7xx_it.o
       192         34         16          8          0       1550   system_stm32h7xx.o
       560         52          0          0        564       4262   tim.o
       152         28          0          0          0       2844   transition_type.o
      1564        136          0          0       1536       5881   usart.o

    ----------------------------------------------------------------------
     52982       4066       2020        724      15456    7778831   Object Totals
         0          0         32          0          0          0   (incl. Generated)
        72          0          0          6          7          0   (incl. Padding)

    ----------------------------------------------------------------------

      Code (inc. data)   RO Data    RW Data    ZI Data      Debug   Library Member Name

        90          0          0          0          0          0   __dczerorl2.o
         8          0          0          0          0         68   __main.o
         0          0          0          0          0          0   __rtentry.o
        12          0          0          0          0          0   __rtentry2.o
         6          0          0          0          0          0   __rtentry4.o
        52          8          0          0          0          0   __scatter.o
        28          0          0          0          0          0   __scatter_zi.o
        22          0          0          0          0        100   _rserrno.o
        22          0          0          0          0         80   abort.o
        46          0          0          0          0         84   aeabi_atexit.o
        16          0          0          0          0         68   aeabi_memset.o
        66          0          0          0          0         84   cxa_finalize.o
        48         34          0          0          0         76   defsig_abrt_inner.o
        14          0          0          0          0         80   defsig_abrt_outer.o
        10          0          0          0          0         68   defsig_exit.o
        50          0          0          0          0         88   defsig_general.o
        80         58          0          0          0         76   defsig_rtmem_inner.o
        14          0          0          0          0         80   defsig_rtmem_outer.o
        18          0          0          0          0         80   exit.o
        94          0          0          0          0         80   h1_alloc.o
        52          0          0          0          0         68   h1_extend.o
        78          0          0          0          0         80   h1_free.o
        14          0          0          0          0         84   h1_init.o
         6          0          0          0          0        152   heapauxi.o
         4          0          0          0          0        136   hguard.o
         0          0          0          0          0          0   indicate_semi.o
        36         10          0          0          0         80   init_aeabi.o
       138          0          0          0          0        168   init_alloc.o
         2          0          0          0          0          0   libinit.o
        18          0          0          0          0          0   libinit2.o
         2          0          0          0          0          0   libshutdown.o
         8          0          0          0          0          0   libshutdown2.o
         8          4          0          0         96         68   libspace.o
       238          0          0          0          0        100   lludivv7m.o
         0          0          0          0          0          0   maybetermalloc1.o
        22          0          0          0          0         76   memset.o
         8          4          0          0          0         68   rt_ddtor_pointer_addr_intlibspace.o
         8          4          0          0          0         68   rt_eh_globals_addr_intlibspace.o
         8          4          0          0          0         68   rt_errno_addr_intlibspace.o
         8          4          0          0          0         68   rt_heap_descriptor_intlibspace.o
        68          0          0          0          0         68   rt_memclr.o
        78          0          0          0          0         80   rt_memclr_w.o
       138          0          0          0          0         68   rt_memcpy_v6.o
       100          0          0          0          0         80   rt_memcpy_w.o
         8          4          0          0          0         68   rt_new_handler_addr_intlibspace.o
         2          0          0          0          0          0   rtexit.o
        10          0          0          0          0          0   rtexit2.o
        12          4          0          0          0         68   sys_exit.o
        74          0          0          0          0         80   sys_stackheap_outer.o
        14          0          0          0          0         76   sys_wrch.o
         2          0          0          0          0         68   use_no_semi.o
        36          0          0          0          0         84   aeabi_vec_ctor_nocookie_nodtor.o
        34          0          0          0          0         84   aeabi_vec_dtor_noexceptions.o
        80         12          0          0          0        104   arm_exceptions_globs.o
        60          0          0          0          0        108   arm_exceptions_mem.o
        26          0          0          0          0         76   arm_exceptions_terminate.o
         4          0          0          0          0         68   arm_newhandler_noexceptions.o
         8          0          0          0          0         76   array_del.o
         8          0          0          0          0         76   array_new.o
         8          0          0          0          0         76   delete.o
        40          6          0          0          0         76   new.o
       140          4          0          0          0        132   fnaninf.o
        10          0          0          0          0        116   fpinit.o
       244          8          0          0          0        132   frem_clz.o
         0          0          0          0          0          0   usenofp.o
       312         54          0          0          0        176   asinf.o
       600         98          0          0          0        184   atan2f.o
       336         60          0          0          0        136   cosf.o
       176          0          0          0          0        168   fmodf.o
        38          0          0          0          0        116   fpclassifyf.o
        44         12          0          0          0        464   funder.o
       340         24         32          0          0        160   rredf.o
        62          0          0          0          0        136   sqrtf.o

    ----------------------------------------------------------------------
      4486        416         32          0        100       5800   Library Totals
        20          0          0          0          4          0   (incl. Padding)

    ----------------------------------------------------------------------

      Code (inc. data)   RO Data    RW Data    ZI Data      Debug   Library Name

      1860        138          0          0         96       3052   c_w.l
       304         18          0          0          0        828   cpprt_w.l
       394         12          0          0          0        380   fz_wv.l
      1908        248         32          0          0       1540   m_wv.l

    ----------------------------------------------------------------------
      4486        416         32          0        100       5800   Library Totals

    ----------------------------------------------------------------------

==============================================================================


      Code (inc. data)   RO Data    RW Data    ZI Data      Debug   

     57468       4482       2052        724      15556    7741743   Grand Totals
     57468       4482       2052        220      15556    7741743   ELF Image Totals (compressed)
     57468       4482       2052        220          0          0   ROM Totals

==============================================================================

    Total RO  Size (Code + RO Data)                59520 (  58.13kB)
    Total RW  Size (RW Data + ZI Data)             16280 (  15.90kB)
    Total ROM Size (Code + RO Data + RW Data)      59740 (  58.34kB)

==============================================================================

