<!doctype html public "-//w3c//dtd html 4.0 transitional//en">
<html><head>
<title>Static Call Graph - [enginee_basis\enginee_basis.axf]</title></head>
<body><HR>
<H1>Static Call Graph for image enginee_basis\enginee_basis.axf</H1><HR>
<BR><P>#&#060CALLGRAPH&#062# ARM Linker, 5060750: Last Updated: Fri Sep 11 16:32:13 2026
<BR><P>
<H3>Maximum Stack Usage =        344 bytes + Unknown(Functions without stacksize, Cycles, Untraceable Function Pointers)</H3><H3>
Call chain for Maximum Stack Depth:</H3>
HAL_UART_ErrorCallback &rArr; IFR_USART_ClassDef::ifr_usart_restart() &rArr; HAL_UART_MspInit &rArr; HAL_RCCEx_PeriphCLKConfig &rArr; RCCEx_PLL3_Config
<P>
<H3>
Functions with no stack information
</H3><UL>
 <LI><a href="#[151]">__user_initial_stackheap</a>
</UL>
</UL>
<P>
<H3>
Mutually Recursive functions
</H3> <LI><a href="#[91]">ADC3_IRQHandler</a>&nbsp;&nbsp;&nbsp;&rArr;&nbsp;&nbsp;&nbsp;<a href="#[91]">ADC3_IRQHandler</a><BR>
 <LI><a href="#[22]">BusFault_Handler</a>&nbsp;&nbsp;&nbsp;&rArr;&nbsp;&nbsp;&nbsp;<a href="#[22]">BusFault_Handler</a><BR>
 <LI><a href="#[20]">HardFault_Handler</a>&nbsp;&nbsp;&nbsp;&rArr;&nbsp;&nbsp;&nbsp;<a href="#[20]">HardFault_Handler</a><BR>
 <LI><a href="#[21]">MemManage_Handler</a>&nbsp;&nbsp;&nbsp;&rArr;&nbsp;&nbsp;&nbsp;<a href="#[21]">MemManage_Handler</a><BR>
 <LI><a href="#[1f]">NMI_Handler</a>&nbsp;&nbsp;&nbsp;&rArr;&nbsp;&nbsp;&nbsp;<a href="#[1f]">NMI_Handler</a><BR>
 <LI><a href="#[23]">UsageFault_Handler</a>&nbsp;&nbsp;&nbsp;&rArr;&nbsp;&nbsp;&nbsp;<a href="#[23]">UsageFault_Handler</a><BR>
 <LI><a href="#[1e7]">UART_EndTxTransfer</a>&nbsp;&nbsp;&nbsp;&rArr;&nbsp;&nbsp;&nbsp;<a href="#[1e7]">UART_EndTxTransfer</a><BR>
</UL>
<P>
<H3>
Function Pointers
</H3><UL>
 <LI><a href="#[91]">ADC3_IRQHandler</a> from startup_stm32h723xx.o(.text) referenced from startup_stm32h723xx.o(RESET)
 <LI><a href="#[3a]">ADC_IRQHandler</a> from startup_stm32h723xx.o(.text) referenced from startup_stm32h723xx.o(RESET)
 <LI><a href="#[93]">BDMA_Channel0_IRQHandler</a> from startup_stm32h723xx.o(.text) referenced from startup_stm32h723xx.o(RESET)
 <LI><a href="#[94]">BDMA_Channel1_IRQHandler</a> from startup_stm32h723xx.o(.text) referenced from startup_stm32h723xx.o(RESET)
 <LI><a href="#[95]">BDMA_Channel2_IRQHandler</a> from startup_stm32h723xx.o(.text) referenced from startup_stm32h723xx.o(RESET)
 <LI><a href="#[96]">BDMA_Channel3_IRQHandler</a> from startup_stm32h723xx.o(.text) referenced from startup_stm32h723xx.o(RESET)
 <LI><a href="#[97]">BDMA_Channel4_IRQHandler</a> from startup_stm32h723xx.o(.text) referenced from startup_stm32h723xx.o(RESET)
 <LI><a href="#[98]">BDMA_Channel5_IRQHandler</a> from startup_stm32h723xx.o(.text) referenced from startup_stm32h723xx.o(RESET)
 <LI><a href="#[99]">BDMA_Channel6_IRQHandler</a> from startup_stm32h723xx.o(.text) referenced from startup_stm32h723xx.o(RESET)
 <LI><a href="#[9a]">BDMA_Channel7_IRQHandler</a> from startup_stm32h723xx.o(.text) referenced from startup_stm32h723xx.o(RESET)
 <LI><a href="#[22]">BusFault_Handler</a> from stm32h7xx_it.o(i.BusFault_Handler) referenced from startup_stm32h723xx.o(RESET)
 <LI><a href="#[7f]">CEC_IRQHandler</a> from startup_stm32h723xx.o(.text) referenced from startup_stm32h723xx.o(RESET)
 <LI><a href="#[9b]">COMP1_IRQHandler</a> from startup_stm32h723xx.o(.text) referenced from startup_stm32h723xx.o(RESET)
 <LI><a href="#[a8]">CORDIC_IRQHandler</a> from startup_stm32h723xx.o(.text) referenced from startup_stm32h723xx.o(RESET)
 <LI><a href="#[a1]">CRS_IRQHandler</a> from startup_stm32h723xx.o(.text) referenced from startup_stm32h723xx.o(RESET)
 <LI><a href="#[71]">DCMI_PSSI_IRQHandler</a> from startup_stm32h723xx.o(.text) referenced from startup_stm32h723xx.o(RESET)
 <LI><a href="#[84]">DFSDM1_FLT0_IRQHandler</a> from startup_stm32h723xx.o(.text) referenced from startup_stm32h723xx.o(RESET)
 <LI><a href="#[85]">DFSDM1_FLT1_IRQHandler</a> from startup_stm32h723xx.o(.text) referenced from startup_stm32h723xx.o(RESET)
 <LI><a href="#[86]">DFSDM1_FLT2_IRQHandler</a> from startup_stm32h723xx.o(.text) referenced from startup_stm32h723xx.o(RESET)
 <LI><a href="#[87]">DFSDM1_FLT3_IRQHandler</a> from startup_stm32h723xx.o(.text) referenced from startup_stm32h723xx.o(RESET)
 <LI><a href="#[33]">DMA1_Stream0_IRQHandler</a> from stm32h7xx_it.o(i.DMA1_Stream0_IRQHandler) referenced from startup_stm32h723xx.o(RESET)
 <LI><a href="#[34]">DMA1_Stream1_IRQHandler</a> from stm32h7xx_it.o(i.DMA1_Stream1_IRQHandler) referenced from startup_stm32h723xx.o(RESET)
 <LI><a href="#[35]">DMA1_Stream2_IRQHandler</a> from stm32h7xx_it.o(i.DMA1_Stream2_IRQHandler) referenced from startup_stm32h723xx.o(RESET)
 <LI><a href="#[36]">DMA1_Stream3_IRQHandler</a> from stm32h7xx_it.o(i.DMA1_Stream3_IRQHandler) referenced from startup_stm32h723xx.o(RESET)
 <LI><a href="#[37]">DMA1_Stream4_IRQHandler</a> from stm32h7xx_it.o(i.DMA1_Stream4_IRQHandler) referenced from startup_stm32h723xx.o(RESET)
 <LI><a href="#[38]">DMA1_Stream5_IRQHandler</a> from stm32h7xx_it.o(i.DMA1_Stream5_IRQHandler) referenced from startup_stm32h723xx.o(RESET)
 <LI><a href="#[39]">DMA1_Stream6_IRQHandler</a> from stm32h7xx_it.o(i.DMA1_Stream6_IRQHandler) referenced from startup_stm32h723xx.o(RESET)
 <LI><a href="#[56]">DMA1_Stream7_IRQHandler</a> from stm32h7xx_it.o(i.DMA1_Stream7_IRQHandler) referenced from startup_stm32h723xx.o(RESET)
 <LI><a href="#[7c]">DMA2D_IRQHandler</a> from startup_stm32h723xx.o(.text) referenced from startup_stm32h723xx.o(RESET)
 <LI><a href="#[5f]">DMA2_Stream0_IRQHandler</a> from startup_stm32h723xx.o(.text) referenced from startup_stm32h723xx.o(RESET)
 <LI><a href="#[60]">DMA2_Stream1_IRQHandler</a> from startup_stm32h723xx.o(.text) referenced from startup_stm32h723xx.o(RESET)
 <LI><a href="#[61]">DMA2_Stream2_IRQHandler</a> from startup_stm32h723xx.o(.text) referenced from startup_stm32h723xx.o(RESET)
 <LI><a href="#[62]">DMA2_Stream3_IRQHandler</a> from startup_stm32h723xx.o(.text) referenced from startup_stm32h723xx.o(RESET)
 <LI><a href="#[63]">DMA2_Stream4_IRQHandler</a> from startup_stm32h723xx.o(.text) referenced from startup_stm32h723xx.o(RESET)
 <LI><a href="#[67]">DMA2_Stream5_IRQHandler</a> from startup_stm32h723xx.o(.text) referenced from startup_stm32h723xx.o(RESET)
 <LI><a href="#[68]">DMA2_Stream6_IRQHandler</a> from startup_stm32h723xx.o(.text) referenced from startup_stm32h723xx.o(RESET)
 <LI><a href="#[69]">DMA2_Stream7_IRQHandler</a> from startup_stm32h723xx.o(.text) referenced from startup_stm32h723xx.o(RESET)
 <LI><a href="#[83]">DMAMUX1_OVR_IRQHandler</a> from startup_stm32h723xx.o(.text) referenced from startup_stm32h723xx.o(RESET)
 <LI><a href="#[92]">DMAMUX2_OVR_IRQHandler</a> from startup_stm32h723xx.o(.text) referenced from startup_stm32h723xx.o(RESET)
 <LI><a href="#[a4]">DTS_IRQHandler</a> from startup_stm32h723xx.o(.text) referenced from startup_stm32h723xx.o(RESET)
 <LI><a href="#[25]">DebugMon_Handler</a> from stm32h7xx_it.o(i.DebugMon_Handler) referenced from startup_stm32h723xx.o(RESET)
 <LI><a href="#[a2]">ECC_IRQHandler</a> from startup_stm32h723xx.o(.text) referenced from startup_stm32h723xx.o(RESET)
 <LI><a href="#[64]">ETH_IRQHandler</a> from startup_stm32h723xx.o(.text) referenced from startup_stm32h723xx.o(RESET)
 <LI><a href="#[65]">ETH_WKUP_IRQHandler</a> from startup_stm32h723xx.o(.text) referenced from startup_stm32h723xx.o(RESET)
 <LI><a href="#[2e]">EXTI0_IRQHandler</a> from stm32h7xx_it.o(i.EXTI0_IRQHandler) referenced from startup_stm32h723xx.o(RESET)
 <LI><a href="#[50]">EXTI15_10_IRQHandler</a> from stm32h7xx_it.o(i.EXTI15_10_IRQHandler) referenced from startup_stm32h723xx.o(RESET)
 <LI><a href="#[2f]">EXTI1_IRQHandler</a> from startup_stm32h723xx.o(.text) referenced from startup_stm32h723xx.o(RESET)
 <LI><a href="#[30]">EXTI2_IRQHandler</a> from startup_stm32h723xx.o(.text) referenced from startup_stm32h723xx.o(RESET)
 <LI><a href="#[31]">EXTI3_IRQHandler</a> from startup_stm32h723xx.o(.text) referenced from startup_stm32h723xx.o(RESET)
 <LI><a href="#[32]">EXTI4_IRQHandler</a> from startup_stm32h723xx.o(.text) referenced from startup_stm32h723xx.o(RESET)
 <LI><a href="#[3f]">EXTI9_5_IRQHandler</a> from startup_stm32h723xx.o(.text) referenced from startup_stm32h723xx.o(RESET)
 <LI><a href="#[3b]">FDCAN1_IT0_IRQHandler</a> from stm32h7xx_it.o(i.FDCAN1_IT0_IRQHandler) referenced from startup_stm32h723xx.o(RESET)
 <LI><a href="#[3d]">FDCAN1_IT1_IRQHandler</a> from startup_stm32h723xx.o(.text) referenced from startup_stm32h723xx.o(RESET)
 <LI><a href="#[3c]">FDCAN2_IT0_IRQHandler</a> from stm32h7xx_it.o(i.FDCAN2_IT0_IRQHandler) referenced from startup_stm32h723xx.o(RESET)
 <LI><a href="#[3e]">FDCAN2_IT1_IRQHandler</a> from startup_stm32h723xx.o(.text) referenced from startup_stm32h723xx.o(RESET)
 <LI><a href="#[ad]">FDCAN3_IT0_IRQHandler</a> from stm32h7xx_it.o(i.FDCAN3_IT0_IRQHandler) referenced from startup_stm32h723xx.o(RESET)
 <LI><a href="#[ae]">FDCAN3_IT1_IRQHandler</a> from startup_stm32h723xx.o(.text) referenced from startup_stm32h723xx.o(RESET)
 <LI><a href="#[66]">FDCAN_CAL_IRQHandler</a> from startup_stm32h723xx.o(.text) referenced from startup_stm32h723xx.o(RESET)
 <LI><a href="#[2c]">FLASH_IRQHandler</a> from startup_stm32h723xx.o(.text) referenced from startup_stm32h723xx.o(RESET)
 <LI><a href="#[a7]">FMAC_IRQHandler</a> from startup_stm32h723xx.o(.text) referenced from startup_stm32h723xx.o(RESET)
 <LI><a href="#[57]">FMC_IRQHandler</a> from startup_stm32h723xx.o(.text) referenced from startup_stm32h723xx.o(RESET)
 <LI><a href="#[73]">FPU_IRQHandler</a> from startup_stm32h723xx.o(.text) referenced from startup_stm32h723xx.o(RESET)
 <LI><a href="#[b4]">HAL_FDCAN_ClockCalibrationCallback</a> from stm32h7xx_hal_fdcan.o(i.HAL_FDCAN_ClockCalibrationCallback) referenced from stm32h7xx_hal_fdcan.o(i.HAL_FDCAN_Init)
 <LI><a href="#[bf]">HAL_FDCAN_ErrorCallback</a> from stm32h7xx_hal_fdcan.o(i.HAL_FDCAN_ErrorCallback) referenced from stm32h7xx_hal_fdcan.o(i.HAL_FDCAN_Init)
 <LI><a href="#[c0]">HAL_FDCAN_ErrorStatusCallback</a> from stm32h7xx_hal_fdcan.o(i.HAL_FDCAN_ErrorStatusCallback) referenced from stm32h7xx_hal_fdcan.o(i.HAL_FDCAN_Init)
 <LI><a href="#[bc]">HAL_FDCAN_HighPriorityMessageCallback</a> from stm32h7xx_hal_fdcan.o(i.HAL_FDCAN_HighPriorityMessageCallback) referenced from stm32h7xx_hal_fdcan.o(i.HAL_FDCAN_Init)
 <LI><a href="#[c5]">HAL_FDCAN_MspInit</a> from fdcan.o(i.HAL_FDCAN_MspInit) referenced from stm32h7xx_hal_fdcan.o(i.HAL_FDCAN_Init)
 <LI><a href="#[bb]">HAL_FDCAN_RxBufferNewMessageCallback</a> from stm32h7xx_hal_fdcan.o(i.HAL_FDCAN_RxBufferNewMessageCallback) referenced from stm32h7xx_hal_fdcan.o(i.HAL_FDCAN_Init)
 <LI><a href="#[b6]">HAL_FDCAN_RxFifo0Callback</a> from stm32h7xx_hal_fdcan.o(i.HAL_FDCAN_RxFifo0Callback) referenced from stm32h7xx_hal_fdcan.o(i.HAL_FDCAN_Init)
 <LI><a href="#[b7]">HAL_FDCAN_RxFifo1Callback</a> from stm32h7xx_hal_fdcan.o(i.HAL_FDCAN_RxFifo1Callback) referenced from stm32h7xx_hal_fdcan.o(i.HAL_FDCAN_Init)
 <LI><a href="#[c4]">HAL_FDCAN_TT_GlobalTimeCallback</a> from stm32h7xx_hal_fdcan.o(i.HAL_FDCAN_TT_GlobalTimeCallback) referenced from stm32h7xx_hal_fdcan.o(i.HAL_FDCAN_Init)
 <LI><a href="#[c1]">HAL_FDCAN_TT_ScheduleSyncCallback</a> from stm32h7xx_hal_fdcan.o(i.HAL_FDCAN_TT_ScheduleSyncCallback) referenced from stm32h7xx_hal_fdcan.o(i.HAL_FDCAN_Init)
 <LI><a href="#[c3]">HAL_FDCAN_TT_StopWatchCallback</a> from stm32h7xx_hal_fdcan.o(i.HAL_FDCAN_TT_StopWatchCallback) referenced from stm32h7xx_hal_fdcan.o(i.HAL_FDCAN_Init)
 <LI><a href="#[c2]">HAL_FDCAN_TT_TimeMarkCallback</a> from stm32h7xx_hal_fdcan.o(i.HAL_FDCAN_TT_TimeMarkCallback) referenced from stm32h7xx_hal_fdcan.o(i.HAL_FDCAN_Init)
 <LI><a href="#[be]">HAL_FDCAN_TimeoutOccurredCallback</a> from stm32h7xx_hal_fdcan.o(i.HAL_FDCAN_TimeoutOccurredCallback) referenced from stm32h7xx_hal_fdcan.o(i.HAL_FDCAN_Init)
 <LI><a href="#[bd]">HAL_FDCAN_TimestampWraparoundCallback</a> from stm32h7xx_hal_fdcan.o(i.HAL_FDCAN_TimestampWraparoundCallback) referenced from stm32h7xx_hal_fdcan.o(i.HAL_FDCAN_Init)
 <LI><a href="#[ba]">HAL_FDCAN_TxBufferAbortCallback</a> from stm32h7xx_hal_fdcan.o(i.HAL_FDCAN_TxBufferAbortCallback) referenced from stm32h7xx_hal_fdcan.o(i.HAL_FDCAN_Init)
 <LI><a href="#[b9]">HAL_FDCAN_TxBufferCompleteCallback</a> from stm32h7xx_hal_fdcan.o(i.HAL_FDCAN_TxBufferCompleteCallback) referenced from stm32h7xx_hal_fdcan.o(i.HAL_FDCAN_Init)
 <LI><a href="#[b5]">HAL_FDCAN_TxEventFifoCallback</a> from stm32h7xx_hal_fdcan.o(i.HAL_FDCAN_TxEventFifoCallback) referenced from stm32h7xx_hal_fdcan.o(i.HAL_FDCAN_Init)
 <LI><a href="#[b8]">HAL_FDCAN_TxFifoEmptyCallback</a> from stm32h7xx_hal_fdcan.o(i.HAL_FDCAN_TxFifoEmptyCallback) referenced from stm32h7xx_hal_fdcan.o(i.HAL_FDCAN_Init)
 <LI><a href="#[ce]">HAL_SPI_AbortCpltCallback</a> from stm32h7xx_hal_spi.o(i.HAL_SPI_AbortCpltCallback) referenced from stm32h7xx_hal_spi.o(i.HAL_SPI_Init)
 <LI><a href="#[cd]">HAL_SPI_ErrorCallback</a> from bmi088.o(i.HAL_SPI_ErrorCallback) referenced from stm32h7xx_hal_spi.o(i.HAL_SPI_Init)
 <LI><a href="#[d0]">HAL_SPI_MspInit</a> from spi.o(i.HAL_SPI_MspInit) referenced from stm32h7xx_hal_spi.o(i.HAL_SPI_Init)
 <LI><a href="#[c8]">HAL_SPI_RxCpltCallback</a> from stm32h7xx_hal_spi.o(i.HAL_SPI_RxCpltCallback) referenced from stm32h7xx_hal_spi.o(i.HAL_SPI_Init)
 <LI><a href="#[cb]">HAL_SPI_RxHalfCpltCallback</a> from stm32h7xx_hal_spi.o(i.HAL_SPI_RxHalfCpltCallback) referenced from stm32h7xx_hal_spi.o(i.HAL_SPI_Init)
 <LI><a href="#[cf]">HAL_SPI_SuspendCallback</a> from stm32h7xx_hal_spi.o(i.HAL_SPI_SuspendCallback) referenced from stm32h7xx_hal_spi.o(i.HAL_SPI_Init)
 <LI><a href="#[c7]">HAL_SPI_TxCpltCallback</a> from stm32h7xx_hal_spi.o(i.HAL_SPI_TxCpltCallback) referenced from stm32h7xx_hal_spi.o(i.HAL_SPI_Init)
 <LI><a href="#[ca]">HAL_SPI_TxHalfCpltCallback</a> from stm32h7xx_hal_spi.o(i.HAL_SPI_TxHalfCpltCallback) referenced from stm32h7xx_hal_spi.o(i.HAL_SPI_Init)
 <LI><a href="#[c9]">HAL_SPI_TxRxCpltCallback</a> from bmi088.o(i.HAL_SPI_TxRxCpltCallback) referenced from stm32h7xx_hal_spi.o(i.HAL_SPI_Init)
 <LI><a href="#[cc]">HAL_SPI_TxRxHalfCpltCallback</a> from stm32h7xx_hal_spi.o(i.HAL_SPI_TxRxHalfCpltCallback) referenced from stm32h7xx_hal_spi.o(i.HAL_SPI_Init)
 <LI><a href="#[e8]">HAL_TIMEx_Break2Callback</a> from stm32h7xx_hal_tim_ex.o(i.HAL_TIMEx_Break2Callback) referenced from stm32h7xx_hal_tim.o(i.TIM_ResetCallback)
 <LI><a href="#[e7]">HAL_TIMEx_BreakCallback</a> from stm32h7xx_hal_tim_ex.o(i.HAL_TIMEx_BreakCallback) referenced from stm32h7xx_hal_tim.o(i.TIM_ResetCallback)
 <LI><a href="#[e5]">HAL_TIMEx_CommutCallback</a> from stm32h7xx_hal_tim_ex.o(i.HAL_TIMEx_CommutCallback) referenced from stm32h7xx_hal_tim.o(i.TIM_ResetCallback)
 <LI><a href="#[e6]">HAL_TIMEx_CommutHalfCpltCallback</a> from stm32h7xx_hal_tim_ex.o(i.HAL_TIMEx_CommutHalfCpltCallback) referenced from stm32h7xx_hal_tim.o(i.TIM_ResetCallback)
 <LI><a href="#[d4]">HAL_TIM_Base_MspInit</a> from tim.o(i.HAL_TIM_Base_MspInit) referenced from stm32h7xx_hal_tim.o(i.HAL_TIM_Base_Init)
 <LI><a href="#[e4]">HAL_TIM_ErrorCallback</a> from stm32h7xx_hal_tim.o(i.HAL_TIM_ErrorCallback) referenced from stm32h7xx_hal_tim.o(i.TIM_ResetCallback)
 <LI><a href="#[df]">HAL_TIM_IC_CaptureCallback</a> from stm32h7xx_hal_tim.o(i.HAL_TIM_IC_CaptureCallback) referenced from stm32h7xx_hal_tim.o(i.TIM_ResetCallback)
 <LI><a href="#[e0]">HAL_TIM_IC_CaptureHalfCpltCallback</a> from stm32h7xx_hal_tim.o(i.HAL_TIM_IC_CaptureHalfCpltCallback) referenced from stm32h7xx_hal_tim.o(i.TIM_ResetCallback)
 <LI><a href="#[e1]">HAL_TIM_OC_DelayElapsedCallback</a> from stm32h7xx_hal_tim.o(i.HAL_TIM_OC_DelayElapsedCallback) referenced from stm32h7xx_hal_tim.o(i.TIM_ResetCallback)
 <LI><a href="#[d5]">HAL_TIM_PWM_MspInit</a> from stm32h7xx_hal_tim.o(i.HAL_TIM_PWM_MspInit) referenced from stm32h7xx_hal_tim.o(i.HAL_TIM_PWM_Init)
 <LI><a href="#[e2]">HAL_TIM_PWM_PulseFinishedCallback</a> from stm32h7xx_hal_tim.o(i.HAL_TIM_PWM_PulseFinishedCallback) referenced from stm32h7xx_hal_tim.o(i.TIM_ResetCallback)
 <LI><a href="#[e3]">HAL_TIM_PWM_PulseFinishedHalfCpltCallback</a> from stm32h7xx_hal_tim.o(i.HAL_TIM_PWM_PulseFinishedHalfCpltCallback) referenced from stm32h7xx_hal_tim.o(i.TIM_ResetCallback)
 <LI><a href="#[db]">HAL_TIM_PeriodElapsedCallback</a> from stm32h7xx_hal_tim.o(i.HAL_TIM_PeriodElapsedCallback) referenced from stm32h7xx_hal_tim.o(i.TIM_ResetCallback)
 <LI><a href="#[dc]">HAL_TIM_PeriodElapsedHalfCpltCallback</a> from stm32h7xx_hal_tim.o(i.HAL_TIM_PeriodElapsedHalfCpltCallback) referenced from stm32h7xx_hal_tim.o(i.TIM_ResetCallback)
 <LI><a href="#[dd]">HAL_TIM_TriggerCallback</a> from stm32h7xx_hal_tim.o(i.HAL_TIM_TriggerCallback) referenced from stm32h7xx_hal_tim.o(i.TIM_ResetCallback)
 <LI><a href="#[de]">HAL_TIM_TriggerHalfCpltCallback</a> from stm32h7xx_hal_tim.o(i.HAL_TIM_TriggerHalfCpltCallback) referenced from stm32h7xx_hal_tim.o(i.TIM_ResetCallback)
 <LI><a href="#[f4]">HAL_UARTEx_RxEventCallback</a> from stm32h7xx_hal_uart.o(i.HAL_UARTEx_RxEventCallback) referenced from stm32h7xx_hal_uart.o(i.UART_InitCallbacksToDefault)
 <LI><a href="#[f2]">HAL_UARTEx_RxFifoFullCallback</a> from stm32h7xx_hal_uart_ex.o(i.HAL_UARTEx_RxFifoFullCallback) referenced from stm32h7xx_hal_uart.o(i.UART_InitCallbacksToDefault)
 <LI><a href="#[f3]">HAL_UARTEx_TxFifoEmptyCallback</a> from stm32h7xx_hal_uart_ex.o(i.HAL_UARTEx_TxFifoEmptyCallback) referenced from stm32h7xx_hal_uart.o(i.UART_InitCallbacksToDefault)
 <LI><a href="#[f1]">HAL_UARTEx_WakeupCallback</a> from stm32h7xx_hal_uart_ex.o(i.HAL_UARTEx_WakeupCallback) referenced from stm32h7xx_hal_uart.o(i.UART_InitCallbacksToDefault)
 <LI><a href="#[ee]">HAL_UART_AbortCpltCallback</a> from stm32h7xx_hal_uart.o(i.HAL_UART_AbortCpltCallback) referenced from stm32h7xx_hal_uart.o(i.UART_InitCallbacksToDefault)
 <LI><a href="#[f0]">HAL_UART_AbortReceiveCpltCallback</a> from stm32h7xx_hal_uart.o(i.HAL_UART_AbortReceiveCpltCallback) referenced from stm32h7xx_hal_uart.o(i.UART_InitCallbacksToDefault)
 <LI><a href="#[ef]">HAL_UART_AbortTransmitCpltCallback</a> from stm32h7xx_hal_uart.o(i.HAL_UART_AbortTransmitCpltCallback) referenced from stm32h7xx_hal_uart.o(i.UART_InitCallbacksToDefault)
 <LI><a href="#[ed]">HAL_UART_ErrorCallback</a> from ifr_usart.o(i.HAL_UART_ErrorCallback) referenced from stm32h7xx_hal_uart.o(i.UART_InitCallbacksToDefault)
 <LI><a href="#[d7]">HAL_UART_MspInit</a> from usart.o(i.HAL_UART_MspInit) referenced from stm32h7xx_hal_uart.o(i.HAL_UART_Init)
 <LI><a href="#[ec]">HAL_UART_RxCpltCallback</a> from stm32h7xx_hal_uart.o(i.HAL_UART_RxCpltCallback) referenced from stm32h7xx_hal_uart.o(i.UART_InitCallbacksToDefault)
 <LI><a href="#[eb]">HAL_UART_RxHalfCpltCallback</a> from stm32h7xx_hal_uart.o(i.HAL_UART_RxHalfCpltCallback) referenced from stm32h7xx_hal_uart.o(i.UART_InitCallbacksToDefault)
 <LI><a href="#[ea]">HAL_UART_TxCpltCallback</a> from stm32h7xx_hal_uart.o(i.HAL_UART_TxCpltCallback) referenced from stm32h7xx_hal_uart.o(i.UART_InitCallbacksToDefault)
 <LI><a href="#[e9]">HAL_UART_TxHalfCpltCallback</a> from stm32h7xx_hal_uart.o(i.HAL_UART_TxHalfCpltCallback) referenced from stm32h7xx_hal_uart.o(i.UART_InitCallbacksToDefault)
 <LI><a href="#[90]">HSEM1_IRQHandler</a> from startup_stm32h723xx.o(.text) referenced from startup_stm32h723xx.o(RESET)
 <LI><a href="#[20]">HardFault_Handler</a> from stm32h7xx_it.o(i.HardFault_Handler) referenced from startup_stm32h723xx.o(RESET)
 <LI><a href="#[48]">I2C1_ER_IRQHandler</a> from startup_stm32h723xx.o(.text) referenced from startup_stm32h723xx.o(RESET)
 <LI><a href="#[47]">I2C1_EV_IRQHandler</a> from startup_stm32h723xx.o(.text) referenced from startup_stm32h723xx.o(RESET)
 <LI><a href="#[4a]">I2C2_ER_IRQHandler</a> from startup_stm32h723xx.o(.text) referenced from startup_stm32h723xx.o(RESET)
 <LI><a href="#[49]">I2C2_EV_IRQHandler</a> from startup_stm32h723xx.o(.text) referenced from startup_stm32h723xx.o(RESET)
 <LI><a href="#[6c]">I2C3_ER_IRQHandler</a> from startup_stm32h723xx.o(.text) referenced from startup_stm32h723xx.o(RESET)
 <LI><a href="#[6b]">I2C3_EV_IRQHandler</a> from startup_stm32h723xx.o(.text) referenced from startup_stm32h723xx.o(RESET)
 <LI><a href="#[81]">I2C4_ER_IRQHandler</a> from startup_stm32h723xx.o(.text) referenced from startup_stm32h723xx.o(RESET)
 <LI><a href="#[80]">I2C4_EV_IRQHandler</a> from startup_stm32h723xx.o(.text) referenced from startup_stm32h723xx.o(RESET)
 <LI><a href="#[ac]">I2C5_ER_IRQHandler</a> from startup_stm32h723xx.o(.text) referenced from startup_stm32h723xx.o(RESET)
 <LI><a href="#[ab]">I2C5_EV_IRQHandler</a> from startup_stm32h723xx.o(.text) referenced from startup_stm32h723xx.o(RESET)
 <LI><a href="#[f7]">JudgeData_analysis</a> from judge.o(i.JudgeData_analysis) referenced from init_engine_car.o(i._Z15Init_engine_carv)
 <LI><a href="#[7e]">LPTIM1_IRQHandler</a> from startup_stm32h723xx.o(.text) referenced from startup_stm32h723xx.o(RESET)
 <LI><a href="#[9c]">LPTIM2_IRQHandler</a> from startup_stm32h723xx.o(.text) referenced from startup_stm32h723xx.o(RESET)
 <LI><a href="#[9d]">LPTIM3_IRQHandler</a> from startup_stm32h723xx.o(.text) referenced from startup_stm32h723xx.o(RESET)
 <LI><a href="#[9e]">LPTIM4_IRQHandler</a> from startup_stm32h723xx.o(.text) referenced from startup_stm32h723xx.o(RESET)
 <LI><a href="#[9f]">LPTIM5_IRQHandler</a> from startup_stm32h723xx.o(.text) referenced from startup_stm32h723xx.o(RESET)
 <LI><a href="#[a0]">LPUART1_IRQHandler</a> from startup_stm32h723xx.o(.text) referenced from startup_stm32h723xx.o(RESET)
 <LI><a href="#[7b]">LTDC_ER_IRQHandler</a> from startup_stm32h723xx.o(.text) referenced from startup_stm32h723xx.o(RESET)
 <LI><a href="#[7a]">LTDC_IRQHandler</a> from startup_stm32h723xx.o(.text) referenced from startup_stm32h723xx.o(RESET)
 <LI><a href="#[8d]">MDIOS_IRQHandler</a> from startup_stm32h723xx.o(.text) referenced from startup_stm32h723xx.o(RESET)
 <LI><a href="#[8c]">MDIOS_WKUP_IRQHandler</a> from startup_stm32h723xx.o(.text) referenced from startup_stm32h723xx.o(RESET)
 <LI><a href="#[8e]">MDMA_IRQHandler</a> from startup_stm32h723xx.o(.text) referenced from startup_stm32h723xx.o(RESET)
 <LI><a href="#[21]">MemManage_Handler</a> from stm32h7xx_it.o(i.MemManage_Handler) referenced from startup_stm32h723xx.o(RESET)
 <LI><a href="#[1f]">NMI_Handler</a> from stm32h7xx_it.o(i.NMI_Handler) referenced from startup_stm32h723xx.o(RESET)
 <LI><a href="#[7d]">OCTOSPI1_IRQHandler</a> from startup_stm32h723xx.o(.text) referenced from startup_stm32h723xx.o(RESET)
 <LI><a href="#[a6]">OCTOSPI2_IRQHandler</a> from startup_stm32h723xx.o(.text) referenced from startup_stm32h723xx.o(RESET)
 <LI><a href="#[6e]">OTG_HS_EP1_IN_IRQHandler</a> from startup_stm32h723xx.o(.text) referenced from startup_stm32h723xx.o(RESET)
 <LI><a href="#[6d]">OTG_HS_EP1_OUT_IRQHandler</a> from startup_stm32h723xx.o(.text) referenced from startup_stm32h723xx.o(RESET)
 <LI><a href="#[70]">OTG_HS_IRQHandler</a> from startup_stm32h723xx.o(.text) referenced from startup_stm32h723xx.o(RESET)
 <LI><a href="#[6f]">OTG_HS_WKUP_IRQHandler</a> from startup_stm32h723xx.o(.text) referenced from startup_stm32h723xx.o(RESET)
 <LI><a href="#[29]">PVD_AVD_IRQHandler</a> from startup_stm32h723xx.o(.text) referenced from startup_stm32h723xx.o(RESET)
 <LI><a href="#[26]">PendSV_Handler</a> from stm32h7xx_it.o(i.PendSV_Handler) referenced from startup_stm32h723xx.o(RESET)
 <LI><a href="#[2d]">RCC_IRQHandler</a> from startup_stm32h723xx.o(.text) referenced from startup_stm32h723xx.o(RESET)
 <LI><a href="#[72]">RNG_IRQHandler</a> from startup_stm32h723xx.o(.text) referenced from startup_stm32h723xx.o(RESET)
 <LI><a href="#[51]">RTC_Alarm_IRQHandler</a> from startup_stm32h723xx.o(.text) referenced from startup_stm32h723xx.o(RESET)
 <LI><a href="#[2b]">RTC_WKUP_IRQHandler</a> from startup_stm32h723xx.o(.text) referenced from startup_stm32h723xx.o(RESET)
 <LI><a href="#[1e]">Reset_Handler</a> from startup_stm32h723xx.o(.text) referenced from startup_stm32h723xx.o(RESET)
 <LI><a href="#[79]">SAI1_IRQHandler</a> from startup_stm32h723xx.o(.text) referenced from startup_stm32h723xx.o(RESET)
 <LI><a href="#[a3]">SAI4_IRQHandler</a> from startup_stm32h723xx.o(.text) referenced from startup_stm32h723xx.o(RESET)
 <LI><a href="#[58]">SDMMC1_IRQHandler</a> from startup_stm32h723xx.o(.text) referenced from startup_stm32h723xx.o(RESET)
 <LI><a href="#[8f]">SDMMC2_IRQHandler</a> from startup_stm32h723xx.o(.text) referenced from startup_stm32h723xx.o(RESET)
 <LI><a href="#[82]">SPDIF_RX_IRQHandler</a> from startup_stm32h723xx.o(.text) referenced from startup_stm32h723xx.o(RESET)
 <LI><a href="#[4b]">SPI1_IRQHandler</a> from startup_stm32h723xx.o(.text) referenced from startup_stm32h723xx.o(RESET)
 <LI><a href="#[4c]">SPI2_IRQHandler</a> from stm32h7xx_it.o(i.SPI2_IRQHandler) referenced from startup_stm32h723xx.o(RESET)
 <LI><a href="#[5a]">SPI3_IRQHandler</a> from startup_stm32h723xx.o(.text) referenced from startup_stm32h723xx.o(RESET)
 <LI><a href="#[76]">SPI4_IRQHandler</a> from startup_stm32h723xx.o(.text) referenced from startup_stm32h723xx.o(RESET)
 <LI><a href="#[77]">SPI5_IRQHandler</a> from startup_stm32h723xx.o(.text) referenced from startup_stm32h723xx.o(RESET)
 <LI><a href="#[78]">SPI6_IRQHandler</a> from startup_stm32h723xx.o(.text) referenced from startup_stm32h723xx.o(RESET)
 <LI><a href="#[c6]">SPI_DMAAbortOnError</a> from stm32h7xx_hal_spi.o(i.SPI_DMAAbortOnError) referenced from stm32h7xx_hal_spi.o(i.HAL_SPI_IRQHandler)
 <LI><a href="#[d1]">SPI_DMAError</a> from stm32h7xx_hal_spi.o(i.SPI_DMAError) referenced from stm32h7xx_hal_spi.o(i.HAL_SPI_TransmitReceive_DMA)
 <LI><a href="#[d2]">SPI_DMAHalfTransmitReceiveCplt</a> from stm32h7xx_hal_spi.o(i.SPI_DMAHalfTransmitReceiveCplt) referenced from stm32h7xx_hal_spi.o(i.HAL_SPI_TransmitReceive_DMA)
 <LI><a href="#[d3]">SPI_DMATransmitReceiveCplt</a> from stm32h7xx_hal_spi.o(i.SPI_DMATransmitReceiveCplt) referenced from stm32h7xx_hal_spi.o(i.HAL_SPI_TransmitReceive_DMA)
 <LI><a href="#[24]">SVC_Handler</a> from stm32h7xx_it.o(i.SVC_Handler) referenced from startup_stm32h723xx.o(RESET)
 <LI><a href="#[88]">SWPMI1_IRQHandler</a> from startup_stm32h723xx.o(.text) referenced from startup_stm32h723xx.o(RESET)
 <LI><a href="#[27]">SysTick_Handler</a> from stm32h7xx_it.o(i.SysTick_Handler) referenced from startup_stm32h723xx.o(RESET)
 <LI><a href="#[b1]">SystemInit</a> from system_stm32h7xx.o(i.SystemInit) referenced from startup_stm32h723xx.o(.text)
 <LI><a href="#[2a]">TAMP_STAMP_IRQHandler</a> from startup_stm32h723xx.o(.text) referenced from startup_stm32h723xx.o(RESET)
 <LI><a href="#[89]">TIM15_IRQHandler</a> from startup_stm32h723xx.o(.text) referenced from startup_stm32h723xx.o(RESET)
 <LI><a href="#[8a]">TIM16_IRQHandler</a> from startup_stm32h723xx.o(.text) referenced from startup_stm32h723xx.o(RESET)
 <LI><a href="#[8b]">TIM17_IRQHandler</a> from startup_stm32h723xx.o(.text) referenced from startup_stm32h723xx.o(RESET)
 <LI><a href="#[40]">TIM1_BRK_IRQHandler</a> from startup_stm32h723xx.o(.text) referenced from startup_stm32h723xx.o(RESET)
 <LI><a href="#[43]">TIM1_CC_IRQHandler</a> from startup_stm32h723xx.o(.text) referenced from startup_stm32h723xx.o(RESET)
 <LI><a href="#[42]">TIM1_TRG_COM_IRQHandler</a> from startup_stm32h723xx.o(.text) referenced from startup_stm32h723xx.o(RESET)
 <LI><a href="#[41]">TIM1_UP_IRQHandler</a> from stm32h7xx_it.o(i.TIM1_UP_IRQHandler) referenced from startup_stm32h723xx.o(RESET)
 <LI><a href="#[af]">TIM23_IRQHandler</a> from startup_stm32h723xx.o(.text) referenced from startup_stm32h723xx.o(RESET)
 <LI><a href="#[b0]">TIM24_IRQHandler</a> from startup_stm32h723xx.o(.text) referenced from startup_stm32h723xx.o(RESET)
 <LI><a href="#[44]">TIM2_IRQHandler</a> from startup_stm32h723xx.o(.text) referenced from startup_stm32h723xx.o(RESET)
 <LI><a href="#[45]">TIM3_IRQHandler</a> from startup_stm32h723xx.o(.text) referenced from startup_stm32h723xx.o(RESET)
 <LI><a href="#[46]">TIM4_IRQHandler</a> from startup_stm32h723xx.o(.text) referenced from startup_stm32h723xx.o(RESET)
 <LI><a href="#[59]">TIM5_IRQHandler</a> from startup_stm32h723xx.o(.text) referenced from startup_stm32h723xx.o(RESET)
 <LI><a href="#[5d]">TIM6_DAC_IRQHandler</a> from startup_stm32h723xx.o(.text) referenced from startup_stm32h723xx.o(RESET)
 <LI><a href="#[5e]">TIM7_IRQHandler</a> from startup_stm32h723xx.o(.text) referenced from startup_stm32h723xx.o(RESET)
 <LI><a href="#[52]">TIM8_BRK_TIM12_IRQHandler</a> from startup_stm32h723xx.o(.text) referenced from startup_stm32h723xx.o(RESET)
 <LI><a href="#[55]">TIM8_CC_IRQHandler</a> from startup_stm32h723xx.o(.text) referenced from startup_stm32h723xx.o(RESET)
 <LI><a href="#[54]">TIM8_TRG_COM_TIM14_IRQHandler</a> from startup_stm32h723xx.o(.text) referenced from startup_stm32h723xx.o(RESET)
 <LI><a href="#[53]">TIM8_UP_TIM13_IRQHandler</a> from startup_stm32h723xx.o(.text) referenced from startup_stm32h723xx.o(RESET)
 <LI><a href="#[5b]">UART4_IRQHandler</a> from startup_stm32h723xx.o(.text) referenced from startup_stm32h723xx.o(RESET)
 <LI><a href="#[5c]">UART5_IRQHandler</a> from stm32h7xx_it.o(i.UART5_IRQHandler) referenced from startup_stm32h723xx.o(RESET)
 <LI><a href="#[74]">UART7_IRQHandler</a> from stm32h7xx_it.o(i.UART7_IRQHandler) referenced from startup_stm32h723xx.o(RESET)
 <LI><a href="#[75]">UART8_IRQHandler</a> from startup_stm32h723xx.o(.text) referenced from startup_stm32h723xx.o(RESET)
 <LI><a href="#[a9]">UART9_IRQHandler</a> from startup_stm32h723xx.o(.text) referenced from startup_stm32h723xx.o(RESET)
 <LI><a href="#[d6]">UART_DMAAbortOnError</a> from stm32h7xx_hal_uart.o(i.UART_DMAAbortOnError) referenced from stm32h7xx_hal_uart.o(i.HAL_UART_IRQHandler)
 <LI><a href="#[da]">UART_DMAError</a> from stm32h7xx_hal_uart.o(i.UART_DMAError) referenced from stm32h7xx_hal_uart.o(i.HAL_UART_Transmit_DMA)
 <LI><a href="#[da]">UART_DMAError</a> from stm32h7xx_hal_uart.o(i.UART_DMAError) referenced from stm32h7xx_hal_uart.o(i.UART_Start_Receive_DMA)
 <LI><a href="#[f5]">UART_DMAReceiveCplt</a> from stm32h7xx_hal_uart.o(i.UART_DMAReceiveCplt) referenced from stm32h7xx_hal_uart.o(i.UART_Start_Receive_DMA)
 <LI><a href="#[f6]">UART_DMARxHalfCplt</a> from stm32h7xx_hal_uart.o(i.UART_DMARxHalfCplt) referenced from stm32h7xx_hal_uart.o(i.UART_Start_Receive_DMA)
 <LI><a href="#[d8]">UART_DMATransmitCplt</a> from stm32h7xx_hal_uart.o(i.UART_DMATransmitCplt) referenced from stm32h7xx_hal_uart.o(i.HAL_UART_Transmit_DMA)
 <LI><a href="#[d9]">UART_DMATxHalfCplt</a> from stm32h7xx_hal_uart.o(i.UART_DMATxHalfCplt) referenced from stm32h7xx_hal_uart.o(i.HAL_UART_Transmit_DMA)
 <LI><a href="#[aa]">USART10_IRQHandler</a> from stm32h7xx_it.o(i.USART10_IRQHandler) referenced from startup_stm32h723xx.o(RESET)
 <LI><a href="#[4d]">USART1_IRQHandler</a> from stm32h7xx_it.o(i.USART1_IRQHandler) referenced from startup_stm32h723xx.o(RESET)
 <LI><a href="#[4e]">USART2_IRQHandler</a> from startup_stm32h723xx.o(.text) referenced from startup_stm32h723xx.o(RESET)
 <LI><a href="#[4f]">USART3_IRQHandler</a> from startup_stm32h723xx.o(.text) referenced from startup_stm32h723xx.o(RESET)
 <LI><a href="#[6a]">USART6_IRQHandler</a> from startup_stm32h723xx.o(.text) referenced from startup_stm32h723xx.o(RESET)
 <LI><a href="#[23]">UsageFault_Handler</a> from stm32h7xx_it.o(i.UsageFault_Handler) referenced from startup_stm32h723xx.o(RESET)
 <LI><a href="#[a5]">WAKEUP_PIN_IRQHandler</a> from startup_stm32h723xx.o(.text) referenced from startup_stm32h723xx.o(RESET)
 <LI><a href="#[28]">WWDG_IRQHandler</a> from startup_stm32h723xx.o(.text) referenced from startup_stm32h723xx.o(RESET)
 <LI><a href="#[104]">LZ01_Offset(float)</a> from init_car_arm.o(i._Z11LZ01_Offsetf) referenced from init_car_arm.o(i.__sti___16_Init_car_arm_cpp_f49a0e2e)
 <LI><a href="#[106]">LZ02_Offset(float)</a> from init_car_arm.o(i._Z11LZ02_Offsetf) referenced from init_car_arm.o(i.__sti___16_Init_car_arm_cpp_f49a0e2e)
 <LI><a href="#[107]">LZ03_Offset(float)</a> from init_car_arm.o(i._Z11LZ03_Offsetf) referenced from init_car_arm.o(i.__sti___16_Init_car_arm_cpp_f49a0e2e)
 <LI><a href="#[1d]">cali_gyro_hook(unsigned*, unsigned char)</a> from bmi088.o(i._Z14cali_gyro_hookPjh) referenced 2 times from bmi088.o(.data)
 <LI><a href="#[1c]">cali_head_hook(unsigned*, unsigned char)</a> from bmi088.o(i._Z14cali_head_hookPjh) referenced 2 times from bmi088.o(.data)
 <LI><a href="#[fa]">TIM3_1ms_Callback()</a> from init_engine_car.o(i._Z17TIM3_1ms_Callbackv) referenced from init_engine_car.o(i._Z15Init_engine_carv)
 <LI><a href="#[fe]">IFR_UART_Rx_Callback(__UART_HandleTypeDef*, unsigned short)</a> from ifr_usart.o(i._Z20IFR_UART_Rx_CallbackP20__UART_HandleTypeDeft) referenced from ifr_usart.o(i._ZN18IFR_USART_ClassDef14ifr_usart_InitEP20__UART_HandleTypeDefPFvPhhE)
 <LI><a href="#[fe]">IFR_UART_Rx_Callback(__UART_HandleTypeDef*, unsigned short)</a> from ifr_usart.o(i._Z20IFR_UART_Rx_CallbackP20__UART_HandleTypeDeft) referenced from ifr_usart.o(i._ZN18IFR_USART_ClassDef17ifr_usart_restartEv)
 <LI><a href="#[ff]">IFR_UART_Tx_Callback(__UART_HandleTypeDef*)</a> from ifr_usart.o(i._Z20IFR_UART_Tx_CallbackP20__UART_HandleTypeDef) referenced from ifr_usart.o(i._ZN18IFR_USART_ClassDef14ifr_usart_InitEP20__UART_HandleTypeDefPFvPhhE)
 <LI><a href="#[ff]">IFR_UART_Tx_Callback(__UART_HandleTypeDef*)</a> from ifr_usart.o(i._Z20IFR_UART_Tx_CallbackP20__UART_HandleTypeDef) referenced from ifr_usart.o(i._ZN18IFR_USART_ClassDef17ifr_usart_restartEv)
 <LI><a href="#[11]">All_stop_onStay_state(StateMachine*, unsigned)</a> from init_engine_car.o(i._Z21All_stop_onStay_stateP12StateMachinej) referenced 2 times from init_engine_car.o(.data)
 <LI><a href="#[103]">__default_new_handler()</a> from arm_newhandler_noexceptions.o(.text) referenced from new.o(i._Znwj)
 <LI><a href="#[1a]">Basis_Move_onStay_state(StateMachine*, unsigned)</a> from car_basis_control.o(i._Z23Basis_Move_onStay_stateP12StateMachinej) referenced 2 times from car_basis_control.o(.data)
 <LI><a href="#[1b]">Basis_stop_onStay_state(StateMachine*, unsigned)</a> from car_basis_control.o(i._Z23Basis_stop_onStay_stateP12StateMachinej) referenced 2 times from car_basis_control.o(.data)
 <LI><a href="#[10]">Car_Moving_onStay_state(StateMachine*, unsigned)</a> from init_engine_car.o(i._Z23Car_Moving_onStay_stateP12StateMachinej) referenced 2 times from init_engine_car.o(.data)
 <LI><a href="#[f9]">Data_Flag_updating_mode()</a> from init_engine_car.o(i._Z23Data_Flag_updating_modev) referenced from init_engine_car.o(i._Z15Init_engine_carv)
 <LI><a href="#[101]">Remote_AnyType_Analysis(unsigned char*, unsigned char)</a> from receive_remote_ifr.o(i._Z23Remote_AnyType_AnalysisPhh) referenced from receive_remote_ifr.o(i._ZN21REMOTE_USART_ClassDef11Remote_InitEP20__UART_HandleTypeDef11Remote_Type)
 <LI><a href="#[fb]">IFR_TIM_Overflow_Callback(__TIM_HandleTypeDef*)</a> from ifr_tim.o(i._Z25IFR_TIM_Overflow_CallbackP19__TIM_HandleTypeDef) referenced from ifr_tim.o(i._ZN16IFR_TIM_ClassDef11TIM_ITStartEP19__TIM_HandleTypeDefPFvvE)
 <LI><a href="#[fd]">IFR_FDCAN_Recevice_Callback(__FDCAN_HandleTypeDef*, unsigned)</a> from ifr_fdcan.o(i._Z27IFR_FDCAN_Recevice_CallbackP21__FDCAN_HandleTypeDefj) referenced from ifr_fdcan.o(i._ZN18IFR_FDCAN_ClassDef10FDCAN_InitEP21__FDCAN_HandleTypeDefP11CanMsgQueue)
 <LI><a href="#[fc]">IFR_FDCAN_Transmit_Callback(__FDCAN_HandleTypeDef*)</a> from ifr_fdcan.o(i._Z27IFR_FDCAN_Transmit_CallbackP21__FDCAN_HandleTypeDef) referenced from ifr_fdcan.o(i._ZN18IFR_FDCAN_ClassDef10FDCAN_InitEP21__FDCAN_HandleTypeDefP11CanMsgQueue)
 <LI><a href="#[14]">Arm_fall_ready_onEnter_state(StateMachine*, unsigned char)</a> from init_engine_car.o(i._Z28Arm_fall_ready_onEnter_stateP12StateMachineh) referenced 2 times from init_engine_car.o(.data)
 <LI><a href="#[12]">Arm_rise_ready_onEnter_state(StateMachine*, unsigned char)</a> from init_engine_car.o(i._Z28Arm_rise_ready_onEnter_stateP12StateMachineh) referenced 2 times from init_engine_car.o(.data)
 <LI><a href="#[18]">Only_arm_control_onStay_state(StateMachine*, unsigned)</a> from init_engine_car.o(i._Z29Only_arm_control_onStay_stateP12StateMachinej) referenced 2 times from init_engine_car.o(.data)
 <LI><a href="#[17]">Only_arm_control_onEnter_state(StateMachine*, unsigned char)</a> from init_engine_car.o(i._Z30Only_arm_control_onEnter_stateP12StateMachineh) referenced 2 times from init_engine_car.o(.data)
 <LI><a href="#[15]">Car_arm_fall_ready_onStay_state(StateMachine*, unsigned)</a> from init_engine_car.o(i._Z31Car_arm_fall_ready_onStay_stateP12StateMachinej) referenced 2 times from init_engine_car.o(.data)
 <LI><a href="#[13]">Car_arm_rise_ready_onStay_state(StateMachine*, unsigned)</a> from init_engine_car.o(i._Z31Car_arm_rise_ready_onStay_stateP12StateMachinej) referenced 2 times from init_engine_car.o(.data)
 <LI><a href="#[16]">Car_custom_control_onStay_state(StateMachine*, unsigned)</a> from init_engine_car.o(i._Z31Car_custom_control_onStay_stateP12StateMachinej) referenced 2 times from init_engine_car.o(.data)
 <LI><a href="#[19]">Only_basis_control_onStay_state(StateMachine*, unsigned)</a> from init_engine_car.o(i._Z31Only_basis_control_onStay_stateP12StateMachinej) referenced 2 times from init_engine_car.o(.data)
 <LI><a href="#[f8]">Custom_Remote_Controller_Analysis(unsigned char*, unsigned char)</a> from receive_remote_ifr.o(i._Z33Custom_Remote_Controller_AnalysisPhh) referenced from init_engine_car.o(i._Z15Init_engine_carv)
 <LI><a href="#[100]">matrix_math::matrix_math()</a> from matrix_math.o(i._ZN11matrix_mathC1Ev) referenced from arm_calculate_basis.o(i._ZN19Arm_calculate_basisC1Ev)
 <LI><a href="#[102]">matrix_math::~matrix_math()</a> from matrix_math.o(i._ZN11matrix_mathD1Ev) referenced from car_arm_control.o(i._ZN27Arm_Inverse_Kinematics_6DOFD1Ev)
 <LI><a href="#[102]">matrix_math::~matrix_math()</a> from matrix_math.o(i._ZN11matrix_mathD1Ev) referenced from car_arm_control.o(i.__sti___19_car_arm_control_cpp_97ca16f7)
 <LI><a href="#[10e]">IFR_DM_Motor::parse_can_msg(CanMsg_t)</a> from ifr_dmmotor.o(i._ZN12IFR_DM_Motor13parse_can_msgE8CanMsg_t) referenced from ifr_dmmotor.o(.constdata__ZTV12IFR_DM_Motor)
 <LI><a href="#[10e]">IFR_DM_Motor::parse_can_msg(CanMsg_t)</a> from ifr_dmmotor.o(i._ZN12IFR_DM_Motor13parse_can_msgE8CanMsg_t) referenced from init_car_arm.o(.constdata__ZTV16IFR_DM_Pos_Motor)
 <LI><a href="#[10d]">IFR_DM_Motor::generate_can_msg(CanMsg_t&)</a> from ifr_dmmotor.o(i._ZN12IFR_DM_Motor16generate_can_msgER8CanMsg_t) referenced from ifr_dmmotor.o(.constdata__ZTV12IFR_DM_Motor)
 <LI><a href="#[10d]">IFR_DM_Motor::generate_can_msg(CanMsg_t&)</a> from ifr_dmmotor.o(i._ZN12IFR_DM_Motor16generate_can_msgER8CanMsg_t) referenced from init_car_arm.o(.constdata__ZTV16IFR_DM_Pos_Motor)
 <LI><a href="#[10f]">IFR_DM_Motor::Enable()</a> from ifr_dmmotor.o(i._ZN12IFR_DM_Motor6EnableEv) referenced from ifr_dmmotor.o(.constdata__ZTV12IFR_DM_Motor)
 <LI><a href="#[10f]">IFR_DM_Motor::Enable()</a> from ifr_dmmotor.o(i._ZN12IFR_DM_Motor6EnableEv) referenced from init_car_arm.o(.constdata__ZTV16IFR_DM_Pos_Motor)
 <LI><a href="#[110]">IFR_DM_Motor::Disable(unsigned char)</a> from ifr_dmmotor.o(i._ZN12IFR_DM_Motor7DisableEh) referenced from ifr_dmmotor.o(.constdata__ZTV12IFR_DM_Motor)
 <LI><a href="#[110]">IFR_DM_Motor::Disable(unsigned char)</a> from ifr_dmmotor.o(i._ZN12IFR_DM_Motor7DisableEh) referenced from init_car_arm.o(.constdata__ZTV16IFR_DM_Pos_Motor)
 <LI><a href="#[112]">IFR_RS_Motor::parse_can_msg(CanMsg_t)</a> from ifr_rsmotor.o(i._ZN12IFR_RS_Motor13parse_can_msgE8CanMsg_t) referenced from ifr_rsmotor.o(.constdata__ZTV12IFR_RS_Motor)
 <LI><a href="#[112]">IFR_RS_Motor::parse_can_msg(CanMsg_t)</a> from ifr_rsmotor.o(i._ZN12IFR_RS_Motor13parse_can_msgE8CanMsg_t) referenced from init_car_arm.o(.constdata__ZTV16IFR_RS_Pos_Motor)
 <LI><a href="#[111]">IFR_RS_Motor::generate_can_msg(CanMsg_t&)</a> from ifr_rsmotor.o(i._ZN12IFR_RS_Motor16generate_can_msgER8CanMsg_t) referenced from ifr_rsmotor.o(.constdata__ZTV12IFR_RS_Motor)
 <LI><a href="#[111]">IFR_RS_Motor::generate_can_msg(CanMsg_t&)</a> from ifr_rsmotor.o(i._ZN12IFR_RS_Motor16generate_can_msgER8CanMsg_t) referenced from init_car_arm.o(.constdata__ZTV16IFR_RS_Pos_Motor)
 <LI><a href="#[113]">IFR_RS_Motor::Enable()</a> from ifr_rsmotor.o(i._ZN12IFR_RS_Motor6EnableEv) referenced from ifr_rsmotor.o(.constdata__ZTV12IFR_RS_Motor)
 <LI><a href="#[113]">IFR_RS_Motor::Enable()</a> from ifr_rsmotor.o(i._ZN12IFR_RS_Motor6EnableEv) referenced from init_car_arm.o(.constdata__ZTV16IFR_RS_Pos_Motor)
 <LI><a href="#[114]">IFR_RS_Motor::Disable(unsigned char)</a> from ifr_rsmotor.o(i._ZN12IFR_RS_Motor7DisableEh) referenced from ifr_rsmotor.o(.constdata__ZTV12IFR_RS_Motor)
 <LI><a href="#[114]">IFR_RS_Motor::Disable(unsigned char)</a> from ifr_rsmotor.o(i._ZN12IFR_RS_Motor7DisableEh) referenced from init_car_arm.o(.constdata__ZTV16IFR_RS_Pos_Motor)
 <LI><a href="#[10c]">StateMachine::~StateMachine()</a> from ifr_state_machine.o(i._ZN12StateMachineD1Ev) referenced from self_state_machine.o(i.__sti___22_Self_state_machine_cpp_7c98c159)
 <LI><a href="#[116]">IFR_DJI_Motor::parse_can_msg(CanMsg_t)</a> from ifr_djimotor.o(i._ZN13IFR_DJI_Motor13parse_can_msgE8CanMsg_t) referenced from ifr_djimotor.o(.constdata__ZTV13IFR_DJI_Motor)
 <LI><a href="#[116]">IFR_DJI_Motor::parse_can_msg(CanMsg_t)</a> from ifr_djimotor.o(i._ZN13IFR_DJI_Motor13parse_can_msgE8CanMsg_t) referenced from car_basis_control.o(.constdata__ZTV19IFR_DJI_Speed_Motor)
 <LI><a href="#[115]">IFR_DJI_Motor::generate_can_msg(CanMsg_t&)</a> from ifr_djimotor.o(i._ZN13IFR_DJI_Motor16generate_can_msgER8CanMsg_t) referenced from ifr_djimotor.o(.constdata__ZTV13IFR_DJI_Motor)
 <LI><a href="#[115]">IFR_DJI_Motor::generate_can_msg(CanMsg_t&)</a> from ifr_djimotor.o(i._ZN13IFR_DJI_Motor16generate_can_msgER8CanMsg_t) referenced from car_basis_control.o(.constdata__ZTV19IFR_DJI_Speed_Motor)
 <LI><a href="#[117]">IFR_DJI_Motor::Enable()</a> from ifr_djimotor.o(i._ZN13IFR_DJI_Motor6EnableEv) referenced from ifr_djimotor.o(.constdata__ZTV13IFR_DJI_Motor)
 <LI><a href="#[117]">IFR_DJI_Motor::Enable()</a> from ifr_djimotor.o(i._ZN13IFR_DJI_Motor6EnableEv) referenced from car_basis_control.o(.constdata__ZTV19IFR_DJI_Speed_Motor)
 <LI><a href="#[118]">IFR_DJI_Motor::Disable(unsigned char)</a> from ifr_djimotor.o(i._ZN13IFR_DJI_Motor7DisableEh) referenced from ifr_djimotor.o(.constdata__ZTV13IFR_DJI_Motor)
 <LI><a href="#[118]">IFR_DJI_Motor::Disable(unsigned char)</a> from ifr_djimotor.o(i._ZN13IFR_DJI_Motor7DisableEh) referenced from car_basis_control.o(.constdata__ZTV19IFR_DJI_Speed_Motor)
 <LI><a href="#[108]">IFR_DM_Pos_Motor::~IFR_DM_Pos_Motor()</a> from init_car_arm.o(i._ZN16IFR_DM_Pos_MotorD1Ev) referenced from init_car_arm.o(.constdata__ZTV16IFR_DM_Pos_Motor)
 <LI><a href="#[108]">IFR_DM_Pos_Motor::~IFR_DM_Pos_Motor()</a> from init_car_arm.o(i._ZN16IFR_DM_Pos_MotorD1Ev) referenced from init_car_arm.o(i.__sti___16_Init_car_arm_cpp_f49a0e2e)
 <LI><a href="#[105]">IFR_RS_Pos_Motor::~IFR_RS_Pos_Motor()</a> from init_car_arm.o(i._ZN16IFR_RS_Pos_MotorD1Ev) referenced from init_car_arm.o(.constdata__ZTV16IFR_RS_Pos_Motor)
 <LI><a href="#[105]">IFR_RS_Pos_Motor::~IFR_RS_Pos_Motor()</a> from init_car_arm.o(i._ZN16IFR_RS_Pos_MotorD1Ev) referenced from init_car_arm.o(i.__sti___16_Init_car_arm_cpp_f49a0e2e)
 <LI><a href="#[10a]">IFR_DJI_Speed_Motor::~IFR_DJI_Speed_Motor()</a> from car_basis_control.o(i._ZN19IFR_DJI_Speed_MotorD1Ev) referenced from car_basis_control.o(.constdata__ZTV19IFR_DJI_Speed_Motor)
 <LI><a href="#[10a]">IFR_DJI_Speed_Motor::~IFR_DJI_Speed_Motor()</a> from car_basis_control.o(i._ZN19IFR_DJI_Speed_MotorD1Ev) referenced from car_basis_control.o(i.__sti___21_car_basis_control_cpp_36451bb4)
 <LI><a href="#[10b]">StateMachine_Extend::~StateMachine_Extend()</a> from self_state_machine.o(i._ZN19StateMachine_ExtendD1Ev) referenced from self_state_machine.o(i.__sti___22_Self_state_machine_cpp_7c98c159)
 <LI><a href="#[109]">Arm_Inverse_Kinematics_6DOF::~Arm_Inverse_Kinematics_6DOF()</a> from car_arm_control.o(i._ZN27Arm_Inverse_Kinematics_6DOFD1Ev) referenced from car_arm_control.o(i.__sti___19_car_arm_control_cpp_97ca16f7)
 <LI><a href="#[b3]">[local to arm_exceptions_c]::__default_terminate_handler()</a> from arm_exceptions_globs.o(.text) referenced from arm_exceptions_globs.o(.text)
 <LI><a href="#[120]">__main</a> from __main.o(!!!main) referenced from startup_stm32h723xx.o(.text)
 <LI><a href="#[11f]">__sti___16_Init_car_arm_cpp_f49a0e2e</a> from init_car_arm.o(i.__sti___16_Init_car_arm_cpp_f49a0e2e) referenced from init_car_arm.o(.init_array)
 <LI><a href="#[119]">__sti___16_ifr_sys_time_cpp_bcf462d3</a> from ifr_sys_time.o(i.__sti___16_ifr_sys_time_cpp_bcf462d3) referenced from ifr_sys_time.o(.init_array)
 <LI><a href="#[11b]">__sti___19_Init_engine_car_cpp_e11e848f</a> from init_engine_car.o(i.__sti___19_Init_engine_car_cpp_e11e848f) referenced from init_engine_car.o(.init_array)
 <LI><a href="#[11e]">__sti___19_car_arm_control_cpp_97ca16f7</a> from car_arm_control.o(i.__sti___19_car_arm_control_cpp_97ca16f7) referenced from car_arm_control.o(.init_array)
 <LI><a href="#[11d]">__sti___21_car_basis_control_cpp_36451bb4</a> from car_basis_control.o(i.__sti___21_car_basis_control_cpp_36451bb4) referenced from car_basis_control.o(.init_array)
 <LI><a href="#[11a]">__sti___22_Receive_remote_ifr_cpp_3d6ba593</a> from receive_remote_ifr.o(i.__sti___22_Receive_remote_ifr_cpp_3d6ba593) referenced from receive_remote_ifr.o(.init_array)
 <LI><a href="#[11c]">__sti___22_Self_state_machine_cpp_7c98c159</a> from self_state_machine.o(i.__sti___22_Self_state_machine_cpp_7c98c159) referenced from self_state_machine.o(.init_array)
</UL>
<P>
<H3>
Global Symbols
</H3>
<P><STRONG><a name="[120]"></a>__main</STRONG> (Thumb, 8 bytes, Stack size 0 bytes, __main.o(!!!main))
<BR><BR>[Calls]<UL><LI><a href="#[122]">&gt;&gt;</a>&nbsp;&nbsp;&nbsp;__scatterload
<LI><a href="#[123]">&gt;&gt;</a>&nbsp;&nbsp;&nbsp;__rt_entry
</UL>

<P><STRONG><a name="[122]"></a>__scatterload</STRONG> (Thumb, 0 bytes, Stack size unknown bytes, __scatter.o(!!!scatter))
<BR><BR>[Called By]<UL><LI><a href="#[120]">&gt;&gt;</a>&nbsp;&nbsp;&nbsp;__main
</UL>

<P><STRONG><a name="[124]"></a>__scatterload_rt2</STRONG> (Thumb, 44 bytes, Stack size unknown bytes, __scatter.o(!!!scatter), UNUSED)
<BR><BR>[Calls]<UL><LI><a href="#[123]">&gt;&gt;</a>&nbsp;&nbsp;&nbsp;__rt_entry
</UL>

<P><STRONG><a name="[277]"></a>__scatterload_rt2_thumb_only</STRONG> (Thumb, 0 bytes, Stack size unknown bytes, __scatter.o(!!!scatter), UNUSED)

<P><STRONG><a name="[278]"></a>__scatterload_null</STRONG> (Thumb, 0 bytes, Stack size unknown bytes, __scatter.o(!!!scatter), UNUSED)

<P><STRONG><a name="[279]"></a>__decompress</STRONG> (Thumb, 90 bytes, Stack size unknown bytes, __dczerorl2.o(!!dczerorl2), UNUSED)

<P><STRONG><a name="[27a]"></a>__decompress1</STRONG> (Thumb, 0 bytes, Stack size unknown bytes, __dczerorl2.o(!!dczerorl2), UNUSED)

<P><STRONG><a name="[27b]"></a>__scatterload_zeroinit</STRONG> (Thumb, 28 bytes, Stack size unknown bytes, __scatter_zi.o(!!handler_zi), UNUSED)

<P><STRONG><a name="[12f]"></a>__rt_lib_init</STRONG> (Thumb, 0 bytes, Stack size unknown bytes, libinit.o(.ARM.Collect$$libinit$$00000000))
<BR><BR>[Called By]<UL><LI><a href="#[12e]">&gt;&gt;</a>&nbsp;&nbsp;&nbsp;__rt_entry_li
</UL>

<P><STRONG><a name="[125]"></a>__rt_lib_init_fp_1</STRONG> (Thumb, 0 bytes, Stack size unknown bytes, libinit2.o(.ARM.Collect$$libinit$$00000001))
<BR><BR>[Calls]<UL><LI><a href="#[126]">&gt;&gt;</a>&nbsp;&nbsp;&nbsp;_fp_init
</UL>

<P><STRONG><a name="[127]"></a>__rt_lib_init_heap_2</STRONG> (Thumb, 0 bytes, Stack size unknown bytes, libinit2.o(.ARM.Collect$$libinit$$00000005))
<BR><BR>[Stack]<UL><LI>Max Depth = 64 + Unknown Stack Size
<LI>Call Chain = __rt_lib_init_heap_2 &rArr; _init_alloc &rArr; __rt_SIGRTMEM &rArr; __rt_SIGRTMEM_inner &rArr; __default_signal_display &rArr; _ttywrch
</UL>
<BR>[Calls]<UL><LI><a href="#[128]">&gt;&gt;</a>&nbsp;&nbsp;&nbsp;_init_alloc
</UL>

<P><STRONG><a name="[27c]"></a>__rt_lib_init_preinit_1</STRONG> (Thumb, 0 bytes, Stack size unknown bytes, libinit2.o(.ARM.Collect$$libinit$$00000004))

<P><STRONG><a name="[27d]"></a>__rt_lib_init_alloca_1</STRONG> (Thumb, 0 bytes, Stack size unknown bytes, libinit2.o(.ARM.Collect$$libinit$$0000002E))

<P><STRONG><a name="[27e]"></a>__rt_lib_init_argv_1</STRONG> (Thumb, 0 bytes, Stack size unknown bytes, libinit2.o(.ARM.Collect$$libinit$$0000002C))

<P><STRONG><a name="[27f]"></a>__rt_lib_init_atexit_1</STRONG> (Thumb, 0 bytes, Stack size unknown bytes, libinit2.o(.ARM.Collect$$libinit$$0000001B))

<P><STRONG><a name="[280]"></a>__rt_lib_init_clock_1</STRONG> (Thumb, 0 bytes, Stack size unknown bytes, libinit2.o(.ARM.Collect$$libinit$$00000021))

<P><STRONG><a name="[129]"></a>__rt_lib_init_cpp_2</STRONG> (Thumb, 0 bytes, Stack size unknown bytes, libinit2.o(.ARM.Collect$$libinit$$00000031))
<BR><BR>[Stack]<UL><LI>Max Depth = 16 + Unknown Stack Size
<LI>Call Chain = __rt_lib_init_cpp_2 &rArr; __cpp_initialize__aeabi_
</UL>
<BR>[Calls]<UL><LI><a href="#[121]">&gt;&gt;</a>&nbsp;&nbsp;&nbsp;__cpp_initialize__aeabi_
</UL>

<P><STRONG><a name="[281]"></a>__rt_lib_init_exceptions_1</STRONG> (Thumb, 0 bytes, Stack size unknown bytes, libinit2.o(.ARM.Collect$$libinit$$00000030))

<P><STRONG><a name="[282]"></a>__rt_lib_init_fp_trap_1</STRONG> (Thumb, 0 bytes, Stack size unknown bytes, libinit2.o(.ARM.Collect$$libinit$$0000001F))

<P><STRONG><a name="[283]"></a>__rt_lib_init_getenv_1</STRONG> (Thumb, 0 bytes, Stack size unknown bytes, libinit2.o(.ARM.Collect$$libinit$$00000023))

<P><STRONG><a name="[284]"></a>__rt_lib_init_heap_1</STRONG> (Thumb, 0 bytes, Stack size unknown bytes, libinit2.o(.ARM.Collect$$libinit$$0000000A))

<P><STRONG><a name="[285]"></a>__rt_lib_init_lc_collate_1</STRONG> (Thumb, 0 bytes, Stack size unknown bytes, libinit2.o(.ARM.Collect$$libinit$$00000011))

<P><STRONG><a name="[286]"></a>__rt_lib_init_lc_ctype_1</STRONG> (Thumb, 0 bytes, Stack size unknown bytes, libinit2.o(.ARM.Collect$$libinit$$00000013))

<P><STRONG><a name="[287]"></a>__rt_lib_init_lc_monetary_1</STRONG> (Thumb, 0 bytes, Stack size unknown bytes, libinit2.o(.ARM.Collect$$libinit$$00000015))

<P><STRONG><a name="[288]"></a>__rt_lib_init_lc_numeric_1</STRONG> (Thumb, 0 bytes, Stack size unknown bytes, libinit2.o(.ARM.Collect$$libinit$$00000017))

<P><STRONG><a name="[289]"></a>__rt_lib_init_lc_time_1</STRONG> (Thumb, 0 bytes, Stack size unknown bytes, libinit2.o(.ARM.Collect$$libinit$$00000019))

<P><STRONG><a name="[28a]"></a>__rt_lib_init_rand_1</STRONG> (Thumb, 0 bytes, Stack size unknown bytes, libinit2.o(.ARM.Collect$$libinit$$0000000E))

<P><STRONG><a name="[28b]"></a>__rt_lib_init_signal_1</STRONG> (Thumb, 0 bytes, Stack size unknown bytes, libinit2.o(.ARM.Collect$$libinit$$0000001D))

<P><STRONG><a name="[28c]"></a>__rt_lib_init_stdio_1</STRONG> (Thumb, 0 bytes, Stack size unknown bytes, libinit2.o(.ARM.Collect$$libinit$$00000025))

<P><STRONG><a name="[28d]"></a>__rt_lib_init_user_alloc_1</STRONG> (Thumb, 0 bytes, Stack size unknown bytes, libinit2.o(.ARM.Collect$$libinit$$0000000C))

<P><STRONG><a name="[28e]"></a>__rt_lib_init_cpp_1</STRONG> (Thumb, 0 bytes, Stack size unknown bytes, libinit2.o(.ARM.Collect$$libinit$$00000032))

<P><STRONG><a name="[28f]"></a>__rt_lib_init_return</STRONG> (Thumb, 0 bytes, Stack size unknown bytes, libinit2.o(.ARM.Collect$$libinit$$00000033))

<P><STRONG><a name="[134]"></a>__rt_lib_shutdown</STRONG> (Thumb, 0 bytes, Stack size unknown bytes, libshutdown.o(.ARM.Collect$$libshutdown$$00000000))
<BR><BR>[Called By]<UL><LI><a href="#[133]">&gt;&gt;</a>&nbsp;&nbsp;&nbsp;__rt_exit_ls
<LI><a href="#[14d]">&gt;&gt;</a>&nbsp;&nbsp;&nbsp;abort
</UL>

<P><STRONG><a name="[12a]"></a>__rt_lib_shutdown_cpp_2</STRONG> (Thumb, 0 bytes, Stack size unknown bytes, libshutdown2.o(.ARM.Collect$$libshutdown$$00000001))
<BR><BR>[Stack]<UL><LI>Max Depth = 40 + Unknown Stack Size
<LI>Call Chain = __rt_lib_shutdown_cpp_2 &rArr; __cxa_finalize &rArr; free
</UL>
<BR>[Calls]<UL><LI><a href="#[12b]">&gt;&gt;</a>&nbsp;&nbsp;&nbsp;__cxa_finalize
</UL>

<P><STRONG><a name="[290]"></a>__rt_lib_shutdown_cpp_1</STRONG> (Thumb, 0 bytes, Stack size unknown bytes, libshutdown2.o(.ARM.Collect$$libshutdown$$00000002))

<P><STRONG><a name="[291]"></a>__rt_lib_shutdown_fp_trap_1</STRONG> (Thumb, 0 bytes, Stack size unknown bytes, libshutdown2.o(.ARM.Collect$$libshutdown$$00000007))

<P><STRONG><a name="[292]"></a>__rt_lib_shutdown_heap_1</STRONG> (Thumb, 0 bytes, Stack size unknown bytes, libshutdown2.o(.ARM.Collect$$libshutdown$$0000000F))

<P><STRONG><a name="[293]"></a>__rt_lib_shutdown_return</STRONG> (Thumb, 0 bytes, Stack size unknown bytes, libshutdown2.o(.ARM.Collect$$libshutdown$$00000010))

<P><STRONG><a name="[294]"></a>__rt_lib_shutdown_signal_1</STRONG> (Thumb, 0 bytes, Stack size unknown bytes, libshutdown2.o(.ARM.Collect$$libshutdown$$0000000A))

<P><STRONG><a name="[295]"></a>__rt_lib_shutdown_stdio_1</STRONG> (Thumb, 0 bytes, Stack size unknown bytes, libshutdown2.o(.ARM.Collect$$libshutdown$$00000004))

<P><STRONG><a name="[296]"></a>__rt_lib_shutdown_user_alloc_1</STRONG> (Thumb, 0 bytes, Stack size unknown bytes, libshutdown2.o(.ARM.Collect$$libshutdown$$0000000C))

<P><STRONG><a name="[123]"></a>__rt_entry</STRONG> (Thumb, 0 bytes, Stack size unknown bytes, __rtentry.o(.ARM.Collect$$rtentry$$00000000))
<BR><BR>[Called By]<UL><LI><a href="#[124]">&gt;&gt;</a>&nbsp;&nbsp;&nbsp;__scatterload_rt2
<LI><a href="#[120]">&gt;&gt;</a>&nbsp;&nbsp;&nbsp;__main
</UL>

<P><STRONG><a name="[297]"></a>__rt_entry_presh_1</STRONG> (Thumb, 0 bytes, Stack size unknown bytes, __rtentry2.o(.ARM.Collect$$rtentry$$00000002))

<P><STRONG><a name="[12c]"></a>__rt_entry_sh</STRONG> (Thumb, 0 bytes, Stack size unknown bytes, __rtentry4.o(.ARM.Collect$$rtentry$$00000004))
<BR><BR>[Stack]<UL><LI>Max Depth = 8 + Unknown Stack Size
<LI>Call Chain = __rt_entry_sh &rArr; __user_setup_stackheap
</UL>
<BR>[Calls]<UL><LI><a href="#[12d]">&gt;&gt;</a>&nbsp;&nbsp;&nbsp;__user_setup_stackheap
</UL>

<P><STRONG><a name="[12e]"></a>__rt_entry_li</STRONG> (Thumb, 0 bytes, Stack size unknown bytes, __rtentry2.o(.ARM.Collect$$rtentry$$0000000A))
<BR><BR>[Calls]<UL><LI><a href="#[12f]">&gt;&gt;</a>&nbsp;&nbsp;&nbsp;__rt_lib_init
</UL>

<P><STRONG><a name="[298]"></a>__rt_entry_postsh_1</STRONG> (Thumb, 0 bytes, Stack size unknown bytes, __rtentry2.o(.ARM.Collect$$rtentry$$00000009))

<P><STRONG><a name="[130]"></a>__rt_entry_main</STRONG> (Thumb, 0 bytes, Stack size unknown bytes, __rtentry2.o(.ARM.Collect$$rtentry$$0000000D))
<BR><BR>[Stack]<UL><LI>Max Depth = 200 + Unknown Stack Size
<LI>Call Chain = __rt_entry_main &rArr; main &rArr; SystemClock_Config() &rArr; HAL_RCC_ClockConfig &rArr; HAL_InitTick &rArr; HAL_NVIC_SetPriority
</UL>
<BR>[Calls]<UL><LI><a href="#[131]">&gt;&gt;</a>&nbsp;&nbsp;&nbsp;main
<LI><a href="#[132]">&gt;&gt;</a>&nbsp;&nbsp;&nbsp;exit
</UL>

<P><STRONG><a name="[299]"></a>__rt_entry_postli_1</STRONG> (Thumb, 0 bytes, Stack size unknown bytes, __rtentry2.o(.ARM.Collect$$rtentry$$0000000C))

<P><STRONG><a name="[152]"></a>__rt_exit</STRONG> (Thumb, 0 bytes, Stack size unknown bytes, rtexit.o(.ARM.Collect$$rtexit$$00000000))
<BR><BR>[Called By]<UL><LI><a href="#[132]">&gt;&gt;</a>&nbsp;&nbsp;&nbsp;exit
</UL>

<P><STRONG><a name="[133]"></a>__rt_exit_ls</STRONG> (Thumb, 0 bytes, Stack size unknown bytes, rtexit2.o(.ARM.Collect$$rtexit$$00000003))
<BR><BR>[Calls]<UL><LI><a href="#[134]">&gt;&gt;</a>&nbsp;&nbsp;&nbsp;__rt_lib_shutdown
</UL>

<P><STRONG><a name="[29a]"></a>__rt_exit_prels_1</STRONG> (Thumb, 0 bytes, Stack size unknown bytes, rtexit2.o(.ARM.Collect$$rtexit$$00000002))

<P><STRONG><a name="[135]"></a>__rt_exit_exit</STRONG> (Thumb, 0 bytes, Stack size unknown bytes, rtexit2.o(.ARM.Collect$$rtexit$$00000004))
<BR><BR>[Calls]<UL><LI><a href="#[136]">&gt;&gt;</a>&nbsp;&nbsp;&nbsp;_sys_exit
</UL>

<P><STRONG><a name="[1e]"></a>Reset_Handler</STRONG> (Thumb, 8 bytes, Stack size 0 bytes, startup_stm32h723xx.o(.text))
<BR>[Address Reference Count : 1]<UL><LI> startup_stm32h723xx.o(RESET)
</UL>
<P><STRONG><a name="[29b]"></a>_maybe_terminate_alloc</STRONG> (Thumb, 0 bytes, Stack size 0 bytes, maybetermalloc1.o(.emb_text), UNUSED)

<P><STRONG><a name="[91]"></a>ADC3_IRQHandler</STRONG> (Thumb, 0 bytes, Stack size 0 bytes, startup_stm32h723xx.o(.text))
<BR><BR>[Calls]<UL><LI><a href="#[91]">&gt;&gt;</a>&nbsp;&nbsp;&nbsp;ADC3_IRQHandler
</UL>
<BR>[Called By]<UL><LI><a href="#[91]">&gt;&gt;</a>&nbsp;&nbsp;&nbsp;ADC3_IRQHandler
</UL>
<BR>[Address Reference Count : 1]<UL><LI> startup_stm32h723xx.o(RESET)
</UL>
<P><STRONG><a name="[3a]"></a>ADC_IRQHandler</STRONG> (Thumb, 0 bytes, Stack size 0 bytes, startup_stm32h723xx.o(.text))
<BR>[Address Reference Count : 1]<UL><LI> startup_stm32h723xx.o(RESET)
</UL>
<P><STRONG><a name="[93]"></a>BDMA_Channel0_IRQHandler</STRONG> (Thumb, 0 bytes, Stack size 0 bytes, startup_stm32h723xx.o(.text))
<BR>[Address Reference Count : 1]<UL><LI> startup_stm32h723xx.o(RESET)
</UL>
<P><STRONG><a name="[94]"></a>BDMA_Channel1_IRQHandler</STRONG> (Thumb, 0 bytes, Stack size 0 bytes, startup_stm32h723xx.o(.text))
<BR>[Address Reference Count : 1]<UL><LI> startup_stm32h723xx.o(RESET)
</UL>
<P><STRONG><a name="[95]"></a>BDMA_Channel2_IRQHandler</STRONG> (Thumb, 0 bytes, Stack size 0 bytes, startup_stm32h723xx.o(.text))
<BR>[Address Reference Count : 1]<UL><LI> startup_stm32h723xx.o(RESET)
</UL>
<P><STRONG><a name="[96]"></a>BDMA_Channel3_IRQHandler</STRONG> (Thumb, 0 bytes, Stack size 0 bytes, startup_stm32h723xx.o(.text))
<BR>[Address Reference Count : 1]<UL><LI> startup_stm32h723xx.o(RESET)
</UL>
<P><STRONG><a name="[97]"></a>BDMA_Channel4_IRQHandler</STRONG> (Thumb, 0 bytes, Stack size 0 bytes, startup_stm32h723xx.o(.text))
<BR>[Address Reference Count : 1]<UL><LI> startup_stm32h723xx.o(RESET)
</UL>
<P><STRONG><a name="[98]"></a>BDMA_Channel5_IRQHandler</STRONG> (Thumb, 0 bytes, Stack size 0 bytes, startup_stm32h723xx.o(.text))
<BR>[Address Reference Count : 1]<UL><LI> startup_stm32h723xx.o(RESET)
</UL>
<P><STRONG><a name="[99]"></a>BDMA_Channel6_IRQHandler</STRONG> (Thumb, 0 bytes, Stack size 0 bytes, startup_stm32h723xx.o(.text))
<BR>[Address Reference Count : 1]<UL><LI> startup_stm32h723xx.o(RESET)
</UL>
<P><STRONG><a name="[9a]"></a>BDMA_Channel7_IRQHandler</STRONG> (Thumb, 0 bytes, Stack size 0 bytes, startup_stm32h723xx.o(.text))
<BR>[Address Reference Count : 1]<UL><LI> startup_stm32h723xx.o(RESET)
</UL>
<P><STRONG><a name="[7f]"></a>CEC_IRQHandler</STRONG> (Thumb, 0 bytes, Stack size 0 bytes, startup_stm32h723xx.o(.text))
<BR>[Address Reference Count : 1]<UL><LI> startup_stm32h723xx.o(RESET)
</UL>
<P><STRONG><a name="[9b]"></a>COMP1_IRQHandler</STRONG> (Thumb, 0 bytes, Stack size 0 bytes, startup_stm32h723xx.o(.text))
<BR>[Address Reference Count : 1]<UL><LI> startup_stm32h723xx.o(RESET)
</UL>
<P><STRONG><a name="[a8]"></a>CORDIC_IRQHandler</STRONG> (Thumb, 0 bytes, Stack size 0 bytes, startup_stm32h723xx.o(.text))
<BR>[Address Reference Count : 1]<UL><LI> startup_stm32h723xx.o(RESET)
</UL>
<P><STRONG><a name="[a1]"></a>CRS_IRQHandler</STRONG> (Thumb, 0 bytes, Stack size 0 bytes, startup_stm32h723xx.o(.text))
<BR>[Address Reference Count : 1]<UL><LI> startup_stm32h723xx.o(RESET)
</UL>
<P><STRONG><a name="[71]"></a>DCMI_PSSI_IRQHandler</STRONG> (Thumb, 0 bytes, Stack size 0 bytes, startup_stm32h723xx.o(.text))
<BR>[Address Reference Count : 1]<UL><LI> startup_stm32h723xx.o(RESET)
</UL>
<P><STRONG><a name="[84]"></a>DFSDM1_FLT0_IRQHandler</STRONG> (Thumb, 0 bytes, Stack size 0 bytes, startup_stm32h723xx.o(.text))
<BR>[Address Reference Count : 1]<UL><LI> startup_stm32h723xx.o(RESET)
</UL>
<P><STRONG><a name="[85]"></a>DFSDM1_FLT1_IRQHandler</STRONG> (Thumb, 0 bytes, Stack size 0 bytes, startup_stm32h723xx.o(.text))
<BR>[Address Reference Count : 1]<UL><LI> startup_stm32h723xx.o(RESET)
</UL>
<P><STRONG><a name="[86]"></a>DFSDM1_FLT2_IRQHandler</STRONG> (Thumb, 0 bytes, Stack size 0 bytes, startup_stm32h723xx.o(.text))
<BR>[Address Reference Count : 1]<UL><LI> startup_stm32h723xx.o(RESET)
</UL>
<P><STRONG><a name="[87]"></a>DFSDM1_FLT3_IRQHandler</STRONG> (Thumb, 0 bytes, Stack size 0 bytes, startup_stm32h723xx.o(.text))
<BR>[Address Reference Count : 1]<UL><LI> startup_stm32h723xx.o(RESET)
</UL>
<P><STRONG><a name="[7c]"></a>DMA2D_IRQHandler</STRONG> (Thumb, 0 bytes, Stack size 0 bytes, startup_stm32h723xx.o(.text))
<BR>[Address Reference Count : 1]<UL><LI> startup_stm32h723xx.o(RESET)
</UL>
<P><STRONG><a name="[5f]"></a>DMA2_Stream0_IRQHandler</STRONG> (Thumb, 0 bytes, Stack size 0 bytes, startup_stm32h723xx.o(.text))
<BR>[Address Reference Count : 1]<UL><LI> startup_stm32h723xx.o(RESET)
</UL>
<P><STRONG><a name="[60]"></a>DMA2_Stream1_IRQHandler</STRONG> (Thumb, 0 bytes, Stack size 0 bytes, startup_stm32h723xx.o(.text))
<BR>[Address Reference Count : 1]<UL><LI> startup_stm32h723xx.o(RESET)
</UL>
<P><STRONG><a name="[61]"></a>DMA2_Stream2_IRQHandler</STRONG> (Thumb, 0 bytes, Stack size 0 bytes, startup_stm32h723xx.o(.text))
<BR>[Address Reference Count : 1]<UL><LI> startup_stm32h723xx.o(RESET)
</UL>
<P><STRONG><a name="[62]"></a>DMA2_Stream3_IRQHandler</STRONG> (Thumb, 0 bytes, Stack size 0 bytes, startup_stm32h723xx.o(.text))
<BR>[Address Reference Count : 1]<UL><LI> startup_stm32h723xx.o(RESET)
</UL>
<P><STRONG><a name="[63]"></a>DMA2_Stream4_IRQHandler</STRONG> (Thumb, 0 bytes, Stack size 0 bytes, startup_stm32h723xx.o(.text))
<BR>[Address Reference Count : 1]<UL><LI> startup_stm32h723xx.o(RESET)
</UL>
<P><STRONG><a name="[67]"></a>DMA2_Stream5_IRQHandler</STRONG> (Thumb, 0 bytes, Stack size 0 bytes, startup_stm32h723xx.o(.text))
<BR>[Address Reference Count : 1]<UL><LI> startup_stm32h723xx.o(RESET)
</UL>
<P><STRONG><a name="[68]"></a>DMA2_Stream6_IRQHandler</STRONG> (Thumb, 0 bytes, Stack size 0 bytes, startup_stm32h723xx.o(.text))
<BR>[Address Reference Count : 1]<UL><LI> startup_stm32h723xx.o(RESET)
</UL>
<P><STRONG><a name="[69]"></a>DMA2_Stream7_IRQHandler</STRONG> (Thumb, 0 bytes, Stack size 0 bytes, startup_stm32h723xx.o(.text))
<BR>[Address Reference Count : 1]<UL><LI> startup_stm32h723xx.o(RESET)
</UL>
<P><STRONG><a name="[83]"></a>DMAMUX1_OVR_IRQHandler</STRONG> (Thumb, 0 bytes, Stack size 0 bytes, startup_stm32h723xx.o(.text))
<BR>[Address Reference Count : 1]<UL><LI> startup_stm32h723xx.o(RESET)
</UL>
<P><STRONG><a name="[92]"></a>DMAMUX2_OVR_IRQHandler</STRONG> (Thumb, 0 bytes, Stack size 0 bytes, startup_stm32h723xx.o(.text))
<BR>[Address Reference Count : 1]<UL><LI> startup_stm32h723xx.o(RESET)
</UL>
<P><STRONG><a name="[a4]"></a>DTS_IRQHandler</STRONG> (Thumb, 0 bytes, Stack size 0 bytes, startup_stm32h723xx.o(.text))
<BR>[Address Reference Count : 1]<UL><LI> startup_stm32h723xx.o(RESET)
</UL>
<P><STRONG><a name="[a2]"></a>ECC_IRQHandler</STRONG> (Thumb, 0 bytes, Stack size 0 bytes, startup_stm32h723xx.o(.text))
<BR>[Address Reference Count : 1]<UL><LI> startup_stm32h723xx.o(RESET)
</UL>
<P><STRONG><a name="[64]"></a>ETH_IRQHandler</STRONG> (Thumb, 0 bytes, Stack size 0 bytes, startup_stm32h723xx.o(.text))
<BR>[Address Reference Count : 1]<UL><LI> startup_stm32h723xx.o(RESET)
</UL>
<P><STRONG><a name="[65]"></a>ETH_WKUP_IRQHandler</STRONG> (Thumb, 0 bytes, Stack size 0 bytes, startup_stm32h723xx.o(.text))
<BR>[Address Reference Count : 1]<UL><LI> startup_stm32h723xx.o(RESET)
</UL>
<P><STRONG><a name="[2f]"></a>EXTI1_IRQHandler</STRONG> (Thumb, 0 bytes, Stack size 0 bytes, startup_stm32h723xx.o(.text))
<BR>[Address Reference Count : 1]<UL><LI> startup_stm32h723xx.o(RESET)
</UL>
<P><STRONG><a name="[30]"></a>EXTI2_IRQHandler</STRONG> (Thumb, 0 bytes, Stack size 0 bytes, startup_stm32h723xx.o(.text))
<BR>[Address Reference Count : 1]<UL><LI> startup_stm32h723xx.o(RESET)
</UL>
<P><STRONG><a name="[31]"></a>EXTI3_IRQHandler</STRONG> (Thumb, 0 bytes, Stack size 0 bytes, startup_stm32h723xx.o(.text))
<BR>[Address Reference Count : 1]<UL><LI> startup_stm32h723xx.o(RESET)
</UL>
<P><STRONG><a name="[32]"></a>EXTI4_IRQHandler</STRONG> (Thumb, 0 bytes, Stack size 0 bytes, startup_stm32h723xx.o(.text))
<BR>[Address Reference Count : 1]<UL><LI> startup_stm32h723xx.o(RESET)
</UL>
<P><STRONG><a name="[3f]"></a>EXTI9_5_IRQHandler</STRONG> (Thumb, 0 bytes, Stack size 0 bytes, startup_stm32h723xx.o(.text))
<BR>[Address Reference Count : 1]<UL><LI> startup_stm32h723xx.o(RESET)
</UL>
<P><STRONG><a name="[3d]"></a>FDCAN1_IT1_IRQHandler</STRONG> (Thumb, 0 bytes, Stack size 0 bytes, startup_stm32h723xx.o(.text))
<BR>[Address Reference Count : 1]<UL><LI> startup_stm32h723xx.o(RESET)
</UL>
<P><STRONG><a name="[3e]"></a>FDCAN2_IT1_IRQHandler</STRONG> (Thumb, 0 bytes, Stack size 0 bytes, startup_stm32h723xx.o(.text))
<BR>[Address Reference Count : 1]<UL><LI> startup_stm32h723xx.o(RESET)
</UL>
<P><STRONG><a name="[ae]"></a>FDCAN3_IT1_IRQHandler</STRONG> (Thumb, 0 bytes, Stack size 0 bytes, startup_stm32h723xx.o(.text))
<BR>[Address Reference Count : 1]<UL><LI> startup_stm32h723xx.o(RESET)
</UL>
<P><STRONG><a name="[66]"></a>FDCAN_CAL_IRQHandler</STRONG> (Thumb, 0 bytes, Stack size 0 bytes, startup_stm32h723xx.o(.text))
<BR>[Address Reference Count : 1]<UL><LI> startup_stm32h723xx.o(RESET)
</UL>
<P><STRONG><a name="[2c]"></a>FLASH_IRQHandler</STRONG> (Thumb, 0 bytes, Stack size 0 bytes, startup_stm32h723xx.o(.text))
<BR>[Address Reference Count : 1]<UL><LI> startup_stm32h723xx.o(RESET)
</UL>
<P><STRONG><a name="[a7]"></a>FMAC_IRQHandler</STRONG> (Thumb, 0 bytes, Stack size 0 bytes, startup_stm32h723xx.o(.text))
<BR>[Address Reference Count : 1]<UL><LI> startup_stm32h723xx.o(RESET)
</UL>
<P><STRONG><a name="[57]"></a>FMC_IRQHandler</STRONG> (Thumb, 0 bytes, Stack size 0 bytes, startup_stm32h723xx.o(.text))
<BR>[Address Reference Count : 1]<UL><LI> startup_stm32h723xx.o(RESET)
</UL>
<P><STRONG><a name="[73]"></a>FPU_IRQHandler</STRONG> (Thumb, 0 bytes, Stack size 0 bytes, startup_stm32h723xx.o(.text))
<BR>[Address Reference Count : 1]<UL><LI> startup_stm32h723xx.o(RESET)
</UL>
<P><STRONG><a name="[90]"></a>HSEM1_IRQHandler</STRONG> (Thumb, 0 bytes, Stack size 0 bytes, startup_stm32h723xx.o(.text))
<BR>[Address Reference Count : 1]<UL><LI> startup_stm32h723xx.o(RESET)
</UL>
<P><STRONG><a name="[48]"></a>I2C1_ER_IRQHandler</STRONG> (Thumb, 0 bytes, Stack size 0 bytes, startup_stm32h723xx.o(.text))
<BR>[Address Reference Count : 1]<UL><LI> startup_stm32h723xx.o(RESET)
</UL>
<P><STRONG><a name="[47]"></a>I2C1_EV_IRQHandler</STRONG> (Thumb, 0 bytes, Stack size 0 bytes, startup_stm32h723xx.o(.text))
<BR>[Address Reference Count : 1]<UL><LI> startup_stm32h723xx.o(RESET)
</UL>
<P><STRONG><a name="[4a]"></a>I2C2_ER_IRQHandler</STRONG> (Thumb, 0 bytes, Stack size 0 bytes, startup_stm32h723xx.o(.text))
<BR>[Address Reference Count : 1]<UL><LI> startup_stm32h723xx.o(RESET)
</UL>
<P><STRONG><a name="[49]"></a>I2C2_EV_IRQHandler</STRONG> (Thumb, 0 bytes, Stack size 0 bytes, startup_stm32h723xx.o(.text))
<BR>[Address Reference Count : 1]<UL><LI> startup_stm32h723xx.o(RESET)
</UL>
<P><STRONG><a name="[6c]"></a>I2C3_ER_IRQHandler</STRONG> (Thumb, 0 bytes, Stack size 0 bytes, startup_stm32h723xx.o(.text))
<BR>[Address Reference Count : 1]<UL><LI> startup_stm32h723xx.o(RESET)
</UL>
<P><STRONG><a name="[6b]"></a>I2C3_EV_IRQHandler</STRONG> (Thumb, 0 bytes, Stack size 0 bytes, startup_stm32h723xx.o(.text))
<BR>[Address Reference Count : 1]<UL><LI> startup_stm32h723xx.o(RESET)
</UL>
<P><STRONG><a name="[81]"></a>I2C4_ER_IRQHandler</STRONG> (Thumb, 0 bytes, Stack size 0 bytes, startup_stm32h723xx.o(.text))
<BR>[Address Reference Count : 1]<UL><LI> startup_stm32h723xx.o(RESET)
</UL>
<P><STRONG><a name="[80]"></a>I2C4_EV_IRQHandler</STRONG> (Thumb, 0 bytes, Stack size 0 bytes, startup_stm32h723xx.o(.text))
<BR>[Address Reference Count : 1]<UL><LI> startup_stm32h723xx.o(RESET)
</UL>
<P><STRONG><a name="[ac]"></a>I2C5_ER_IRQHandler</STRONG> (Thumb, 0 bytes, Stack size 0 bytes, startup_stm32h723xx.o(.text))
<BR>[Address Reference Count : 1]<UL><LI> startup_stm32h723xx.o(RESET)
</UL>
<P><STRONG><a name="[ab]"></a>I2C5_EV_IRQHandler</STRONG> (Thumb, 0 bytes, Stack size 0 bytes, startup_stm32h723xx.o(.text))
<BR>[Address Reference Count : 1]<UL><LI> startup_stm32h723xx.o(RESET)
</UL>
<P><STRONG><a name="[7e]"></a>LPTIM1_IRQHandler</STRONG> (Thumb, 0 bytes, Stack size 0 bytes, startup_stm32h723xx.o(.text))
<BR>[Address Reference Count : 1]<UL><LI> startup_stm32h723xx.o(RESET)
</UL>
<P><STRONG><a name="[9c]"></a>LPTIM2_IRQHandler</STRONG> (Thumb, 0 bytes, Stack size 0 bytes, startup_stm32h723xx.o(.text))
<BR>[Address Reference Count : 1]<UL><LI> startup_stm32h723xx.o(RESET)
</UL>
<P><STRONG><a name="[9d]"></a>LPTIM3_IRQHandler</STRONG> (Thumb, 0 bytes, Stack size 0 bytes, startup_stm32h723xx.o(.text))
<BR>[Address Reference Count : 1]<UL><LI> startup_stm32h723xx.o(RESET)
</UL>
<P><STRONG><a name="[9e]"></a>LPTIM4_IRQHandler</STRONG> (Thumb, 0 bytes, Stack size 0 bytes, startup_stm32h723xx.o(.text))
<BR>[Address Reference Count : 1]<UL><LI> startup_stm32h723xx.o(RESET)
</UL>
<P><STRONG><a name="[9f]"></a>LPTIM5_IRQHandler</STRONG> (Thumb, 0 bytes, Stack size 0 bytes, startup_stm32h723xx.o(.text))
<BR>[Address Reference Count : 1]<UL><LI> startup_stm32h723xx.o(RESET)
</UL>
<P><STRONG><a name="[a0]"></a>LPUART1_IRQHandler</STRONG> (Thumb, 0 bytes, Stack size 0 bytes, startup_stm32h723xx.o(.text))
<BR>[Address Reference Count : 1]<UL><LI> startup_stm32h723xx.o(RESET)
</UL>
<P><STRONG><a name="[7b]"></a>LTDC_ER_IRQHandler</STRONG> (Thumb, 0 bytes, Stack size 0 bytes, startup_stm32h723xx.o(.text))
<BR>[Address Reference Count : 1]<UL><LI> startup_stm32h723xx.o(RESET)
</UL>
<P><STRONG><a name="[7a]"></a>LTDC_IRQHandler</STRONG> (Thumb, 0 bytes, Stack size 0 bytes, startup_stm32h723xx.o(.text))
<BR>[Address Reference Count : 1]<UL><LI> startup_stm32h723xx.o(RESET)
</UL>
<P><STRONG><a name="[8d]"></a>MDIOS_IRQHandler</STRONG> (Thumb, 0 bytes, Stack size 0 bytes, startup_stm32h723xx.o(.text))
<BR>[Address Reference Count : 1]<UL><LI> startup_stm32h723xx.o(RESET)
</UL>
<P><STRONG><a name="[8c]"></a>MDIOS_WKUP_IRQHandler</STRONG> (Thumb, 0 bytes, Stack size 0 bytes, startup_stm32h723xx.o(.text))
<BR>[Address Reference Count : 1]<UL><LI> startup_stm32h723xx.o(RESET)
</UL>
<P><STRONG><a name="[8e]"></a>MDMA_IRQHandler</STRONG> (Thumb, 0 bytes, Stack size 0 bytes, startup_stm32h723xx.o(.text))
<BR>[Address Reference Count : 1]<UL><LI> startup_stm32h723xx.o(RESET)
</UL>
<P><STRONG><a name="[7d]"></a>OCTOSPI1_IRQHandler</STRONG> (Thumb, 0 bytes, Stack size 0 bytes, startup_stm32h723xx.o(.text))
<BR>[Address Reference Count : 1]<UL><LI> startup_stm32h723xx.o(RESET)
</UL>
<P><STRONG><a name="[a6]"></a>OCTOSPI2_IRQHandler</STRONG> (Thumb, 0 bytes, Stack size 0 bytes, startup_stm32h723xx.o(.text))
<BR>[Address Reference Count : 1]<UL><LI> startup_stm32h723xx.o(RESET)
</UL>
<P><STRONG><a name="[6e]"></a>OTG_HS_EP1_IN_IRQHandler</STRONG> (Thumb, 0 bytes, Stack size 0 bytes, startup_stm32h723xx.o(.text))
<BR>[Address Reference Count : 1]<UL><LI> startup_stm32h723xx.o(RESET)
</UL>
<P><STRONG><a name="[6d]"></a>OTG_HS_EP1_OUT_IRQHandler</STRONG> (Thumb, 0 bytes, Stack size 0 bytes, startup_stm32h723xx.o(.text))
<BR>[Address Reference Count : 1]<UL><LI> startup_stm32h723xx.o(RESET)
</UL>
<P><STRONG><a name="[70]"></a>OTG_HS_IRQHandler</STRONG> (Thumb, 0 bytes, Stack size 0 bytes, startup_stm32h723xx.o(.text))
<BR>[Address Reference Count : 1]<UL><LI> startup_stm32h723xx.o(RESET)
</UL>
<P><STRONG><a name="[6f]"></a>OTG_HS_WKUP_IRQHandler</STRONG> (Thumb, 0 bytes, Stack size 0 bytes, startup_stm32h723xx.o(.text))
<BR>[Address Reference Count : 1]<UL><LI> startup_stm32h723xx.o(RESET)
</UL>
<P><STRONG><a name="[29]"></a>PVD_AVD_IRQHandler</STRONG> (Thumb, 0 bytes, Stack size 0 bytes, startup_stm32h723xx.o(.text))
<BR>[Address Reference Count : 1]<UL><LI> startup_stm32h723xx.o(RESET)
</UL>
<P><STRONG><a name="[2d]"></a>RCC_IRQHandler</STRONG> (Thumb, 0 bytes, Stack size 0 bytes, startup_stm32h723xx.o(.text))
<BR>[Address Reference Count : 1]<UL><LI> startup_stm32h723xx.o(RESET)
</UL>
<P><STRONG><a name="[72]"></a>RNG_IRQHandler</STRONG> (Thumb, 0 bytes, Stack size 0 bytes, startup_stm32h723xx.o(.text))
<BR>[Address Reference Count : 1]<UL><LI> startup_stm32h723xx.o(RESET)
</UL>
<P><STRONG><a name="[51]"></a>RTC_Alarm_IRQHandler</STRONG> (Thumb, 0 bytes, Stack size 0 bytes, startup_stm32h723xx.o(.text))
<BR>[Address Reference Count : 1]<UL><LI> startup_stm32h723xx.o(RESET)
</UL>
<P><STRONG><a name="[2b]"></a>RTC_WKUP_IRQHandler</STRONG> (Thumb, 0 bytes, Stack size 0 bytes, startup_stm32h723xx.o(.text))
<BR>[Address Reference Count : 1]<UL><LI> startup_stm32h723xx.o(RESET)
</UL>
<P><STRONG><a name="[79]"></a>SAI1_IRQHandler</STRONG> (Thumb, 0 bytes, Stack size 0 bytes, startup_stm32h723xx.o(.text))
<BR>[Address Reference Count : 1]<UL><LI> startup_stm32h723xx.o(RESET)
</UL>
<P><STRONG><a name="[a3]"></a>SAI4_IRQHandler</STRONG> (Thumb, 0 bytes, Stack size 0 bytes, startup_stm32h723xx.o(.text))
<BR>[Address Reference Count : 1]<UL><LI> startup_stm32h723xx.o(RESET)
</UL>
<P><STRONG><a name="[58]"></a>SDMMC1_IRQHandler</STRONG> (Thumb, 0 bytes, Stack size 0 bytes, startup_stm32h723xx.o(.text))
<BR>[Address Reference Count : 1]<UL><LI> startup_stm32h723xx.o(RESET)
</UL>
<P><STRONG><a name="[8f]"></a>SDMMC2_IRQHandler</STRONG> (Thumb, 0 bytes, Stack size 0 bytes, startup_stm32h723xx.o(.text))
<BR>[Address Reference Count : 1]<UL><LI> startup_stm32h723xx.o(RESET)
</UL>
<P><STRONG><a name="[82]"></a>SPDIF_RX_IRQHandler</STRONG> (Thumb, 0 bytes, Stack size 0 bytes, startup_stm32h723xx.o(.text))
<BR>[Address Reference Count : 1]<UL><LI> startup_stm32h723xx.o(RESET)
</UL>
<P><STRONG><a name="[4b]"></a>SPI1_IRQHandler</STRONG> (Thumb, 0 bytes, Stack size 0 bytes, startup_stm32h723xx.o(.text))
<BR>[Address Reference Count : 1]<UL><LI> startup_stm32h723xx.o(RESET)
</UL>
<P><STRONG><a name="[5a]"></a>SPI3_IRQHandler</STRONG> (Thumb, 0 bytes, Stack size 0 bytes, startup_stm32h723xx.o(.text))
<BR>[Address Reference Count : 1]<UL><LI> startup_stm32h723xx.o(RESET)
</UL>
<P><STRONG><a name="[76]"></a>SPI4_IRQHandler</STRONG> (Thumb, 0 bytes, Stack size 0 bytes, startup_stm32h723xx.o(.text))
<BR>[Address Reference Count : 1]<UL><LI> startup_stm32h723xx.o(RESET)
</UL>
<P><STRONG><a name="[77]"></a>SPI5_IRQHandler</STRONG> (Thumb, 0 bytes, Stack size 0 bytes, startup_stm32h723xx.o(.text))
<BR>[Address Reference Count : 1]<UL><LI> startup_stm32h723xx.o(RESET)
</UL>
<P><STRONG><a name="[78]"></a>SPI6_IRQHandler</STRONG> (Thumb, 0 bytes, Stack size 0 bytes, startup_stm32h723xx.o(.text))
<BR>[Address Reference Count : 1]<UL><LI> startup_stm32h723xx.o(RESET)
</UL>
<P><STRONG><a name="[88]"></a>SWPMI1_IRQHandler</STRONG> (Thumb, 0 bytes, Stack size 0 bytes, startup_stm32h723xx.o(.text))
<BR>[Address Reference Count : 1]<UL><LI> startup_stm32h723xx.o(RESET)
</UL>
<P><STRONG><a name="[2a]"></a>TAMP_STAMP_IRQHandler</STRONG> (Thumb, 0 bytes, Stack size 0 bytes, startup_stm32h723xx.o(.text))
<BR>[Address Reference Count : 1]<UL><LI> startup_stm32h723xx.o(RESET)
</UL>
<P><STRONG><a name="[89]"></a>TIM15_IRQHandler</STRONG> (Thumb, 0 bytes, Stack size 0 bytes, startup_stm32h723xx.o(.text))
<BR>[Address Reference Count : 1]<UL><LI> startup_stm32h723xx.o(RESET)
</UL>
<P><STRONG><a name="[8a]"></a>TIM16_IRQHandler</STRONG> (Thumb, 0 bytes, Stack size 0 bytes, startup_stm32h723xx.o(.text))
<BR>[Address Reference Count : 1]<UL><LI> startup_stm32h723xx.o(RESET)
</UL>
<P><STRONG><a name="[8b]"></a>TIM17_IRQHandler</STRONG> (Thumb, 0 bytes, Stack size 0 bytes, startup_stm32h723xx.o(.text))
<BR>[Address Reference Count : 1]<UL><LI> startup_stm32h723xx.o(RESET)
</UL>
<P><STRONG><a name="[40]"></a>TIM1_BRK_IRQHandler</STRONG> (Thumb, 0 bytes, Stack size 0 bytes, startup_stm32h723xx.o(.text))
<BR>[Address Reference Count : 1]<UL><LI> startup_stm32h723xx.o(RESET)
</UL>
<P><STRONG><a name="[43]"></a>TIM1_CC_IRQHandler</STRONG> (Thumb, 0 bytes, Stack size 0 bytes, startup_stm32h723xx.o(.text))
<BR>[Address Reference Count : 1]<UL><LI> startup_stm32h723xx.o(RESET)
</UL>
<P><STRONG><a name="[42]"></a>TIM1_TRG_COM_IRQHandler</STRONG> (Thumb, 0 bytes, Stack size 0 bytes, startup_stm32h723xx.o(.text))
<BR>[Address Reference Count : 1]<UL><LI> startup_stm32h723xx.o(RESET)
</UL>
<P><STRONG><a name="[af]"></a>TIM23_IRQHandler</STRONG> (Thumb, 0 bytes, Stack size 0 bytes, startup_stm32h723xx.o(.text))
<BR>[Address Reference Count : 1]<UL><LI> startup_stm32h723xx.o(RESET)
</UL>
<P><STRONG><a name="[b0]"></a>TIM24_IRQHandler</STRONG> (Thumb, 0 bytes, Stack size 0 bytes, startup_stm32h723xx.o(.text))
<BR>[Address Reference Count : 1]<UL><LI> startup_stm32h723xx.o(RESET)
</UL>
<P><STRONG><a name="[44]"></a>TIM2_IRQHandler</STRONG> (Thumb, 0 bytes, Stack size 0 bytes, startup_stm32h723xx.o(.text))
<BR>[Address Reference Count : 1]<UL><LI> startup_stm32h723xx.o(RESET)
</UL>
<P><STRONG><a name="[45]"></a>TIM3_IRQHandler</STRONG> (Thumb, 0 bytes, Stack size 0 bytes, startup_stm32h723xx.o(.text))
<BR>[Address Reference Count : 1]<UL><LI> startup_stm32h723xx.o(RESET)
</UL>
<P><STRONG><a name="[46]"></a>TIM4_IRQHandler</STRONG> (Thumb, 0 bytes, Stack size 0 bytes, startup_stm32h723xx.o(.text))
<BR>[Address Reference Count : 1]<UL><LI> startup_stm32h723xx.o(RESET)
</UL>
<P><STRONG><a name="[59]"></a>TIM5_IRQHandler</STRONG> (Thumb, 0 bytes, Stack size 0 bytes, startup_stm32h723xx.o(.text))
<BR>[Address Reference Count : 1]<UL><LI> startup_stm32h723xx.o(RESET)
</UL>
<P><STRONG><a name="[5d]"></a>TIM6_DAC_IRQHandler</STRONG> (Thumb, 0 bytes, Stack size 0 bytes, startup_stm32h723xx.o(.text))
<BR>[Address Reference Count : 1]<UL><LI> startup_stm32h723xx.o(RESET)
</UL>
<P><STRONG><a name="[5e]"></a>TIM7_IRQHandler</STRONG> (Thumb, 0 bytes, Stack size 0 bytes, startup_stm32h723xx.o(.text))
<BR>[Address Reference Count : 1]<UL><LI> startup_stm32h723xx.o(RESET)
</UL>
<P><STRONG><a name="[52]"></a>TIM8_BRK_TIM12_IRQHandler</STRONG> (Thumb, 0 bytes, Stack size 0 bytes, startup_stm32h723xx.o(.text))
<BR>[Address Reference Count : 1]<UL><LI> startup_stm32h723xx.o(RESET)
</UL>
<P><STRONG><a name="[55]"></a>TIM8_CC_IRQHandler</STRONG> (Thumb, 0 bytes, Stack size 0 bytes, startup_stm32h723xx.o(.text))
<BR>[Address Reference Count : 1]<UL><LI> startup_stm32h723xx.o(RESET)
</UL>
<P><STRONG><a name="[54]"></a>TIM8_TRG_COM_TIM14_IRQHandler</STRONG> (Thumb, 0 bytes, Stack size 0 bytes, startup_stm32h723xx.o(.text))
<BR>[Address Reference Count : 1]<UL><LI> startup_stm32h723xx.o(RESET)
</UL>
<P><STRONG><a name="[53]"></a>TIM8_UP_TIM13_IRQHandler</STRONG> (Thumb, 0 bytes, Stack size 0 bytes, startup_stm32h723xx.o(.text))
<BR>[Address Reference Count : 1]<UL><LI> startup_stm32h723xx.o(RESET)
</UL>
<P><STRONG><a name="[5b]"></a>UART4_IRQHandler</STRONG> (Thumb, 0 bytes, Stack size 0 bytes, startup_stm32h723xx.o(.text))
<BR>[Address Reference Count : 1]<UL><LI> startup_stm32h723xx.o(RESET)
</UL>
<P><STRONG><a name="[75]"></a>UART8_IRQHandler</STRONG> (Thumb, 0 bytes, Stack size 0 bytes, startup_stm32h723xx.o(.text))
<BR>[Address Reference Count : 1]<UL><LI> startup_stm32h723xx.o(RESET)
</UL>
<P><STRONG><a name="[a9]"></a>UART9_IRQHandler</STRONG> (Thumb, 0 bytes, Stack size 0 bytes, startup_stm32h723xx.o(.text))
<BR>[Address Reference Count : 1]<UL><LI> startup_stm32h723xx.o(RESET)
</UL>
<P><STRONG><a name="[4e]"></a>USART2_IRQHandler</STRONG> (Thumb, 0 bytes, Stack size 0 bytes, startup_stm32h723xx.o(.text))
<BR>[Address Reference Count : 1]<UL><LI> startup_stm32h723xx.o(RESET)
</UL>
<P><STRONG><a name="[4f]"></a>USART3_IRQHandler</STRONG> (Thumb, 0 bytes, Stack size 0 bytes, startup_stm32h723xx.o(.text))
<BR>[Address Reference Count : 1]<UL><LI> startup_stm32h723xx.o(RESET)
</UL>
<P><STRONG><a name="[6a]"></a>USART6_IRQHandler</STRONG> (Thumb, 0 bytes, Stack size 0 bytes, startup_stm32h723xx.o(.text))
<BR>[Address Reference Count : 1]<UL><LI> startup_stm32h723xx.o(RESET)
</UL>
[...]
</UL>
<P><STRONG><a name="[d9]"></a>UART_DMATxHalfCplt</STRONG> (Thumb, 8 bytes, Stack size 0 bytes, stm32h7xx_hal_uart.o(i.UART_DMATxHalfCplt))
<BR>[Address Reference Count : 1]<UL><LI> stm32h7xx_hal_uart.o(i.HAL_UART_Transmit_DMA)
</UL>
<P><STRONG><a name="[1c2]"></a>UART_EndRxTransfer</STRONG> (Thumb, 78 bytes, Stack size 8 bytes, stm32h7xx_hal_uart.o(i.UART_EndRxTransfer))
<BR><BR>[Stack]<UL><LI>Max Depth = 8<LI>Call Chain = UART_EndRxTransfer
</UL>
<BR>[Called By]<UL><LI><a href="#[1c1]">&gt;&gt;</a>&nbsp;&nbsp;&nbsp;HAL_UART_IRQHandler
<LI><a href="#[1e6]">&gt;&gt;</a>&nbsp;&nbsp;&nbsp;UART_WaitOnFlagUntilTimeout
<LI><a href="#[da]">&gt;&gt;</a>&nbsp;&nbsp;&nbsp;UART_DMAError
</UL>

<P><STRONG><a name="[1e7]"></a>UART_EndTxTransfer</STRONG> (Thumb, 46 bytes, Stack size 0 bytes, stm32h7xx_hal_uart.o(i.UART_EndTxTransfer))
<BR><BR>[Calls]<UL><LI><a href="#[1e7]">&gt;&gt;</a>&nbsp;&nbsp;&nbsp;UART_EndTxTransfer
</UL>
<BR>[Called By]<UL><LI><a href="#[1e7]">&gt;&gt;</a>&nbsp;&nbsp;&nbsp;UART_EndTxTransfer
<LI><a href="#[da]">&gt;&gt;</a>&nbsp;&nbsp;&nbsp;UART_DMAError
</UL>

<P><STRONG><a name="[1ba]"></a>UARTEx_SetNbDataToProcess</STRONG> (Thumb, 62 bytes, Stack size 12 bytes, stm32h7xx_hal_uart_ex.o(i.UARTEx_SetNbDataToProcess))
<BR><BR>[Stack]<UL><LI>Max Depth = 12<LI>Call Chain = UARTEx_SetNbDataToProcess
</UL>
<BR>[Called By]<UL><LI><a href="#[1be]">&gt;&gt;</a>&nbsp;&nbsp;&nbsp;HAL_UARTEx_SetTxFifoThreshold
<LI><a href="#[1bd]">&gt;&gt;</a>&nbsp;&nbsp;&nbsp;HAL_UARTEx_SetRxFifoThreshold
<LI><a href="#[1b9]">&gt;&gt;</a>&nbsp;&nbsp;&nbsp;HAL_UARTEx_EnableFifoMode
</UL>

<P><STRONG><a name="[172]"></a>DT7_Key_Analysis</STRONG> (Thumb, 120 bytes, Stack size 20 bytes, ifr_remote.o(i.DT7_Key_Analysis))
<BR><BR>[Stack]<UL><LI>Max Depth = 20<LI>Call Chain = DT7_Key_Analysis
</UL>
<BR>[Called By]<UL><LI><a href="#[170]">&gt;&gt;</a>&nbsp;&nbsp;&nbsp;DT7_RemoteAndKeyboard_Analysis
</UL>

<P><STRONG><a name="[26f]"></a>adjust_stick_dir</STRONG> (Thumb, 12 bytes, Stack size 0 bytes, ifr_remote.o(i.adjust_stick_dir))
<BR><BR>[Called By]<UL><LI><a href="#[1ef]">&gt;&gt;</a>&nbsp;&nbsp;&nbsp;channels_to_remote
</UL>

<P><STRONG><a name="[1ef]"></a>channels_to_remote</STRONG> (Thumb, 170 bytes, Stack size 16 bytes, ifr_remote.o(i.channels_to_remote))
<BR><BR>[Stack]<UL><LI>Max Depth = 68<LI>Call Chain = channels_to_remote &rArr; get_dial
</UL>
<BR>[Calls]<UL><LI><a href="#[270]">&gt;&gt;</a>&nbsp;&nbsp;&nbsp;wbusremote_dead_zone_analysis
<LI><a href="#[272]">&gt;&gt;</a>&nbsp;&nbsp;&nbsp;get_dial
<LI><a href="#[271]">&gt;&gt;</a>&nbsp;&nbsp;&nbsp;convert_switch
<LI><a href="#[26f]">&gt;&gt;</a>&nbsp;&nbsp;&nbsp;adjust_stick_dir
</UL>
<BR>[Called By]<UL><LI><a href="#[1ed]">&gt;&gt;</a>&nbsp;&nbsp;&nbsp;WBUS_Remote_Analysis
</UL>

<P><STRONG><a name="[271]"></a>convert_switch</STRONG> (Thumb, 34 bytes, Stack size 0 bytes, ifr_remote.o(i.convert_switch))
<BR><BR>[Called By]<UL><LI><a href="#[1ef]">&gt;&gt;</a>&nbsp;&nbsp;&nbsp;channels_to_remote
</UL>

<P><STRONG><a name="[171]"></a>djiremote_dead_zone_analysis</STRONG> (Thumb, 38 bytes, Stack size 0 bytes, ifr_remote.o(i.djiremote_dead_zone_analysis))
<BR><BR>[Called By]<UL><LI><a href="#[1eb]">&gt;&gt;</a>&nbsp;&nbsp;&nbsp;VT13_Remote_Analysis
<LI><a href="#[170]">&gt;&gt;</a>&nbsp;&nbsp;&nbsp;DT7_RemoteAndKeyboard_Analysis
</UL>

<P><STRONG><a name="[1ee]"></a>frame_to_channels</STRONG> (Thumb, 296 bytes, Stack size 8 bytes, ifr_remote.o(i.frame_to_channels))
<BR><BR>[Stack]<UL><LI>Max Depth = 8<LI>Call Chain = frame_to_channels
</UL>
<BR>[Called By]<UL><LI><a href="#[1ed]">&gt;&gt;</a>&nbsp;&nbsp;&nbsp;WBUS_Remote_Analysis
</UL>

<P><STRONG><a name="[272]"></a>get_dial</STRONG> (Thumb, 166 bytes, Stack size 52 bytes, ifr_remote.o(i.get_dial))
<BR><BR>[Stack]<UL><LI>Max Depth = 52<LI>Call Chain = get_dial
</UL>
<BR>[Called By]<UL><LI><a href="#[1ef]">&gt;&gt;</a>&nbsp;&nbsp;&nbsp;channels_to_remote
</UL>

<P><STRONG><a name="[270]"></a>wbusremote_dead_zone_analysis</STRONG> (Thumb, 38 bytes, Stack size 0 bytes, ifr_remote.o(i.wbusremote_dead_zone_analysis))
<BR><BR>[Called By]<UL><LI><a href="#[1ef]">&gt;&gt;</a>&nbsp;&nbsp;&nbsp;channels_to_remote
</UL>

<P><STRONG><a name="[225]"></a>IFR_FDCAN_ID_Get(__FDCAN_HandleTypeDef*)</STRONG> (Thumb, 36 bytes, Stack size 0 bytes, ifr_fdcan.o(i._Z16IFR_FDCAN_ID_GetP21__FDCAN_HandleTypeDef))
<BR><BR>[Called By]<UL><LI><a href="#[248]">&gt;&gt;</a>&nbsp;&nbsp;&nbsp;IFR_FDCAN_ClassDef::_ConfigFDCANFilter()
<LI><a href="#[1f6]">&gt;&gt;</a>&nbsp;&nbsp;&nbsp;IFR_FDCAN_ClassDef::FDCAN_Init(__FDCAN_HandleTypeDef*, CanMsgQueue*)
<LI><a href="#[fc]">&gt;&gt;</a>&nbsp;&nbsp;&nbsp;IFR_FDCAN_Transmit_Callback(__FDCAN_HandleTypeDef*)
<LI><a href="#[fd]">&gt;&gt;</a>&nbsp;&nbsp;&nbsp;IFR_FDCAN_Recevice_Callback(__FDCAN_HandleTypeDef*, unsigned)
</UL>

<P><STRONG><a name="[23c]"></a>Byte_to_float(const unsigned char*)</STRONG> (Thumb, 16 bytes, Stack size 0 bytes, ifr_rsmotor.o(i._Z13Byte_to_floatPKh))
<BR><BR>[Called By]<UL><LI><a href="#[112]">&gt;&gt;</a>&nbsp;&nbsp;&nbsp;IFR_RS_Motor::parse_can_msg(CanMsg_t)
</UL>

<P><STRONG><a name="[23b]"></a>uint16_to_float(unsigned short, float, float, int)</STRONG> (Thumb, 40 bytes, Stack size 0 bytes, ifr_rsmotor.o(i._Z15uint16_to_floattffi))
<BR><BR>[Called By]<UL><LI><a href="#[112]">&gt;&gt;</a>&nbsp;&nbsp;&nbsp;IFR_RS_Motor::parse_can_msg(CanMsg_t)
</UL>

<P><STRONG><a name="[119]"></a>__sti___16_ifr_sys_time_cpp_bcf462d3</STRONG> (Thumb, 8 bytes, Stack size 0 bytes, ifr_sys_time.o(i.__sti___16_ifr_sys_time_cpp_bcf462d3))
<BR>[Address Reference Count : 1]<UL><LI> ifr_sys_time.o(.init_array)
</UL>
<P><STRONG><a name="[21d]"></a>IFR_TIM_ID_GET(__TIM_HandleTypeDef*)</STRONG> (Thumb, 116 bytes, Stack size 0 bytes, ifr_tim.o(i._Z14IFR_TIM_ID_GETP19__TIM_HandleTypeDef))
<BR><BR>[Called By]<UL><LI><a href="#[fb]">&gt;&gt;</a>&nbsp;&nbsp;&nbsp;IFR_TIM_Overflow_Callback(__TIM_HandleTypeDef*)
<LI><a href="#[1ff]">&gt;&gt;</a>&nbsp;&nbsp;&nbsp;IFR_TIM_ClassDef::TIM_ITStart(__TIM_HandleTypeDef*, void(*)())
</UL>

<P><STRONG><a name="[1bf]"></a>IFR_Uart_ID_Get(__UART_HandleTypeDef*)</STRONG> (Thumb, 106 bytes, Stack size 0 bytes, ifr_usart.o(i._Z15IFR_Uart_ID_GetP20__UART_HandleTypeDef))
<BR><BR>[Called By]<UL><LI><a href="#[1fc]">&gt;&gt;</a>&nbsp;&nbsp;&nbsp;IFR_USART_ClassDef::ifr_usart_Init(__UART_HandleTypeDef*, void(*)(unsigned char*, unsigned char))
<LI><a href="#[ff]">&gt;&gt;</a>&nbsp;&nbsp;&nbsp;IFR_UART_Tx_Callback(__UART_HandleTypeDef*)
<LI><a href="#[fe]">&gt;&gt;</a>&nbsp;&nbsp;&nbsp;IFR_UART_Rx_Callback(__UART_HandleTypeDef*, unsigned short)
<LI><a href="#[ed]">&gt;&gt;</a>&nbsp;&nbsp;&nbsp;HAL_UART_ErrorCallback
</UL>

<P><STRONG><a name="[11a]"></a>__sti___22_Receive_remote_ifr_cpp_3d6ba593</STRONG> (Thumb, 30 bytes, Stack size 0 bytes, receive_remote_ifr.o(i.__sti___22_Receive_remote_ifr_cpp_3d6ba593))
<BR>[Address Reference Count : 1]<UL><LI> receive_remote_ifr.o(.init_array)
</UL>
<P><STRONG><a name="[11b]"></a>__sti___19_Init_engine_car_cpp_e11e848f</STRONG> (Thumb, 18 bytes, Stack size 8 bytes, init_engine_car.o(i.__sti___19_Init_engine_car_cpp_e11e848f))
<BR><BR>[Stack]<UL><LI>Max Depth = 8<LI>Call Chain = __sti___19_Init_engine_car_cpp_e11e848f
</UL>
<BR>[Calls]<UL><LI><a href="#[26d]">&gt;&gt;</a>&nbsp;&nbsp;&nbsp;IFR_USART_ClassDef::IFR_USART_ClassDef()
</UL>
<BR>[Address Reference Count : 1]<UL><LI> init_engine_car.o(.init_array)
</UL>
<P><STRONG><a name="[11c]"></a>__sti___22_Self_state_machine_cpp_7c98c159</STRONG> (Thumb, 50 bytes, Stack size 8 bytes, self_state_machine.o(i.__sti___22_Self_state_machine_cpp_7c98c159))
<BR><BR>[Stack]<UL><LI>Max Depth = 80<LI>Call Chain = __sti___22_Self_state_machine_cpp_7c98c159 &rArr; __aeabi_atexit &rArr; malloc &rArr; __Heap_Full &rArr; __Heap_ProvideMemory &rArr; free
</UL>
<BR>[Calls]<UL><LI><a href="#[25d]">&gt;&gt;</a>&nbsp;&nbsp;&nbsp;StateMachine::StateMachine(unsigned char, StateConfig*)
<LI><a href="#[25c]">&gt;&gt;</a>&nbsp;&nbsp;&nbsp;StateMachine_Extend::StateMachine_Extend(unsigned char, StateConfig_Extend**, StateConfig*)
<LI><a href="#[137]">&gt;&gt;</a>&nbsp;&nbsp;&nbsp;__aeabi_atexit
</UL>
<BR>[Address Reference Count : 1]<UL><LI> self_state_machine.o(.init_array)
</UL>
<P><STRONG><a name="[11d]"></a>__sti___21_car_basis_control_cpp_36451bb4</STRONG> (Thumb, 146 bytes, Stack size 8 bytes, car_basis_control.o(i.__sti___21_car_basis_control_cpp_36451bb4))
<BR><BR>[Stack]<UL><LI>Max Depth = 80<LI>Call Chain = __sti___21_car_basis_control_cpp_36451bb4 &rArr; __aeabi_atexit &rArr; malloc &rArr; __Heap_Full &rArr; __Heap_ProvideMemory &rArr; free
</UL>
<BR>[Calls]<UL><LI><a href="#[25a]">&gt;&gt;</a>&nbsp;&nbsp;&nbsp;IFR_DJI_Speed_Motor::IFR_DJI_Speed_Motor(unsigned short, DJI_Motor_Type, CanMsgQueue*)
<LI><a href="#[137]">&gt;&gt;</a>&nbsp;&nbsp;&nbsp;__aeabi_atexit
</UL>
<BR>[Address Reference Count : 1]<UL><LI> car_basis_control.o(.init_array)
</UL>
<P><STRONG><a name="[1f8]"></a>cali_data_read()</STRONG> (Thumb, 134 bytes, Stack size 32 bytes, bmi088.o(i._Z14cali_data_readv))
<BR><BR>[Stack]<UL><LI>Max Depth = 32<LI>Call Chain = cali_data_read()
</UL>
<BR>[Calls]<UL><LI><a href="#[1f0]">&gt;&gt;</a>&nbsp;&nbsp;&nbsp;flash_read(unsigned, unsigned*, unsigned)
</UL>
<BR>[Called By]<UL><LI><a href="#[26e]">&gt;&gt;</a>&nbsp;&nbsp;&nbsp;cali_param_init
</UL>

<P><STRONG><a name="[1d]"></a>cali_gyro_hook(unsigned*, unsigned char)</STRONG> (Thumb, 56 bytes, Stack size 4 bytes, bmi088.o(i._Z14cali_gyro_hookPjh))
<BR><BR>[Stack]<UL><LI>Max Depth = 16<LI>Call Chain = cali_gyro_hook(unsigned*, unsigned char) &rArr; INS_cali_gyro
</UL>
<BR>[Calls]<UL><LI><a href="#[1f9]">&gt;&gt;</a>&nbsp;&nbsp;&nbsp;INS_set_cali_gyro
<LI><a href="#[1cc]">&gt;&gt;</a>&nbsp;&nbsp;&nbsp;INS_cali_gyro
</UL>
<BR>[Address Reference Count : 1]<UL><LI> bmi088.o(.data)
</UL>
<P><STRONG><a name="[1c]"></a>cali_head_hook(unsigned*, unsigned char)</STRONG> (Thumb, 28 bytes, Stack size 8 bytes, bmi088.o(i._Z14cali_head_hookPjh))
<BR><BR>[Stack]<UL><LI>Max Depth = 8<LI>Call Chain = cali_head_hook(unsigned*, unsigned char)
</UL>
<BR>[Address Reference Count : 1]<UL><LI> bmi088.o(.data)
</UL>
<P><STRONG><a name="[165]"></a>imu_cali_slove(float*, float*, BMI088_REAL_DATA*)</STRONG> (Thumb, 160 bytes, Stack size 36 bytes, bmi088.o(i._Z14imu_cali_slovePfS_P16BMI088_REAL_DATA))
<BR><BR>[Stack]<UL><LI>Max Depth = 36<LI>Call Chain = imu_cali_slove(float*, float*, BMI088_REAL_DATA*)
</UL>
<BR>[Called By]<UL><LI><a href="#[160]">&gt;&gt;</a>&nbsp;&nbsp;&nbsp;BMI088_init
<LI><a href="#[18f]">&gt;&gt;</a>&nbsp;&nbsp;&nbsp;GyroAngle_Analysis()
</UL>

<P><STRONG><a name="[16e]"></a>cali_data_write()</STRONG> (Thumb, 126 bytes, Stack size 24 bytes, bmi088.o(i._Z15cali_data_writev))
<BR><BR>[Stack]<UL><LI>Max Depth = 136 + Unknown Stack Size
<LI>Call Chain = cali_data_write() &rArr; flash_erase_address &rArr; HAL_FLASHEx_Erase &rArr; FLASH_WaitForLastOperation
</UL>
<BR>[Calls]<UL><LI><a href="#[13e]">&gt;&gt;</a>&nbsp;&nbsp;&nbsp;__aeabi_memset
<LI><a href="#[1d0]">&gt;&gt;</a>&nbsp;&nbsp;&nbsp;__aeabi_memcpy
<LI><a href="#[208]">&gt;&gt;</a>&nbsp;&nbsp;&nbsp;flash_write_single_address
<LI><a href="#[207]">&gt;&gt;</a>&nbsp;&nbsp;&nbsp;flash_erase_address
</UL>
<BR>[Called By]<UL><LI><a href="#[16d]">&gt;&gt;</a>&nbsp;&nbsp;&nbsp;Calibrate
</UL>

<P><STRONG><a name="[190]"></a>imu_cmd_spi_dma()</STRONG> (Thumb, 126 bytes, Stack size 8 bytes, bmi088.o(i._Z15imu_cmd_spi_dmav))
<BR><BR>[Stack]<UL><LI>Max Depth = 108<LI>Call Chain = imu_cmd_spi_dma() &rArr; HAL_SPI_TransmitReceive_DMA &rArr; HAL_DMA_Start_IT &rArr; DMA_SetConfig
</UL>
<BR>[Calls]<UL><LI><a href="#[1a5]">&gt;&gt;</a>&nbsp;&nbsp;&nbsp;HAL_SPI_TransmitReceive_DMA
<LI><a href="#[15f]">&gt;&gt;</a>&nbsp;&nbsp;&nbsp;BMI088_GYRO_NS_L
<LI><a href="#[15d]">&gt;&gt;</a>&nbsp;&nbsp;&nbsp;BMI088_ACCEL_NS_L
</UL>
<BR>[Called By]<UL><LI><a href="#[c9]">&gt;&gt;</a>&nbsp;&nbsp;&nbsp;HAL_SPI_TxRxCpltCallback
<LI><a href="#[18e]">&gt;&gt;</a>&nbsp;&nbsp;&nbsp;HAL_GPIO_EXTI_Callback
</UL>

<P><STRONG><a name="[164]"></a>BMI088_read_muli_reg(unsigned char, unsigned char*, unsigned char)</STRONG> (Thumb, 36 bytes, Stack size 16 bytes, bmi088.o(i._Z20BMI088_read_muli_reghPhh))
<BR><BR>[Stack]<UL><LI>Max Depth = 120<LI>Call Chain = BMI088_read_muli_reg(unsigned char, unsigned char*, unsigned char) &rArr; BMI088_read_write_byte &rArr; HAL_SPI_TransmitReceive &rArr; SPI_WaitOnFlagUntilTimeout
</UL>
<BR>[Calls]<UL><LI><a href="#[16b]">&gt;&gt;</a>&nbsp;&nbsp;&nbsp;BMI088_read_write_byte
</UL>
<BR>[Called By]<UL><LI><a href="#[160]">&gt;&gt;</a>&nbsp;&nbsp;&nbsp;BMI088_init
<LI><a href="#[163]">&gt;&gt;</a>&nbsp;&nbsp;&nbsp;BMI088_accel_read_muli_reg(unsigned char, unsigned char*, unsigned char)
</UL>

<P><STRONG><a name="[215]"></a>BMI088_write_single_reg(unsigned char, unsigned char)</STRONG> (Thumb, 18 bytes, Stack size 8 bytes, bmi088.o(i._Z23BMI088_write_single_reghh))
<BR><BR>[Stack]<UL><LI>Max Depth = 112<LI>Call Chain = BMI088_write_single_reg(unsigned char, unsigned char) &rArr; BMI088_read_write_byte &rArr; HAL_SPI_TransmitReceive &rArr; SPI_WaitOnFlagUntilTimeout
</UL>
<BR>[Calls]<UL><LI><a href="#[16b]">&gt;&gt;</a>&nbsp;&nbsp;&nbsp;BMI088_read_write_byte
</UL>
<BR>[Called By]<UL><LI><a href="#[22a]">&gt;&gt;</a>&nbsp;&nbsp;&nbsp;BMI088_accel_write_single_reg(unsigned char, unsigned char)
<LI><a href="#[229]">&gt;&gt;</a>&nbsp;&nbsp;&nbsp;BMI088_gyro_write_single_reg(unsigned char, unsigned char)
</UL>

<P><STRONG><a name="[163]"></a>BMI088_accel_read_muli_reg(unsigned char, unsigned char*, unsigned char)</STRONG> (Thumb, 38 bytes, Stack size 16 bytes, bmi088.o(i._Z26BMI088_accel_read_muli_reghPhh))
<BR><BR>[Stack]<UL><LI>Max Depth = 136<LI>Call Chain = BMI088_accel_read_muli_reg(unsigned char, unsigned char*, unsigned char) &rArr; BMI088_read_muli_reg(unsigned char, unsigned char*, unsigned char) &rArr; BMI088_read_write_byte &rArr; HAL_SPI_TransmitReceive &rArr; SPI_WaitOnFlagUntilTimeout
</UL>
<BR>[Calls]<UL><LI><a href="#[164]">&gt;&gt;</a>&nbsp;&nbsp;&nbsp;BMI088_read_muli_reg(unsigned char, unsigned char*, unsigned char)
<LI><a href="#[16b]">&gt;&gt;</a>&nbsp;&nbsp;&nbsp;BMI088_read_write_byte
<LI><a href="#[15d]">&gt;&gt;</a>&nbsp;&nbsp;&nbsp;BMI088_ACCEL_NS_L
<LI><a href="#[15b]">&gt;&gt;</a>&nbsp;&nbsp;&nbsp;BMI088_ACCEL_NS_H
</UL>
<BR>[Called By]<UL><LI><a href="#[160]">&gt;&gt;</a>&nbsp;&nbsp;&nbsp;BMI088_init
</UL>

<P><STRONG><a name="[224]"></a>BMI088_gyro_read_single_reg(unsigned char, unsigned char*)</STRONG> (Thumb, 34 bytes, Stack size 16 bytes, bmi088.o(i._Z27BMI088_gyro_read_single_reghPh))
<BR><BR>[Stack]<UL><LI>Max Depth = 120<LI>Call Chain = BMI088_gyro_read_single_reg(unsigned char, unsigned char*) &rArr; BMI088_read_write_byte &rArr; HAL_SPI_TransmitReceive &rArr; SPI_WaitOnFlagUntilTimeout
</UL>
<BR>[Calls]<UL><LI><a href="#[16b]">&gt;&gt;</a>&nbsp;&nbsp;&nbsp;BMI088_read_write_byte
<LI><a href="#[15f]">&gt;&gt;</a>&nbsp;&nbsp;&nbsp;BMI088_GYRO_NS_L
<LI><a href="#[15e]">&gt;&gt;</a>&nbsp;&nbsp;&nbsp;BMI088_GYRO_NS_H
</UL>
<BR>[Called By]<UL><LI><a href="#[162]">&gt;&gt;</a>&nbsp;&nbsp;&nbsp;bmi088_gyro_init
</UL>

<P><STRONG><a name="[228]"></a>BMI088_accel_read_single_reg(unsigned char, unsigned char*)</STRONG> (Thumb, 40 bytes, Stack size 16 bytes, bmi088.o(i._Z28BMI088_accel_read_single_reghPh))
<BR><BR>[Stack]<UL><LI>Max Depth = 120<LI>Call Chain = BMI088_accel_read_single_reg(unsigned char, unsigned char*) &rArr; BMI088_read_write_byte &rArr; HAL_SPI_TransmitReceive &rArr; SPI_WaitOnFlagUntilTimeout
</UL>
<BR>[Calls]<UL><LI><a href="#[16b]">&gt;&gt;</a>&nbsp;&nbsp;&nbsp;BMI088_read_write_byte
<LI><a href="#[15d]">&gt;&gt;</a>&nbsp;&nbsp;&nbsp;BMI088_ACCEL_NS_L
<LI><a href="#[15b]">&gt;&gt;</a>&nbsp;&nbsp;&nbsp;BMI088_ACCEL_NS_H
</UL>
<BR>[Called By]<UL><LI><a href="#[161]">&gt;&gt;</a>&nbsp;&nbsp;&nbsp;bmi088_accel_init
</UL>

<P><STRONG><a name="[229]"></a>BMI088_gyro_write_single_reg(unsigned char, unsigned char)</STRONG> (Thumb, 26 bytes, Stack size 16 bytes, bmi088.o(i._Z28BMI088_gyro_write_single_reghh))
<BR><BR>[Stack]<UL><LI>Max Depth = 128<LI>Call Chain = BMI088_gyro_write_single_reg(unsigned char, unsigned char) &rArr; BMI088_write_single_reg(unsigned char, unsigned char) &rArr; BMI088_read_write_byte &rArr; HAL_SPI_TransmitReceive &rArr; SPI_WaitOnFlagUntilTimeout
</UL>
<BR>[Calls]<UL><LI><a href="#[215]">&gt;&gt;</a>&nbsp;&nbsp;&nbsp;BMI088_write_single_reg(unsigned char, unsigned char)
<LI><a href="#[15f]">&gt;&gt;</a>&nbsp;&nbsp;&nbsp;BMI088_GYRO_NS_L
<LI><a href="#[15e]">&gt;&gt;</a>&nbsp;&nbsp;&nbsp;BMI088_GYRO_NS_H
</UL>
<BR>[Called By]<UL><LI><a href="#[162]">&gt;&gt;</a>&nbsp;&nbsp;&nbsp;bmi088_gyro_init
</UL>

<P><STRONG><a name="[22a]"></a>BMI088_accel_write_single_reg(unsigned char, unsigned char)</STRONG> (Thumb, 26 bytes, Stack size 16 bytes, bmi088.o(i._Z29BMI088_accel_write_single_reghh))
<BR><BR>[Stack]<UL><LI>Max Depth = 128<LI>Call Chain = BMI088_accel_write_single_reg(unsigned char, unsigned char) &rArr; BMI088_write_single_reg(unsigned char, unsigned char) &rArr; BMI088_read_write_byte &rArr; HAL_SPI_TransmitReceive &rArr; SPI_WaitOnFlagUntilTimeout
</UL>
<BR>[Calls]<UL><LI><a href="#[215]">&gt;&gt;</a>&nbsp;&nbsp;&nbsp;BMI088_write_single_reg(unsigned char, unsigned char)
<LI><a href="#[15d]">&gt;&gt;</a>&nbsp;&nbsp;&nbsp;BMI088_ACCEL_NS_L
<LI><a href="#[15b]">&gt;&gt;</a>&nbsp;&nbsp;&nbsp;BMI088_ACCEL_NS_H
</UL>
<BR>[Called By]<UL><LI><a href="#[161]">&gt;&gt;</a>&nbsp;&nbsp;&nbsp;bmi088_accel_init
</UL>

<P><STRONG><a name="[11e]"></a>__sti___19_car_arm_control_cpp_97ca16f7</STRONG> (Thumb, 150 bytes, Stack size 8 bytes, car_arm_control.o(i.__sti___19_car_arm_control_cpp_97ca16f7))
<BR><BR>[Stack]<UL><LI>Max Depth = 96 + Unknown Stack Size
<LI>Call Chain = __sti___19_car_arm_control_cpp_97ca16f7 &rArr; Arm_calculate_basis::Arm_calculate_basis() &rArr; matrix_math::operator =(const matrix_math&) &rArr; operator new[] (unsigned) &rArr; operator new(unsigned) &rArr; malloc &rArr; __Heap_Full &rArr; __Heap_ProvideMemory &rArr; free
</UL>
<BR>[Calls]<UL><LI><a href="#[22f]">&gt;&gt;</a>&nbsp;&nbsp;&nbsp;matrix_math::matrix_math(unsigned char, unsigned char)
<LI><a href="#[137]">&gt;&gt;</a>&nbsp;&nbsp;&nbsp;__aeabi_atexit
<LI><a href="#[258]">&gt;&gt;</a>&nbsp;&nbsp;&nbsp;Arm_calculate_basis::Arm_calculate_basis()
</UL>
<BR>[Address Reference Count : 1]<UL><LI> car_arm_control.o(.init_array)
</UL>
<P><STRONG><a name="[11f]"></a>__sti___16_Init_car_arm_cpp_f49a0e2e</STRONG> (Thumb, 172 bytes, Stack size 16 bytes, init_car_arm.o(i.__sti___16_Init_car_arm_cpp_f49a0e2e))
<BR><BR>[Stack]<UL><LI>Max Depth = 88<LI>Call Chain = __sti___16_Init_car_arm_cpp_f49a0e2e &rArr; __aeabi_atexit &rArr; malloc &rArr; __Heap_Full &rArr; __Heap_ProvideMemory &rArr; free
</UL>
<BR>[Calls]<UL><LI><a href="#[137]">&gt;&gt;</a>&nbsp;&nbsp;&nbsp;__aeabi_atexit
<LI><a href="#[26c]">&gt;&gt;</a>&nbsp;&nbsp;&nbsp;IFR_FDCAN_ClassDef::IFR_FDCAN_ClassDef()
<LI><a href="#[245]">&gt;&gt;</a>&nbsp;&nbsp;&nbsp;IFR_RS_Pos_Motor::IFR_RS_Pos_Motor(float(*)(float), unsigned char, RS_Motor_type, CanMsgQueue*)
<LI><a href="#[244]">&gt;&gt;</a>&nbsp;&nbsp;&nbsp;IFR_DM_Pos_Motor::IFR_DM_Pos_Motor(unsigned char, DM_Motor_Type, CanMsgQueue*)
<LI><a href="#[26b]">&gt;&gt;</a>&nbsp;&nbsp;&nbsp;CanMsgQueue::CanMsgQueue()
</UL>
<BR>[Address Reference Count : 1]<UL><LI> init_car_arm.o(.init_array)
</UL>
<P><STRONG><a name="[b3]"></a>[local to arm_exceptions_c]::__default_terminate_handler()</STRONG> (Thumb, 6 bytes, Stack size 8 bytes, arm_exceptions_globs.o(.text))
<BR><BR>[Stack]<UL><LI>Max Depth = 56 + Unknown Stack Size
<LI>Call Chain = [local to arm_exceptions_c]::__default_terminate_handler() &rArr; abort &rArr; __rt_SIGABRT &rArr; __rt_SIGABRT_inner &rArr; __default_signal_display &rArr; _ttywrch
</UL>
<BR>[Calls]<UL><LI><a href="#[14d]">&gt;&gt;</a>&nbsp;&nbsp;&nbsp;abort
</UL>
<BR>[Address Reference Count : 1]<UL><LI> arm_exceptions_globs.o(.text)
</UL><P>
<H3>
Undefined Global Symbols
</H3><HR></body></html>
