<html>
<body>
<pre>
<h1>µVision Build Log</h1>
<h2>Tool Versions:</h2>
IDE-Version: ¦ÌVision V5.29.0.0
Copyright (C) 2019 ARM Ltd and ARM Germany GmbH. All rights reserved.
License Information: fangsitafu li, li, LIC=FYKYW-QT5XP-9U44U-SKP3G-4NU04-CGASF
 
Tool Versions:
Toolchain:       MDK-ARM Plus  Version: 5.29.0.0
Toolchain Path:  C:\Keil_v5\ARM\ARMCC\Bin
C Compiler:      Armcc.exe V5.06 update 6 (build 750)
Assembler:       Armasm.exe V5.06 update 6 (build 750)
Linker/Locator:  ArmLink.exe V5.06 update 6 (build 750)
Library Manager: ArmAr.exe V5.06 update 6 (build 750)
Hex Converter:   FromElf.exe V5.06 update 6 (build 750)
CPU DLL:         SARMCM3.DLL V5.29.0.0
Dialog DLL:      DCM.DLL V1.17.3.0
Target DLL:      CMSIS_AGDI.dll V1.32.0.0
Dialog DLL:      TCM.DLL V1.36.5.0
 
<h2>Project:</h2>
C:\E\fangsitafu\Engineering_machinery\Finish_Version\old_enginee_car _finish\MDK-ARM\enginee_basis.uvprojx
Project File Date:  09/08/2026

<h2>Output:</h2>
*** Using Compiler 'V5.06 update 6 (build 750)', folder: 'C:\Keil_v5\ARM\ARMCC\Bin'
Build target 'enginee_basis'
compiling car_basis_control.cpp...
../other_core/state_machine/Self_state_machine.h(101): warning:  #1-D: last line of file ends without a newline
  #endif // SETUP_AND_DETECTION_FUNCTION_FLAG_H
../other_core/Math/Math_calculate.h(51): warning:  #1-D: last line of file ends without a newline
  #endif // MATH_CALCULATE_H
../other_core/Math/matrix_math.h(85): warning:  #1-D: last line of file ends without a newline
  #endif // MATRIX_MATH_H
../other_core/Math/Transition_type.h(10): warning:  #47-D: incompatible redefinition of macro "PI"  (declared at line 10 of "../other_core/Math/Math_calculate.h")
  #define PI       3.1415926f
../engine_car/overall_car_control/Receive_remote_ifr.h(156): warning:  #1-D: last line of file ends without a newline
  #endif // RECEIVE_REMOTE_IFR_H
../other_core/self_codebase_include.h(29): warning:  #1-D: last line of file ends without a newline
  #endif // SELF_CODEBASE_INCLUDE_H
..\engine_car\car_basis\car_basis_control.h(64): warning:  #1-D: last line of file ends without a newline
  #endif // CAR_BASIS_CONTROL_H
..\engine_car\car_basis\car_basis_control.cpp: 7 warnings, 0 errors
compiling main.c...
../other_core/state_machine/Self_state_machine.h(101): warning:  #1-D: last line of file ends without a newline
  #endif // SETUP_AND_DETECTION_FUNCTION_FLAG_H
../other_core/Math/Math_calculate.h(51): warning:  #1-D: last line of file ends without a newline
  #endif // MATH_CALCULATE_H
../other_core/Math/matrix_math.h(85): warning:  #1-D: last line of file ends without a newline
  #endif // MATRIX_MATH_H
../other_core/Math/Transition_type.h(10): warning:  #47-D: incompatible redefinition of macro "PI"  (declared at line 10 of "../other_core/Math/Math_calculate.h")
  #define PI       3.1415926f
../engine_car/overall_car_control/Receive_remote_ifr.h(156): warning:  #1-D: last line of file ends without a newline
  #endif // RECEIVE_REMOTE_IFR_H
../other_core/self_codebase_include.h(29): warning:  #1-D: last line of file ends without a newline
  #endif // SELF_CODEBASE_INCLUDE_H
../engine_car/car_basis/car_basis_control.h(64): warning:  #1-D: last line of file ends without a newline
  #endif // CAR_BASIS_CONTROL_H
../engine_car/car_arm/Init_car_arm.h(38): warning:  #1-D: last line of file ends without a newline
  #endif // __INIT_CAR_ARM_H
../engine_car/overall_car_control/Init_engine_car.h(61): warning:  #1-D: last line of file ends without a newline
  #endif // INIT_ENGINE_CAR_H
../Core/Src/main.c: 9 warnings, 0 errors
compiling Init_engine_car.cpp...
../other_core/state_machine/Self_state_machine.h(101): warning:  #1-D: last line of file ends without a newline
  #endif // SETUP_AND_DETECTION_FUNCTION_FLAG_H
../other_core/Math/Math_calculate.h(51): warning:  #1-D: last line of file ends without a newline
  #endif // MATH_CALCULATE_H
../other_core/Math/matrix_math.h(85): warning:  #1-D: last line of file ends without a newline
  #endif // MATRIX_MATH_H
../other_core/Math/Transition_type.h(10): warning:  #47-D: incompatible redefinition of macro "PI"  (declared at line 10 of "../other_core/Math/Math_calculate.h")
  #define PI       3.1415926f
../engine_car/overall_car_control/Receive_remote_ifr.h(156): warning:  #1-D: last line of file ends without a newline
  #endif // RECEIVE_REMOTE_IFR_H
../other_core/self_codebase_include.h(29): warning:  #1-D: last line of file ends without a newline
  #endif // SELF_CODEBASE_INCLUDE_H
../engine_car/car_basis/car_basis_control.h(64): warning:  #1-D: last line of file ends without a newline
  #endif // CAR_BASIS_CONTROL_H
../engine_car/car_arm/Init_car_arm.h(38): warning:  #1-D: last line of file ends without a newline
  #endif // __INIT_CAR_ARM_H
..\engine_car\overall_car_control\Init_engine_car.h(61): warning:  #1-D: last line of file ends without a newline
  #endif // INIT_ENGINE_CAR_H
..\engine_car\overall_car_control\Init_engine_car.cpp(288): warning:  #940-D: missing return statement at end of non-void function "ZONE" 
  }
..\engine_car\overall_car_control\Init_engine_car.cpp(547): warning:  #1035-D: single-precision operand implicitly converted to double-precision
      Custom_motor_target_Angle[0] += remote_data_->Chx_Left  * 0.002;
..\engine_car\overall_car_control\Init_engine_car.cpp(548): warning:  #1035-D: single-precision operand implicitly converted to double-precision
  	Custom_motor_target_Angle[1] += remote_data_->Chy_Left  * 0.002;
..\engine_car\overall_car_control\Init_engine_car.cpp(549): warning:  #1035-D: single-precision operand implicitly converted to double-precision
  	Custom_motor_target_Angle[2] += remote_data_->Chy_Right * 0.002;
..\engine_car\overall_car_control\Init_engine_car.cpp(550): warning:  #1035-D: single-precision operand implicitly converted to double-precision
  	Custom_motor_target_Angle[3] += remote_data_->Chx_Right * 0.002;
..\engine_car\overall_car_control\Init_engine_car.cpp(551): warning:  #1035-D: single-precision operand implicitly converted to double-precision
  	Custom_motor_target_Angle[4] += (remote_data_->Chz_Left - 1024)  * 0.00001;
..\engine_car\overall_car_control\Init_engine_car.cpp: 15 warnings, 0 errors
linking...
Program Size: Code=57468 RO-data=2052 RW-data=724 ZI-data=15556  
FromELF: creating hex file...
"enginee_basis\enginee_basis.axf" - 0 Error(s), 31 Warning(s).

<h2>Software Packages used:</h2>

Package Vendor: ARM
                http://www.keil.com/pack/ARM.CMSIS.5.7.0.pack
                ARM.CMSIS.5.7.0
                CMSIS (Cortex Microcontroller Software Interface Standard)
   * Component: CORE Version: 5.4.0

Package Vendor: Keil
                https://www.keil.com/pack/Keil.STM32H7xx_DFP.4.1.3.pack
                Keil.STM32H7xx_DFP.4.1.3
                STMicroelectronics STM32H7 Series Device Support

<h2>Collection of Component include folders:</h2>
  .\RTE\_enginee_basis
  C:\Users\28707\AppData\Local\Arm\Packs\ARM\CMSIS\5.7.0\CMSIS\Core\Include

<h2>Collection of Component Files used:</h2>

   * Component: ARM::CMSIS:CORE:5.4.0
      Include file:  CMSIS\Core\Include\tz_context.h
Build Time Elapsed:  00:00:06
</pre>
</body>
</html>
